
SdRamMain.o:     file format elf32-littlearm


Disassembly of section .text.get_ticks:

00000000 <get_ticks>:
   0:	4b07      	ldr	r3, [pc, #28]	; (20 <get_ticks+0x20>)
   2:	6858      	ldr	r0, [r3, #4]
   4:	f3bf 8f5f 	dmb	sy
   8:	4906      	ldr	r1, [pc, #24]	; (24 <get_ticks+0x24>)
   a:	680b      	ldr	r3, [r1, #0]
   c:	6008      	str	r0, [r1, #0]
   e:	4283      	cmp	r3, r0
  10:	4b05      	ldr	r3, [pc, #20]	; (28 <get_ticks+0x28>)
  12:	bf3e      	ittt	cc
  14:	681a      	ldrcc	r2, [r3, #0]
  16:	f102 32ff 	addcc.w	r2, r2, #4294967295
  1a:	601a      	strcc	r2, [r3, #0]
  1c:	6819      	ldr	r1, [r3, #0]
  1e:	4770      	bx	lr
  20:	ffd00000 	.word	0xffd00000
	...

Disassembly of section .text.putc:

00000000 <putc>:
   0:	4b02      	ldr	r3, [pc, #8]	; (c <putc+0xc>)
   2:	695a      	ldr	r2, [r3, #20]
   4:	0692      	lsls	r2, r2, #26
   6:	d5fc      	bpl.n	2 <putc+0x2>
   8:	6018      	str	r0, [r3, #0]
   a:	4770      	bx	lr
   c:	ffc02000 	.word	0xffc02000

Disassembly of section .text.PutNible:

00000000 <PutNible>:
   0:	4603      	mov	r3, r0
   2:	3030      	adds	r0, #48	; 0x30
   4:	b2c0      	uxtb	r0, r0
   6:	2839      	cmp	r0, #57	; 0x39
   8:	bf84      	itt	hi
   a:	3337      	addhi	r3, #55	; 0x37
   c:	b2d8      	uxtbhi	r0, r3
   e:	f7ff bffe 	b.w	0 <PutNible>

Disassembly of section .text.PutByte:

00000000 <PutByte>:
   0:	b508      	push	{r3, lr}
   2:	4601      	mov	r1, r0
   4:	0900      	lsrs	r0, r0, #4
   6:	f7ff fffe 	bl	0 <PutByte>
   a:	f001 000f 	and.w	r0, r1, #15
   e:	e8bd 4008 	ldmia.w	sp!, {r3, lr}
  12:	f7ff bffe 	b.w	0 <PutByte>

Disassembly of section .text.putHexa32:

00000000 <putHexa32>:
   0:	b510      	push	{r4, lr}
   2:	4604      	mov	r4, r0
   4:	2030      	movs	r0, #48	; 0x30
   6:	f7ff fffe 	bl	0 <putHexa32>
   a:	2078      	movs	r0, #120	; 0x78
   c:	f7ff fffe 	bl	0 <putHexa32>
  10:	0e20      	lsrs	r0, r4, #24
  12:	f7ff fffe 	bl	0 <putHexa32>
  16:	f3c4 4007 	ubfx	r0, r4, #16, #8
  1a:	f7ff fffe 	bl	0 <putHexa32>
  1e:	f3c4 2007 	ubfx	r0, r4, #8, #8
  22:	f7ff fffe 	bl	0 <putHexa32>
  26:	b2e0      	uxtb	r0, r4
  28:	e8bd 4010 	ldmia.w	sp!, {r4, lr}
  2c:	f7ff bffe 	b.w	0 <putHexa32>

Disassembly of section .text.putHexa64:

00000000 <putHexa64>:
   0:	b538      	push	{r3, r4, r5, lr}
   2:	4604      	mov	r4, r0
   4:	2030      	movs	r0, #48	; 0x30
   6:	460d      	mov	r5, r1
   8:	f7ff fffe 	bl	0 <putHexa64>
   c:	2078      	movs	r0, #120	; 0x78
   e:	f7ff fffe 	bl	0 <putHexa64>
  12:	0e08      	lsrs	r0, r1, #24
  14:	f7ff fffe 	bl	0 <putHexa64>
  18:	f3c5 4007 	ubfx	r0, r5, #16, #8
  1c:	f7ff fffe 	bl	0 <putHexa64>
  20:	f3c5 2007 	ubfx	r0, r5, #8, #8
  24:	f7ff fffe 	bl	0 <putHexa64>
  28:	b2e8      	uxtb	r0, r5
  2a:	f7ff fffe 	bl	0 <putHexa64>
  2e:	0e20      	lsrs	r0, r4, #24
  30:	f7ff fffe 	bl	0 <putHexa64>
  34:	f3c4 4007 	ubfx	r0, r4, #16, #8
  38:	f7ff fffe 	bl	0 <putHexa64>
  3c:	f3c4 2007 	ubfx	r0, r4, #8, #8
  40:	f7ff fffe 	bl	0 <putHexa64>
  44:	b2e0      	uxtb	r0, r4
  46:	e8bd 4038 	ldmia.w	sp!, {r3, r4, r5, lr}
  4a:	f7ff bffe 	b.w	0 <putHexa64>

Disassembly of section .text.puts:

00000000 <puts>:
   0:	1e41      	subs	r1, r0, #1
   2:	b508      	push	{r3, lr}
   4:	f811 0f01 	ldrb.w	r0, [r1, #1]!
   8:	b900      	cbnz	r0, c <puts+0xc>
   a:	bd08      	pop	{r3, pc}
   c:	f7ff fffe 	bl	0 <puts>
  10:	e7f8      	b.n	4 <puts+0x4>

Disassembly of section .text.Cpu1Code:

00000000 <Cpu1Code>:
   0:	b510      	push	{r4, lr}
   2:	f7ff fffe 	bl	0 <get_current_cpu_num>
   6:	4604      	mov	r4, r0
   8:	480a      	ldr	r0, [pc, #40]	; (34 <Cpu1Code+0x34>)
   a:	f7ff fffe 	bl	0 <Cpu1Code>
   e:	b2e0      	uxtb	r0, r4
  10:	f7ff fffe 	bl	0 <Cpu1Code>
  14:	4808      	ldr	r0, [pc, #32]	; (38 <Cpu1Code+0x38>)
  16:	f7ff fffe 	bl	0 <Cpu1Code>
  1a:	2c01      	cmp	r4, #1
  1c:	d102      	bne.n	24 <Cpu1Code+0x24>
  1e:	4807      	ldr	r0, [pc, #28]	; (3c <Cpu1Code+0x3c>)
  20:	f7ff fffe 	bl	0 <Cpu1Code>
  24:	4a06      	ldr	r2, [pc, #24]	; (40 <Cpu1Code+0x40>)
  26:	4907      	ldr	r1, [pc, #28]	; (44 <Cpu1Code+0x44>)
  28:	2300      	movs	r3, #0
  2a:	6013      	str	r3, [r2, #0]
  2c:	3302      	adds	r3, #2
  2e:	428b      	cmp	r3, r1
  30:	d1fb      	bne.n	2a <Cpu1Code+0x2a>
  32:	e7f9      	b.n	28 <Cpu1Code+0x28>
  34:	00000000 	.word	0x00000000
  38:	00000017 	.word	0x00000017
  3c:	0000001a 	.word	0x0000001a
  40:	00000000 	.word	0x00000000
  44:	001e8480 	.word	0x001e8480

Disassembly of section .text.HexDump:

00000000 <HexDump>:
   0:	e92d 4df3 	stmdb	sp!, {r0, r1, r4, r5, r6, r7, r8, sl, fp, lr}
   4:	4607      	mov	r7, r0
   6:	f8df 808c 	ldr.w	r8, [pc, #140]	; 94 <HexDump+0x94>
   a:	f8df a08c 	ldr.w	sl, [pc, #140]	; 98 <HexDump+0x98>
   e:	460e      	mov	r6, r1
  10:	f04f 0b00 	mov.w	fp, #0
  14:	45b3      	cmp	fp, r6
  16:	d302      	bcc.n	1e <HexDump+0x1e>
  18:	b002      	add	sp, #8
  1a:	e8bd 8df0 	ldmia.w	sp!, {r4, r5, r6, r7, r8, sl, fp, pc}
  1e:	eb07 000b 	add.w	r0, r7, fp
  22:	4d1e      	ldr	r5, [pc, #120]	; (9c <HexDump+0x9c>)
  24:	f7ff fffe 	bl	0 <HexDump>
  28:	4640      	mov	r0, r8
  2a:	f7ff fffe 	bl	0 <HexDump>
  2e:	2200      	movs	r2, #0
  30:	4629      	mov	r1, r5
  32:	4610      	mov	r0, r2
  34:	3201      	adds	r2, #1
  36:	f801 0b01 	strb.w	r0, [r1], #1
  3a:	2a14      	cmp	r2, #20
  3c:	d1fa      	bne.n	34 <HexDump+0x34>
  3e:	465c      	mov	r4, fp
  40:	42b4      	cmp	r4, r6
  42:	d81f      	bhi.n	84 <HexDump+0x84>
  44:	5d3a      	ldrb	r2, [r7, r4]
  46:	9201      	str	r2, [sp, #4]
  48:	4610      	mov	r0, r2
  4a:	f7ff fffe 	bl	0 <HexDump>
  4e:	2020      	movs	r0, #32
  50:	f7ff fffe 	bl	0 <HexDump>
  54:	9a01      	ldr	r2, [sp, #4]
  56:	f1a2 0120 	sub.w	r1, r2, #32
  5a:	295a      	cmp	r1, #90	; 0x5a
  5c:	bf88      	it	hi
  5e:	222e      	movhi	r2, #46	; 0x2e
  60:	702a      	strb	r2, [r5, #0]
  62:	3401      	adds	r4, #1
  64:	f10b 0210 	add.w	r2, fp, #16
  68:	3501      	adds	r5, #1
  6a:	4294      	cmp	r4, r2
  6c:	d1e8      	bne.n	40 <HexDump+0x40>
  6e:	480c      	ldr	r0, [pc, #48]	; (a0 <HexDump+0xa0>)
  70:	46a3      	mov	fp, r4
  72:	f7ff fffe 	bl	0 <HexDump>
  76:	4809      	ldr	r0, [pc, #36]	; (9c <HexDump+0x9c>)
  78:	f7ff fffe 	bl	0 <HexDump>
  7c:	4809      	ldr	r0, [pc, #36]	; (a4 <HexDump+0xa4>)
  7e:	f7ff fffe 	bl	0 <HexDump>
  82:	e7c7      	b.n	14 <HexDump+0x14>
  84:	4650      	mov	r0, sl
  86:	f7ff fffe 	bl	0 <HexDump>
  8a:	f04f 0320 	mov.w	r3, #32
  8e:	702b      	strb	r3, [r5, #0]
  90:	e7e7      	b.n	62 <HexDump+0x62>
  92:	bf00      	nop
  94:	00000000 	.word	0x00000000
  98:	00000004 	.word	0x00000004
  9c:	00000000 	.word	0x00000000
  a0:	00000008 	.word	0x00000008
  a4:	0000000b 	.word	0x0000000b

Disassembly of section .text.SdRamMain:

00000000 <SdRamMain>:
   0:	e92d 45f8 	stmdb	sp!, {r3, r4, r5, r6, r7, r8, sl, lr}
   4:	f3bf 8f5f 	dmb	sy
   8:	4a53      	ldr	r2, [pc, #332]	; (158 <SdRamMain+0x158>)
   a:	f04f 33ff 	mov.w	r3, #4294967295
   e:	6013      	str	r3, [r2, #0]
  10:	f3bf 8f5f 	dmb	sy
  14:	6053      	str	r3, [r2, #4]
  16:	6891      	ldr	r1, [r2, #8]
  18:	f3bf 8f5f 	dmb	sy
  1c:	f041 0103 	orr.w	r1, r1, #3
  20:	f3bf 8f5f 	dmb	sy
  24:	6091      	str	r1, [r2, #8]
  26:	4a4d      	ldr	r2, [pc, #308]	; (15c <SdRamMain+0x15c>)
  28:	484d      	ldr	r0, [pc, #308]	; (160 <SdRamMain+0x160>)
  2a:	6013      	str	r3, [r2, #0]
  2c:	4a4d      	ldr	r2, [pc, #308]	; (164 <SdRamMain+0x164>)
  2e:	6013      	str	r3, [r2, #0]
  30:	f7ff fffe 	bl	0 <SdRamMain>
  34:	484c      	ldr	r0, [pc, #304]	; (168 <SdRamMain+0x168>)
  36:	f7ff fffe 	bl	0 <SdRamMain>
  3a:	484c      	ldr	r0, [pc, #304]	; (16c <SdRamMain+0x16c>)
  3c:	f7ff fffe 	bl	0 <SdRamMain>
  40:	484b      	ldr	r0, [pc, #300]	; (170 <SdRamMain+0x170>)
  42:	f7ff fffe 	bl	0 <SdRamMain>
  46:	484b      	ldr	r0, [pc, #300]	; (174 <SdRamMain+0x174>)
  48:	f7ff fffe 	bl	0 <SdRamMain>
  4c:	484a      	ldr	r0, [pc, #296]	; (178 <SdRamMain+0x178>)
  4e:	f7ff fffe 	bl	0 <SdRamMain>
  52:	484a      	ldr	r0, [pc, #296]	; (17c <SdRamMain+0x17c>)
  54:	f7ff fffe 	bl	0 <SdRamMain>
  58:	4849      	ldr	r0, [pc, #292]	; (180 <SdRamMain+0x180>)
  5a:	f7ff fffe 	bl	0 <SdRamMain>
  5e:	4849      	ldr	r0, [pc, #292]	; (184 <SdRamMain+0x184>)
  60:	f7ff fffe 	bl	0 <SdRamMain>
  64:	4848      	ldr	r0, [pc, #288]	; (188 <SdRamMain+0x188>)
  66:	f7ff fffe 	bl	0 <SdRamMain>
  6a:	4848      	ldr	r0, [pc, #288]	; (18c <SdRamMain+0x18c>)
  6c:	f7ff fffe 	bl	0 <SdRamMain>
  70:	4847      	ldr	r0, [pc, #284]	; (190 <SdRamMain+0x190>)
  72:	f7ff fffe 	bl	0 <SdRamMain>
  76:	4847      	ldr	r0, [pc, #284]	; (194 <SdRamMain+0x194>)
  78:	f7ff fffe 	bl	0 <SdRamMain>
  7c:	4846      	ldr	r0, [pc, #280]	; (198 <SdRamMain+0x198>)
  7e:	f7ff fffe 	bl	0 <SdRamMain>
  82:	4846      	ldr	r0, [pc, #280]	; (19c <SdRamMain+0x19c>)
  84:	f7ff fffe 	bl	0 <SdRamMain>
  88:	4845      	ldr	r0, [pc, #276]	; (1a0 <SdRamMain+0x1a0>)
  8a:	f7ff fffe 	bl	0 <SdRamMain>
  8e:	4845      	ldr	r0, [pc, #276]	; (1a4 <SdRamMain+0x1a4>)
  90:	f7ff fffe 	bl	0 <SdRamMain>
  94:	4844      	ldr	r0, [pc, #272]	; (1a8 <SdRamMain+0x1a8>)
  96:	f7ff fffe 	bl	0 <SdRamMain>
  9a:	4844      	ldr	r0, [pc, #272]	; (1ac <SdRamMain+0x1ac>)
  9c:	f7ff fffe 	bl	0 <SdRamMain>
  a0:	4843      	ldr	r0, [pc, #268]	; (1b0 <SdRamMain+0x1b0>)
  a2:	f7ff fffe 	bl	0 <SdRamMain>
  a6:	4843      	ldr	r0, [pc, #268]	; (1b4 <SdRamMain+0x1b4>)
  a8:	f7ff fffe 	bl	0 <SdRamMain>
  ac:	4842      	ldr	r0, [pc, #264]	; (1b8 <SdRamMain+0x1b8>)
  ae:	f7ff fffe 	bl	0 <SdRamMain>
  b2:	4842      	ldr	r0, [pc, #264]	; (1bc <SdRamMain+0x1bc>)
  b4:	f7ff fffe 	bl	0 <SdRamMain>
  b8:	4841      	ldr	r0, [pc, #260]	; (1c0 <SdRamMain+0x1c0>)
  ba:	f7ff fffe 	bl	0 <SdRamMain>
  be:	4841      	ldr	r0, [pc, #260]	; (1c4 <SdRamMain+0x1c4>)
  c0:	f7ff fffe 	bl	0 <SdRamMain>
  c4:	4840      	ldr	r0, [pc, #256]	; (1c8 <SdRamMain+0x1c8>)
  c6:	f7ff fffe 	bl	0 <SdRamMain>
  ca:	4840      	ldr	r0, [pc, #256]	; (1cc <SdRamMain+0x1cc>)
  cc:	f7ff fffe 	bl	0 <SdRamMain>
  d0:	483f      	ldr	r0, [pc, #252]	; (1d0 <SdRamMain+0x1d0>)
  d2:	f7ff fffe 	bl	0 <SdRamMain>
  d6:	4826      	ldr	r0, [pc, #152]	; (170 <SdRamMain+0x170>)
  d8:	f7ff fffe 	bl	0 <SdRamMain>
  dc:	f7ff fffe 	bl	0 <get_current_cpu_num>
  e0:	4604      	mov	r4, r0
  e2:	483c      	ldr	r0, [pc, #240]	; (1d4 <SdRamMain+0x1d4>)
  e4:	f7ff fffe 	bl	0 <SdRamMain>
  e8:	b2e0      	uxtb	r0, r4
  ea:	f7ff fffe 	bl	0 <SdRamMain>
  ee:	483a      	ldr	r0, [pc, #232]	; (1d8 <SdRamMain+0x1d8>)
  f0:	f7ff fffe 	bl	0 <SdRamMain>
  f4:	b914      	cbnz	r4, fc <SdRamMain+0xfc>
  f6:	4839      	ldr	r0, [pc, #228]	; (1dc <SdRamMain+0x1dc>)
  f8:	f7ff fffe 	bl	0 <SdRamMain>
  fc:	f7ff fffe 	bl	0 <timers_demo_main>
 100:	4837      	ldr	r0, [pc, #220]	; (1e0 <SdRamMain+0x1e0>)
 102:	f7ff fffe 	bl	0 <SdRamMain>
 106:	4b37      	ldr	r3, [pc, #220]	; (1e4 <SdRamMain+0x1e4>)
 108:	4a37      	ldr	r2, [pc, #220]	; (1e8 <SdRamMain+0x1e8>)
 10a:	2400      	movs	r4, #0
 10c:	4f37      	ldr	r7, [pc, #220]	; (1ec <SdRamMain+0x1ec>)
 10e:	4e38      	ldr	r6, [pc, #224]	; (1f0 <SdRamMain+0x1f0>)
 110:	f8c3 40c4 	str.w	r4, [r3, #196]	; 0xc4
 114:	6913      	ldr	r3, [r2, #16]
 116:	f023 0302 	bic.w	r3, r3, #2
 11a:	6113      	str	r3, [r2, #16]
 11c:	f7ff fffe 	bl	0 <SdRamMain>
 120:	4605      	mov	r5, r0
 122:	4688      	mov	r8, r1
 124:	f04f 0a00 	mov.w	sl, #0
 128:	f7ff fffe 	bl	0 <SdRamMain>
 12c:	1a28      	subs	r0, r5, r0
 12e:	eb68 0301 	sbc.w	r3, r8, r1
 132:	4287      	cmp	r7, r0
 134:	eb7a 0303 	sbcs.w	r3, sl, r3
 138:	d2f6      	bcs.n	128 <SdRamMain+0x128>
 13a:	3401      	adds	r4, #1
 13c:	210a      	movs	r1, #10
 13e:	4620      	mov	r0, r4
 140:	f7ff fffe 	bl	0 <__aeabi_idivmod>
 144:	2900      	cmp	r1, #0
 146:	d1e9      	bne.n	11c <SdRamMain+0x11c>
 148:	f7ff fffe 	bl	0 <SdRamMain>
 14c:	f7ff fffe 	bl	0 <SdRamMain>
 150:	4630      	mov	r0, r6
 152:	f7ff fffe 	bl	0 <SdRamMain>
 156:	e7e1      	b.n	11c <SdRamMain+0x11c>
 158:	ffd00000 	.word	0xffd00000
	...
 168:	00000012 	.word	0x00000012
 16c:	00000030 	.word	0x00000030
 170:	0000000b 	.word	0x0000000b
 174:	0000005a 	.word	0x0000005a
 178:	0000008a 	.word	0x0000008a
 17c:	000000bb 	.word	0x000000bb
 180:	000000eb 	.word	0x000000eb
 184:	0000011b 	.word	0x0000011b
 188:	0000014b 	.word	0x0000014b
 18c:	0000017b 	.word	0x0000017b
 190:	000001ab 	.word	0x000001ab
 194:	000001db 	.word	0x000001db
 198:	0000020b 	.word	0x0000020b
 19c:	0000023b 	.word	0x0000023b
 1a0:	0000026b 	.word	0x0000026b
 1a4:	0000029b 	.word	0x0000029b
 1a8:	000002cb 	.word	0x000002cb
 1ac:	000002fb 	.word	0x000002fb
 1b0:	0000032b 	.word	0x0000032b
 1b4:	0000035b 	.word	0x0000035b
 1b8:	0000038b 	.word	0x0000038b
 1bc:	000003bb 	.word	0x000003bb
 1c0:	000003eb 	.word	0x000003eb
 1c4:	0000041b 	.word	0x0000041b
 1c8:	0000044b 	.word	0x0000044b
 1cc:	0000047b 	.word	0x0000047b
 1d0:	000004ab 	.word	0x000004ab
 1d4:	000004db 	.word	0x000004db
 1d8:	00000017 	.word	0x00000017
 1dc:	000004f3 	.word	0x000004f3
 1e0:	00000506 	.word	0x00000506
 1e4:	ffd08000 	.word	0xffd08000
 1e8:	ffd05000 	.word	0xffd05000
 1ec:	004c4b3f 	.word	0x004c4b3f
 1f0:	0000051d 	.word	0x0000051d

Disassembly of section .text.hang:

00000000 <hang>:
   0:	4802      	ldr	r0, [pc, #8]	; (c <hang+0xc>)
   2:	b508      	push	{r3, lr}
   4:	f7ff fffe 	bl	0 <hang>
   8:	e7fe      	b.n	8 <hang+0x8>
   a:	bf00      	nop
   c:	00000000 	.word	0x00000000
