
hwlibs/src/alt_timers.o:     file format elf32-littlearm


Disassembly of section .text.alt_gpt_all_tmr_uninit:

00000000 <alt_gpt_all_tmr_uninit>:
   0:	4a0a      	ldr	r2, [pc, #40]	; (2c <alt_gpt_all_tmr_uninit+0x2c>)
   2:	2000      	movs	r0, #0
   4:	2101      	movs	r1, #1
   6:	6813      	ldr	r3, [r2, #0]
   8:	f443 6370 	orr.w	r3, r3, #3840	; 0xf00
   c:	6013      	str	r3, [r2, #0]
   e:	4a08      	ldr	r2, [pc, #32]	; (30 <alt_gpt_all_tmr_uninit+0x30>)
  10:	6813      	ldr	r3, [r2, #0]
  12:	f023 0305 	bic.w	r3, r3, #5
  16:	6013      	str	r3, [r2, #0]
  18:	4b06      	ldr	r3, [pc, #24]	; (34 <alt_gpt_all_tmr_uninit+0x34>)
  1a:	6018      	str	r0, [r3, #0]
  1c:	60d9      	str	r1, [r3, #12]
  1e:	6813      	ldr	r3, [r2, #0]
  20:	f423 437f 	bic.w	r3, r3, #65280	; 0xff00
  24:	f023 0307 	bic.w	r3, r3, #7
  28:	6013      	str	r3, [r2, #0]
  2a:	4770      	bx	lr
  2c:	ffd05014 	.word	0xffd05014
  30:	fffec608 	.word	0xfffec608
  34:	fffec600 	.word	0xfffec600

Disassembly of section .text.alt_gpt_all_tmr_init:

00000000 <alt_gpt_all_tmr_init>:
   0:	b508      	push	{r3, lr}
   2:	f7ff fffe 	bl	0 <alt_gpt_all_tmr_init>
   6:	2000      	movs	r0, #0
   8:	4a02      	ldr	r2, [pc, #8]	; (14 <alt_gpt_all_tmr_init+0x14>)
   a:	6813      	ldr	r3, [r2, #0]
   c:	f423 6370 	bic.w	r3, r3, #3840	; 0xf00
  10:	6013      	str	r3, [r2, #0]
  12:	bd08      	pop	{r3, pc}
  14:	ffd05014 	.word	0xffd05014

Disassembly of section .text.alt_gpt_tmr_stop:

00000000 <alt_gpt_tmr_stop>:
   0:	b508      	push	{r3, lr}
   2:	b918      	cbnz	r0, c <alt_gpt_tmr_stop+0xc>
   4:	e8bd 4008 	ldmia.w	sp!, {r3, lr}
   8:	f7ff bffe 	b.w	0 <alt_globaltmr_stop>
   c:	2802      	cmp	r0, #2
   e:	d107      	bne.n	20 <alt_gpt_tmr_stop+0x20>
  10:	f7ff fffe 	bl	0 <cpu_wdog_in_gpt_mode>
  14:	b1e8      	cbz	r0, 52 <alt_gpt_tmr_stop+0x52>
  16:	2000      	movs	r0, #0
  18:	e8bd 4008 	ldmia.w	sp!, {r3, lr}
  1c:	f7ff bffe 	b.w	0 <alt_wdog_stop>
  20:	2801      	cmp	r0, #1
  22:	d00e      	beq.n	42 <alt_gpt_tmr_stop+0x42>
  24:	2803      	cmp	r0, #3
  26:	d00e      	beq.n	46 <alt_gpt_tmr_stop+0x46>
  28:	2804      	cmp	r0, #4
  2a:	d00e      	beq.n	4a <alt_gpt_tmr_stop+0x4a>
  2c:	2805      	cmp	r0, #5
  2e:	d00e      	beq.n	4e <alt_gpt_tmr_stop+0x4e>
  30:	2806      	cmp	r0, #6
  32:	d111      	bne.n	58 <alt_gpt_tmr_stop+0x58>
  34:	4b0a      	ldr	r3, [pc, #40]	; (60 <alt_gpt_tmr_stop+0x60>)
  36:	681a      	ldr	r2, [r3, #0]
  38:	2000      	movs	r0, #0
  3a:	f022 0201 	bic.w	r2, r2, #1
  3e:	601a      	str	r2, [r3, #0]
  40:	bd08      	pop	{r3, pc}
  42:	4b08      	ldr	r3, [pc, #32]	; (64 <alt_gpt_tmr_stop+0x64>)
  44:	e7f7      	b.n	36 <alt_gpt_tmr_stop+0x36>
  46:	4b08      	ldr	r3, [pc, #32]	; (68 <alt_gpt_tmr_stop+0x68>)
  48:	e7f5      	b.n	36 <alt_gpt_tmr_stop+0x36>
  4a:	4b08      	ldr	r3, [pc, #32]	; (6c <alt_gpt_tmr_stop+0x6c>)
  4c:	e7f3      	b.n	36 <alt_gpt_tmr_stop+0x36>
  4e:	4b08      	ldr	r3, [pc, #32]	; (70 <alt_gpt_tmr_stop+0x70>)
  50:	e7f1      	b.n	36 <alt_gpt_tmr_stop+0x36>
  52:	f04f 30ff 	mov.w	r0, #4294967295	; 0xffffffff
  56:	bd08      	pop	{r3, pc}
  58:	f06f 0008 	mvn.w	r0, #8
  5c:	bd08      	pop	{r3, pc}
  5e:	bf00      	nop
  60:	ffc09008 	.word	0xffc09008
  64:	fffec608 	.word	0xfffec608
  68:	ffd00008 	.word	0xffd00008
  6c:	ffd01008 	.word	0xffd01008
  70:	ffc08008 	.word	0xffc08008

Disassembly of section .text.alt_gpt_tmr_start:

00000000 <alt_gpt_tmr_start>:
   0:	b508      	push	{r3, lr}
   2:	b918      	cbnz	r0, c <alt_gpt_tmr_start+0xc>
   4:	e8bd 4008 	ldmia.w	sp!, {r3, lr}
   8:	f7ff bffe 	b.w	0 <alt_globaltmr_start>
   c:	2802      	cmp	r0, #2
   e:	d107      	bne.n	20 <alt_gpt_tmr_start+0x20>
  10:	f7ff fffe 	bl	0 <cpu_wdog_in_gpt_mode>
  14:	b1e8      	cbz	r0, 52 <alt_gpt_tmr_start+0x52>
  16:	2000      	movs	r0, #0
  18:	e8bd 4008 	ldmia.w	sp!, {r3, lr}
  1c:	f7ff bffe 	b.w	0 <alt_wdog_start>
  20:	2801      	cmp	r0, #1
  22:	d00e      	beq.n	42 <alt_gpt_tmr_start+0x42>
  24:	2803      	cmp	r0, #3
  26:	d00e      	beq.n	46 <alt_gpt_tmr_start+0x46>
  28:	2804      	cmp	r0, #4
  2a:	d00e      	beq.n	4a <alt_gpt_tmr_start+0x4a>
  2c:	2805      	cmp	r0, #5
  2e:	d00e      	beq.n	4e <alt_gpt_tmr_start+0x4e>
  30:	2806      	cmp	r0, #6
  32:	d111      	bne.n	58 <alt_gpt_tmr_start+0x58>
  34:	4b0a      	ldr	r3, [pc, #40]	; (60 <alt_gpt_tmr_start+0x60>)
  36:	681a      	ldr	r2, [r3, #0]
  38:	2000      	movs	r0, #0
  3a:	f042 0201 	orr.w	r2, r2, #1
  3e:	601a      	str	r2, [r3, #0]
  40:	bd08      	pop	{r3, pc}
  42:	4b08      	ldr	r3, [pc, #32]	; (64 <alt_gpt_tmr_start+0x64>)
  44:	e7f7      	b.n	36 <alt_gpt_tmr_start+0x36>
  46:	4b08      	ldr	r3, [pc, #32]	; (68 <alt_gpt_tmr_start+0x68>)
  48:	e7f5      	b.n	36 <alt_gpt_tmr_start+0x36>
  4a:	4b08      	ldr	r3, [pc, #32]	; (6c <alt_gpt_tmr_start+0x6c>)
  4c:	e7f3      	b.n	36 <alt_gpt_tmr_start+0x36>
  4e:	4b08      	ldr	r3, [pc, #32]	; (70 <alt_gpt_tmr_start+0x70>)
  50:	e7f1      	b.n	36 <alt_gpt_tmr_start+0x36>
  52:	f04f 30ff 	mov.w	r0, #4294967295	; 0xffffffff
  56:	bd08      	pop	{r3, pc}
  58:	f06f 0008 	mvn.w	r0, #8
  5c:	bd08      	pop	{r3, pc}
  5e:	bf00      	nop
  60:	ffc09008 	.word	0xffc09008
  64:	fffec608 	.word	0xfffec608
  68:	ffd00008 	.word	0xffd00008
  6c:	ffd01008 	.word	0xffd01008
  70:	ffc08008 	.word	0xffc08008

Disassembly of section .text.alt_gpt_tmr_is_running:

00000000 <alt_gpt_tmr_is_running>:
   0:	b508      	push	{r3, lr}
   2:	b928      	cbnz	r0, 10 <alt_gpt_tmr_is_running+0x10>
   4:	f7ff fffe 	bl	0 <alt_globaltmr_is_comp_mode>
   8:	b308      	cbz	r0, 46 <alt_globaltmr_is_running+0x46>
   a:	f7ff fffe 	bl	0 <alt_globaltmr_is_running>
   e:	bd08      	pop	{r3, pc}
  10:	2802      	cmp	r0, #2
  12:	d103      	bne.n	1c <alt_gpt_tmr_is_running+0x1c>
  14:	2000      	movs	r0, #0
  16:	f7ff fffe 	bl	0 <alt_wdog_tmr_is_enabled>
  1a:	bd08      	pop	{r3, pc}
  1c:	2801      	cmp	r0, #1
  1e:	d00c      	beq.n	3a <alt_gpt_tmr_is_running+0x3a>
  20:	2803      	cmp	r0, #3
  22:	d00c      	beq.n	3e <alt_gpt_tmr_is_running+0x3e>
  24:	2804      	cmp	r0, #4
  26:	d00c      	beq.n	42 <alt_gpt_tmr_is_running+0x42>
  28:	2805      	cmp	r0, #5
  2a:	d00c      	beq.n	46 <alt_gpt_tmr_is_running+0x46>
  2c:	2806      	cmp	r0, #6
  2e:	d10c      	bne.n	4a <alt_gpt_tmr_is_running+0x4a>
  30:	4b07      	ldr	r3, [pc, #28]	; (50 <alt_gpt_tmr_is_running+0x50>)
  32:	6818      	ldr	r0, [r3, #0]
  34:	f000 0001 	and.w	r0, r0, #1
  38:	bd08      	pop	{r3, pc}
  3a:	4b06      	ldr	r3, [pc, #24]	; (54 <alt_gpt_tmr_is_running+0x54>)
  3c:	e7f9      	b.n	32 <alt_gpt_tmr_is_running+0x32>
  3e:	4b06      	ldr	r3, [pc, #24]	; (58 <alt_gpt_tmr_is_running+0x58>)
  40:	e7f7      	b.n	32 <alt_gpt_tmr_is_running+0x32>
  42:	4b06      	ldr	r3, [pc, #24]	; (5c <alt_gpt_tmr_is_running+0x5c>)
  44:	e7f5      	b.n	32 <alt_gpt_tmr_is_running+0x32>
  46:	4b06      	ldr	r3, [pc, #24]	; (60 <alt_gpt_tmr_is_running+0x60>)
  48:	e7f3      	b.n	32 <alt_gpt_tmr_is_running+0x32>
  4a:	f06f 0008 	mvn.w	r0, #8
  4e:	bd08      	pop	{r3, pc}
  50:	ffc09008 	.word	0xffc09008
  54:	fffec608 	.word	0xfffec608
  58:	ffd00008 	.word	0xffd00008
  5c:	ffd01008 	.word	0xffd01008
  60:	ffc08008 	.word	0xffc08008

Disassembly of section .text.alt_gpt_counter_set:

00000000 <alt_gpt_counter_set>:
   0:	b538      	push	{r3, r4, r5, lr}
   2:	4604      	mov	r4, r0
   4:	460d      	mov	r5, r1
   6:	f7ff fffe 	bl	0 <alt_gpt_counter_set>
   a:	b110      	cbz	r0, 12 <alt_gpt_counter_set+0x12>
   c:	4620      	mov	r0, r4
   e:	f7ff fffe 	bl	0 <alt_gpt_counter_set>
  12:	b924      	cbnz	r4, 1e <alt_gpt_counter_set+0x1e>
  14:	4628      	mov	r0, r5
  16:	e8bd 4038 	ldmia.w	sp!, {r3, r4, r5, lr}
  1a:	f7ff bffe 	b.w	0 <alt_globaltmr_autoinc_set>
  1e:	2c02      	cmp	r4, #2
  20:	d105      	bne.n	2e <alt_gpt_counter_set+0x2e>
  22:	4629      	mov	r1, r5
  24:	2000      	movs	r0, #0
  26:	e8bd 4038 	ldmia.w	sp!, {r3, r4, r5, lr}
  2a:	f7ff bffe 	b.w	0 <alt_wdog_counter_set>
  2e:	2c01      	cmp	r4, #1
  30:	d00b      	beq.n	4a <alt_gpt_counter_set+0x4a>
  32:	2c03      	cmp	r4, #3
  34:	d00b      	beq.n	4e <alt_gpt_counter_set+0x4e>
  36:	2c04      	cmp	r4, #4
  38:	d00b      	beq.n	52 <alt_gpt_counter_set+0x52>
  3a:	2c05      	cmp	r4, #5
  3c:	d00b      	beq.n	56 <alt_gpt_counter_set+0x56>
  3e:	2c06      	cmp	r4, #6
  40:	d10b      	bne.n	5a <alt_gpt_counter_set+0x5a>
  42:	4b07      	ldr	r3, [pc, #28]	; (60 <alt_gpt_counter_set+0x60>)
  44:	601d      	str	r5, [r3, #0]
  46:	2000      	movs	r0, #0
  48:	bd38      	pop	{r3, r4, r5, pc}
  4a:	4b06      	ldr	r3, [pc, #24]	; (64 <alt_gpt_counter_set+0x64>)
  4c:	e7fa      	b.n	44 <alt_gpt_counter_set+0x44>
  4e:	4b06      	ldr	r3, [pc, #24]	; (68 <alt_gpt_counter_set+0x68>)
  50:	e7f8      	b.n	44 <alt_gpt_counter_set+0x44>
  52:	4b06      	ldr	r3, [pc, #24]	; (6c <alt_gpt_counter_set+0x6c>)
  54:	e7f6      	b.n	44 <alt_gpt_counter_set+0x44>
  56:	4b06      	ldr	r3, [pc, #24]	; (70 <alt_gpt_counter_set+0x70>)
  58:	e7f4      	b.n	44 <alt_gpt_counter_set+0x44>
  5a:	f06f 0008 	mvn.w	r0, #8
  5e:	bd38      	pop	{r3, r4, r5, pc}
  60:	ffc09000 	.word	0xffc09000
  64:	fffec600 	.word	0xfffec600
  68:	ffd00000 	.word	0xffd00000
  6c:	ffd01000 	.word	0xffd01000
  70:	ffc08000 	.word	0xffc08000

Disassembly of section .text.alt_gpt_counter_get:

00000000 <alt_gpt_counter_get>:
   0:	b908      	cbnz	r0, 6 <alt_gpt_counter_get+0x6>
   2:	f7ff bffe 	b.w	0 <alt_globaltmr_counter_get_low32>
   6:	2802      	cmp	r0, #2
   8:	d102      	bne.n	10 <alt_gpt_counter_get+0x10>
   a:	2000      	movs	r0, #0
   c:	f7ff bffe 	b.w	0 <alt_wdog_counter_get_current>
  10:	2801      	cmp	r0, #1
  12:	d00a      	beq.n	2a <alt_gpt_counter_get+0x2a>
  14:	2803      	cmp	r0, #3
  16:	d00a      	beq.n	2e <alt_gpt_counter_get+0x2e>
  18:	2804      	cmp	r0, #4
  1a:	d00a      	beq.n	32 <alt_gpt_counter_get+0x32>
  1c:	2805      	cmp	r0, #5
  1e:	d00a      	beq.n	36 <alt_gpt_counter_get+0x36>
  20:	2806      	cmp	r0, #6
  22:	d10a      	bne.n	3a <alt_gpt_counter_get+0x3a>
  24:	4b06      	ldr	r3, [pc, #24]	; (40 <alt_gpt_counter_get+0x40>)
  26:	6818      	ldr	r0, [r3, #0]
  28:	4770      	bx	lr
  2a:	4b06      	ldr	r3, [pc, #24]	; (44 <alt_gpt_counter_get+0x44>)
  2c:	e7fb      	b.n	26 <alt_gpt_counter_get+0x26>
  2e:	4b06      	ldr	r3, [pc, #24]	; (48 <alt_gpt_counter_get+0x48>)
  30:	e7f9      	b.n	26 <alt_gpt_counter_get+0x26>
  32:	4b06      	ldr	r3, [pc, #24]	; (4c <alt_gpt_counter_get+0x4c>)
  34:	e7f7      	b.n	26 <alt_gpt_counter_get+0x26>
  36:	4b06      	ldr	r3, [pc, #24]	; (50 <alt_gpt_counter_get+0x50>)
  38:	e7f5      	b.n	26 <alt_gpt_counter_get+0x26>
  3a:	2000      	movs	r0, #0
  3c:	4770      	bx	lr
  3e:	bf00      	nop
  40:	ffc09004 	.word	0xffc09004
  44:	fffec604 	.word	0xfffec604
  48:	ffd00004 	.word	0xffd00004
  4c:	ffd01004 	.word	0xffd01004
  50:	ffc08004 	.word	0xffc08004

Disassembly of section .text.alt_gpt_reset_value_get:

00000000 <alt_gpt_reset_value_get>:
   0:	b908      	cbnz	r0, 6 <alt_gpt_reset_value_get+0x6>
   2:	f7ff bffe 	b.w	0 <alt_globaltmr_autoinc_get>
   6:	2802      	cmp	r0, #2
   8:	d102      	bne.n	10 <alt_gpt_reset_value_get+0x10>
   a:	2000      	movs	r0, #0
   c:	f7ff bffe 	b.w	0 <alt_wdog_counter_get_init>
  10:	2801      	cmp	r0, #1
  12:	d00a      	beq.n	2a <alt_gpt_reset_value_get+0x2a>
  14:	2803      	cmp	r0, #3
  16:	d00a      	beq.n	2e <alt_gpt_reset_value_get+0x2e>
  18:	2804      	cmp	r0, #4
  1a:	d00a      	beq.n	32 <alt_gpt_reset_value_get+0x32>
  1c:	2805      	cmp	r0, #5
  1e:	d00a      	beq.n	36 <alt_gpt_reset_value_get+0x36>
  20:	2806      	cmp	r0, #6
  22:	d10a      	bne.n	3a <alt_gpt_reset_value_get+0x3a>
  24:	4b06      	ldr	r3, [pc, #24]	; (40 <alt_gpt_reset_value_get+0x40>)
  26:	6818      	ldr	r0, [r3, #0]
  28:	4770      	bx	lr
  2a:	4b06      	ldr	r3, [pc, #24]	; (44 <alt_gpt_reset_value_get+0x44>)
  2c:	e7fb      	b.n	26 <alt_gpt_reset_value_get+0x26>
  2e:	4b06      	ldr	r3, [pc, #24]	; (48 <alt_gpt_reset_value_get+0x48>)
  30:	e7f9      	b.n	26 <alt_gpt_reset_value_get+0x26>
  32:	4b06      	ldr	r3, [pc, #24]	; (4c <alt_gpt_reset_value_get+0x4c>)
  34:	e7f7      	b.n	26 <alt_gpt_reset_value_get+0x26>
  36:	4b06      	ldr	r3, [pc, #24]	; (50 <alt_gpt_reset_value_get+0x50>)
  38:	e7f5      	b.n	26 <alt_gpt_reset_value_get+0x26>
  3a:	2000      	movs	r0, #0
  3c:	4770      	bx	lr
  3e:	bf00      	nop
  40:	ffc09000 	.word	0xffc09000
  44:	fffec600 	.word	0xfffec600
  48:	ffd00000 	.word	0xffd00000
  4c:	ffd01000 	.word	0xffd01000
  50:	ffc08000 	.word	0xffc08000

Disassembly of section .text.alt_gpt_maxcounter_get:

00000000 <alt_gpt_maxcounter_get>:
   0:	b168      	cbz	r0, 1e <alt_gpt_maxcounter_get+0x1e>
   2:	2802      	cmp	r0, #2
   4:	d102      	bne.n	c <alt_gpt_maxcounter_get+0xc>
   6:	2000      	movs	r0, #0
   8:	f7ff bffe 	b.w	0 <alt_wdog_counter_get_max>
   c:	2801      	cmp	r0, #1
   e:	d006      	beq.n	1e <alt_gpt_maxcounter_get+0x1e>
  10:	3803      	subs	r0, #3
  12:	2803      	cmp	r0, #3
  14:	f04f 30ff 	mov.w	r0, #4294967295	; 0xffffffff
  18:	bf88      	it	hi
  1a:	2000      	movhi	r0, #0
  1c:	4770      	bx	lr
  1e:	f04f 30ff 	mov.w	r0, #4294967295	; 0xffffffff
  22:	4770      	bx	lr

Disassembly of section .text.alt_gpt_prescaler_set:

00000000 <alt_gpt_prescaler_set>:
   0:	b920      	cbnz	r0, c <alt_gpt_prescaler_set+0xc>
   2:	29ff      	cmp	r1, #255	; 0xff
   4:	d816      	bhi.n	34 <alt_gpt_prescaler_set+0x34>
   6:	4608      	mov	r0, r1
   8:	f7ff bffe 	b.w	0 <alt_globaltmr_prescaler_set>
   c:	2802      	cmp	r0, #2
   e:	d104      	bne.n	1a <alt_gpt_prescaler_set+0x1a>
  10:	29ff      	cmp	r1, #255	; 0xff
  12:	d80f      	bhi.n	34 <alt_gpt_prescaler_set+0x34>
  14:	4608      	mov	r0, r1
  16:	f7ff bffe 	b.w	0 <alt_wdog_core_prescaler_set>
  1a:	2801      	cmp	r0, #1
  1c:	d10a      	bne.n	34 <alt_gpt_prescaler_set+0x34>
  1e:	29ff      	cmp	r1, #255	; 0xff
  20:	d808      	bhi.n	34 <alt_gpt_prescaler_set+0x34>
  22:	4a06      	ldr	r2, [pc, #24]	; (3c <alt_gpt_prescaler_set+0x3c>)
  24:	2000      	movs	r0, #0
  26:	6813      	ldr	r3, [r2, #0]
  28:	f423 437f 	bic.w	r3, r3, #65280	; 0xff00
  2c:	ea43 2101 	orr.w	r1, r3, r1, lsl #8
  30:	6011      	str	r1, [r2, #0]
  32:	4770      	bx	lr
  34:	f06f 0008 	mvn.w	r0, #8
  38:	4770      	bx	lr
  3a:	bf00      	nop
  3c:	fffec608 	.word	0xfffec608

Disassembly of section .text.alt_gpt_prescaler_get:

00000000 <alt_gpt_prescaler_get>:
   0:	b908      	cbnz	r0, 6 <alt_gpt_prescaler_get+0x6>
   2:	f7ff bffe 	b.w	0 <alt_globaltmr_prescaler_get>
   6:	2802      	cmp	r0, #2
   8:	d101      	bne.n	e <alt_gpt_prescaler_get+0xe>
   a:	f7ff bffe 	b.w	0 <alt_wdog_core_prescaler_get>
   e:	2801      	cmp	r0, #1
  10:	bf03      	ittte	eq
  12:	4b03      	ldreq	r3, [pc, #12]	; (20 <alt_gpt_prescaler_get+0x20>)
  14:	6818      	ldreq	r0, [r3, #0]
  16:	f3c0 2007 	ubfxeq	r0, r0, #8, #8
  1a:	2000      	movne	r0, #0
  1c:	4770      	bx	lr
  1e:	bf00      	nop
  20:	fffec608 	.word	0xfffec608

Disassembly of section .text.alt_gpt_curtime_get_kernl:

00000000 <alt_gpt_curtime_get_kernl>:
   0:	e92d 41f3 	stmdb	sp!, {r0, r1, r4, r5, r6, r7, r8, lr}
   4:	4604      	mov	r4, r0
   6:	4688      	mov	r8, r1
   8:	f7ff fffe 	bl	0 <alt_gpt_curtime_get_kernl>
   c:	28ff      	cmp	r0, #255	; 0xff
   e:	4605      	mov	r5, r0
  10:	d84b      	bhi.n	aa <alt_gpt_curtime_get_kernl+0xaa>
  12:	bb44      	cbnz	r4, 66 <alt_gpt_curtime_get_kernl+0x66>
  14:	f7ff fffe 	bl	0 <alt_globaltmr_comp_get64>
  18:	4606      	mov	r6, r0
  1a:	460f      	mov	r7, r1
  1c:	f7ff fffe 	bl	0 <alt_globaltmr_get64>
  20:	1a36      	subs	r6, r6, r0
  22:	f04f 0015 	mov.w	r0, #21
  26:	eb67 0701 	sbc.w	r7, r7, r1
  2a:	a901      	add	r1, sp, #4
  2c:	f7ff fffe 	bl	0 <alt_clk_freq_get>
  30:	4684      	mov	ip, r0
  32:	b9a0      	cbnz	r0, 5e <alt_gpt_curtime_get_kernl+0x5e>
  34:	1c6a      	adds	r2, r5, #1
  36:	fba2 2308 	umull	r2, r3, r2, r8
  3a:	fb02 f407 	mul.w	r4, r2, r7
  3e:	fba2 0106 	umull	r0, r1, r2, r6
  42:	9a01      	ldr	r2, [sp, #4]
  44:	fb06 4403 	mla	r4, r6, r3, r4
  48:	4663      	mov	r3, ip
  4a:	4421      	add	r1, r4
  4c:	f7ff fffe 	bl	0 <__aeabi_uldivmod>
  50:	2901      	cmp	r1, #1
  52:	bf08      	it	eq
  54:	2800      	cmpeq	r0, #0
  56:	bf34      	ite	cc
  58:	4604      	movcc	r4, r0
  5a:	f04f 34ff 	movcs.w	r4, #4294967295	; 0xffffffff
  5e:	4620      	mov	r0, r4
  60:	b002      	add	sp, #8
  62:	e8bd 81f0 	ldmia.w	sp!, {r4, r5, r6, r7, r8, pc}
  66:	2c02      	cmp	r4, #2
  68:	d107      	bne.n	7a <alt_gpt_curtime_get_kernl+0x7a>
  6a:	2000      	movs	r0, #0
  6c:	f7ff fffe 	bl	0 <alt_wdog_counter_get_current>
  70:	4604      	mov	r4, r0
  72:	2015      	movs	r0, #21
  74:	4626      	mov	r6, r4
  76:	2700      	movs	r7, #0
  78:	e7d7      	b.n	2a <alt_gpt_curtime_get_kernl+0x2a>
  7a:	2c01      	cmp	r4, #1
  7c:	d00a      	beq.n	94 <alt_gpt_curtime_get_kernl+0x94>
  7e:	2c03      	cmp	r4, #3
  80:	d00c      	beq.n	9c <alt_gpt_curtime_get_kernl+0x9c>
  82:	2c04      	cmp	r4, #4
  84:	d00d      	beq.n	a2 <alt_gpt_curtime_get_kernl+0xa2>
  86:	2c05      	cmp	r4, #5
  88:	d00d      	beq.n	a6 <alt_gpt_curtime_get_kernl+0xa6>
  8a:	2c06      	cmp	r4, #6
  8c:	d10d      	bne.n	aa <alt_gpt_curtime_get_kernl+0xaa>
  8e:	4b08      	ldr	r3, [pc, #32]	; (b0 <alt_gpt_curtime_get_kernl+0xb0>)
  90:	201b      	movs	r0, #27
  92:	e001      	b.n	98 <alt_gpt_curtime_get_kernl+0x98>
  94:	4b07      	ldr	r3, [pc, #28]	; (b4 <alt_gpt_curtime_get_kernl+0xb4>)
  96:	2015      	movs	r0, #21
  98:	681c      	ldr	r4, [r3, #0]
  9a:	e7eb      	b.n	74 <alt_gpt_curtime_get_kernl+0x74>
  9c:	4b06      	ldr	r3, [pc, #24]	; (b8 <alt_gpt_curtime_get_kernl+0xb8>)
  9e:	200c      	movs	r0, #12
  a0:	e7fa      	b.n	98 <alt_gpt_curtime_get_kernl+0x98>
  a2:	4b06      	ldr	r3, [pc, #24]	; (bc <alt_gpt_curtime_get_kernl+0xbc>)
  a4:	e7fb      	b.n	9e <alt_gpt_curtime_get_kernl+0x9e>
  a6:	4b06      	ldr	r3, [pc, #24]	; (c0 <alt_gpt_curtime_get_kernl+0xc0>)
  a8:	e7f2      	b.n	90 <alt_gpt_curtime_get_kernl+0x90>
  aa:	2400      	movs	r4, #0
  ac:	e7d7      	b.n	5e <alt_gpt_curtime_get_kernl+0x5e>
  ae:	bf00      	nop
  b0:	ffc09004 	.word	0xffc09004
  b4:	fffec604 	.word	0xfffec604
  b8:	ffd00004 	.word	0xffd00004
  bc:	ffd01004 	.word	0xffd01004
  c0:	ffc08004 	.word	0xffc08004

Disassembly of section .text.alt_gpt_curtime_get:

00000000 <alt_gpt_curtime_get>:
   0:	2101      	movs	r1, #1
   2:	f7ff bffe 	b.w	0 <alt_gpt_curtime_get>

Disassembly of section .text.alt_gpt_curtime_millisecs_get:

00000000 <alt_gpt_curtime_millisecs_get>:
   0:	f44f 717a 	mov.w	r1, #1000	; 0x3e8
   4:	f7ff bffe 	b.w	0 <alt_gpt_curtime_millisecs_get>

Disassembly of section .text.alt_gpt_curtime_microsecs_get:

00000000 <alt_gpt_curtime_microsecs_get>:
   0:	4901      	ldr	r1, [pc, #4]	; (8 <alt_gpt_curtime_microsecs_get+0x8>)
   2:	f7ff bffe 	b.w	0 <alt_gpt_curtime_microsecs_get>
   6:	bf00      	nop
   8:	000f4240 	.word	0x000f4240

Disassembly of section .text.alt_gpt_curtime_nanosecs_get:

00000000 <alt_gpt_curtime_nanosecs_get>:
   0:	4901      	ldr	r1, [pc, #4]	; (8 <alt_gpt_curtime_nanosecs_get+0x8>)
   2:	f7ff bffe 	b.w	0 <alt_gpt_curtime_nanosecs_get>
   6:	bf00      	nop
   8:	3b9aca00 	.word	0x3b9aca00

Disassembly of section .text.alt_gpt_delay_ns:

00000000 <alt_gpt_delay_ns>:
   0:	b5f7      	push	{r0, r1, r2, r4, r5, r6, r7, lr}
   2:	4605      	mov	r5, r0
   4:	460c      	mov	r4, r1
   6:	4616      	mov	r6, r2
   8:	f7ff fffe 	bl	0 <alt_gpt_delay_ns>
   c:	2d06      	cmp	r5, #6
   e:	4607      	mov	r7, r0
  10:	d828      	bhi.n	64 <alt_gpt_delay_ns+0x64>
  12:	2301      	movs	r3, #1
  14:	40ab      	lsls	r3, r5
  16:	075a      	lsls	r2, r3, #29
  18:	d127      	bne.n	6a <alt_gpt_delay_ns+0x6a>
  1a:	f013 0f60 	tst.w	r3, #96	; 0x60
  1e:	d126      	bne.n	6e <alt_gpt_delay_ns+0x6e>
  20:	f013 0f18 	tst.w	r3, #24
  24:	d01e      	beq.n	64 <alt_gpt_delay_ns+0x64>
  26:	200c      	movs	r0, #12
  28:	a901      	add	r1, sp, #4
  2a:	f7ff fffe 	bl	0 <alt_clk_freq_get>
  2e:	9801      	ldr	r0, [sp, #4]
  30:	1c7a      	adds	r2, r7, #1
  32:	2300      	movs	r3, #0
  34:	fba6 0100 	umull	r0, r1, r6, r0
  38:	f7ff fffe 	bl	0 <__aeabi_uldivmod>
  3c:	a316      	add	r3, pc, #88	; (adr r3, 98 <alt_gpt_delay_ns+0x98>)
  3e:	e9d3 2300 	ldrd	r2, r3, [r3]
  42:	f7ff fffe 	bl	0 <__aeabi_uldivmod>
  46:	1c46      	adds	r6, r0, #1
  48:	42b4      	cmp	r4, r6
  4a:	d312      	bcc.n	72 <alt_gpt_delay_ns+0x72>
  4c:	4628      	mov	r0, r5
  4e:	1ba4      	subs	r4, r4, r6
  50:	f7ff fffe 	bl	0 <alt_gpt_delay_ns>
  54:	4606      	mov	r6, r0
  56:	4628      	mov	r0, r5
  58:	f7ff fffe 	bl	0 <alt_gpt_delay_ns>
  5c:	4284      	cmp	r4, r0
  5e:	d801      	bhi.n	64 <alt_gpt_delay_ns+0x64>
  60:	4286      	cmp	r6, r0
  62:	d2f7      	bcs.n	54 <alt_gpt_delay_ns+0x54>
  64:	2000      	movs	r0, #0
  66:	b003      	add	sp, #12
  68:	bdf0      	pop	{r4, r5, r6, r7, pc}
  6a:	2015      	movs	r0, #21
  6c:	e7dc      	b.n	28 <alt_gpt_delay_ns+0x28>
  6e:	201b      	movs	r0, #27
  70:	e7da      	b.n	28 <alt_gpt_delay_ns+0x28>
  72:	4628      	mov	r0, r5
  74:	f7ff fffe 	bl	0 <alt_gpt_delay_ns>
  78:	4284      	cmp	r4, r0
  7a:	d8fa      	bhi.n	72 <alt_gpt_delay_ns+0x72>
  7c:	1b36      	subs	r6, r6, r4
  7e:	4628      	mov	r0, r5
  80:	f7ff fffe 	bl	0 <alt_gpt_delay_ns>
  84:	4286      	cmp	r6, r0
  86:	4604      	mov	r4, r0
  88:	d9de      	bls.n	48 <alt_gpt_delay_ns+0x48>
  8a:	4628      	mov	r0, r5
  8c:	f7ff fffe 	bl	0 <alt_gpt_delay_ns>
  90:	4284      	cmp	r4, r0
  92:	d0fa      	beq.n	8a <alt_gpt_delay_ns+0x8a>
  94:	e7d8      	b.n	48 <alt_gpt_delay_ns+0x48>
  96:	bf00      	nop
  98:	3b9aca00 	.word	0x3b9aca00
  9c:	00000000 	.word	0x00000000

Disassembly of section .text.alt_gpt_time_get_kernl:

00000000 <alt_gpt_time_get_kernl>:
   0:	2802      	cmp	r0, #2
   2:	b5f7      	push	{r0, r1, r2, r4, r5, r6, r7, lr}
   4:	4605      	mov	r5, r0
   6:	460e      	mov	r6, r1
   8:	d908      	bls.n	1c <alt_gpt_time_get_kernl+0x1c>
   a:	1ec3      	subs	r3, r0, #3
   c:	2b01      	cmp	r3, #1
   e:	d92d      	bls.n	6c <alt_gpt_time_get_kernl+0x6c>
  10:	1f43      	subs	r3, r0, #5
  12:	2b01      	cmp	r3, #1
  14:	d92c      	bls.n	70 <alt_gpt_time_get_kernl+0x70>
  16:	2000      	movs	r0, #0
  18:	b003      	add	sp, #12
  1a:	bdf0      	pop	{r4, r5, r6, r7, pc}
  1c:	2015      	movs	r0, #21
  1e:	a901      	add	r1, sp, #4
  20:	f7ff fffe 	bl	0 <alt_clk_freq_get>
  24:	4607      	mov	r7, r0
  26:	2800      	cmp	r0, #0
  28:	d1f5      	bne.n	16 <alt_gpt_time_get_kernl+0x16>
  2a:	4628      	mov	r0, r5
  2c:	f7ff fffe 	bl	0 <alt_gpt_time_get_kernl>
  30:	4604      	mov	r4, r0
  32:	4628      	mov	r0, r5
  34:	f7ff fffe 	bl	0 <alt_gpt_time_get_kernl>
  38:	1c62      	adds	r2, r4, #1
  3a:	f100 0001 	add.w	r0, r0, #1
  3e:	fba2 4500 	umull	r4, r5, r2, r0
  42:	f04f 0300 	mov.w	r3, #0
  46:	f143 0300 	adc.w	r3, r3, #0
  4a:	9a01      	ldr	r2, [sp, #4]
  4c:	fb00 5503 	mla	r5, r0, r3, r5
  50:	fba6 0104 	umull	r0, r1, r6, r4
  54:	463b      	mov	r3, r7
  56:	fb06 1105 	mla	r1, r6, r5, r1
  5a:	f7ff fffe 	bl	0 <__aeabi_uldivmod>
  5e:	2901      	cmp	r1, #1
  60:	bf08      	it	eq
  62:	2800      	cmpeq	r0, #0
  64:	bf28      	it	cs
  66:	f04f 30ff 	movcs.w	r0, #4294967295	; 0xffffffff
  6a:	e7d5      	b.n	18 <alt_gpt_time_get_kernl+0x18>
  6c:	200c      	movs	r0, #12
  6e:	e7d6      	b.n	1e <alt_gpt_time_get_kernl+0x1e>
  70:	201b      	movs	r0, #27
  72:	e7d4      	b.n	1e <alt_gpt_time_get_kernl+0x1e>

Disassembly of section .text.alt_gpt_maxtime_get_kernl:

00000000 <alt_gpt_maxtime_get_kernl>:
   0:	2802      	cmp	r0, #2
   2:	b5f7      	push	{r0, r1, r2, r4, r5, r6, r7, lr}
   4:	4605      	mov	r5, r0
   6:	460e      	mov	r6, r1
   8:	d908      	bls.n	1c <alt_gpt_maxtime_get_kernl+0x1c>
   a:	1ec3      	subs	r3, r0, #3
   c:	2b01      	cmp	r3, #1
   e:	d92d      	bls.n	6c <alt_gpt_maxtime_get_kernl+0x6c>
  10:	1f43      	subs	r3, r0, #5
  12:	2b01      	cmp	r3, #1
  14:	d92c      	bls.n	70 <alt_gpt_maxtime_get_kernl+0x70>
  16:	2000      	movs	r0, #0
  18:	b003      	add	sp, #12
  1a:	bdf0      	pop	{r4, r5, r6, r7, pc}
  1c:	2015      	movs	r0, #21
  1e:	a901      	add	r1, sp, #4
  20:	f7ff fffe 	bl	0 <alt_clk_freq_get>
  24:	4607      	mov	r7, r0
  26:	2800      	cmp	r0, #0
  28:	d1f5      	bne.n	16 <alt_gpt_maxtime_get_kernl+0x16>
  2a:	4628      	mov	r0, r5
  2c:	f7ff fffe 	bl	0 <alt_gpt_maxtime_get_kernl>
  30:	4604      	mov	r4, r0
  32:	4628      	mov	r0, r5
  34:	f7ff fffe 	bl	0 <alt_gpt_maxtime_get_kernl>
  38:	1c62      	adds	r2, r4, #1
  3a:	f100 0001 	add.w	r0, r0, #1
  3e:	fba2 4500 	umull	r4, r5, r2, r0
  42:	f04f 0300 	mov.w	r3, #0
  46:	f143 0300 	adc.w	r3, r3, #0
  4a:	9a01      	ldr	r2, [sp, #4]
  4c:	fb00 5503 	mla	r5, r0, r3, r5
  50:	fba6 0104 	umull	r0, r1, r6, r4
  54:	463b      	mov	r3, r7
  56:	fb06 1105 	mla	r1, r6, r5, r1
  5a:	f7ff fffe 	bl	0 <__aeabi_uldivmod>
  5e:	2901      	cmp	r1, #1
  60:	bf08      	it	eq
  62:	2800      	cmpeq	r0, #0
  64:	bf28      	it	cs
  66:	f04f 30ff 	movcs.w	r0, #4294967295	; 0xffffffff
  6a:	e7d5      	b.n	18 <alt_gpt_maxtime_get_kernl+0x18>
  6c:	200c      	movs	r0, #12
  6e:	e7d6      	b.n	1e <alt_gpt_maxtime_get_kernl+0x1e>
  70:	201b      	movs	r0, #27
  72:	e7d4      	b.n	1e <alt_gpt_maxtime_get_kernl+0x1e>

Disassembly of section .text.alt_gpt_freq_get:

00000000 <alt_gpt_freq_get>:
   0:	b5f7      	push	{r0, r1, r2, r4, r5, r6, r7, lr}
   2:	4605      	mov	r5, r0
   4:	2d02      	cmp	r5, #2
   6:	f04f 0000 	mov.w	r0, #0
   a:	9001      	str	r0, [sp, #4]
   c:	d926      	bls.n	5c <alt_gpt_freq_get+0x5c>
   e:	1eeb      	subs	r3, r5, #3
  10:	2b01      	cmp	r3, #1
  12:	d925      	bls.n	60 <alt_gpt_freq_get+0x60>
  14:	1f6b      	subs	r3, r5, #5
  16:	2b01      	cmp	r3, #1
  18:	d81e      	bhi.n	58 <alt_gpt_freq_get+0x58>
  1a:	201b      	movs	r0, #27
  1c:	a901      	add	r1, sp, #4
  1e:	f7ff fffe 	bl	0 <alt_clk_freq_get>
  22:	4606      	mov	r6, r0
  24:	b9f0      	cbnz	r0, 64 <alt_gpt_freq_get+0x64>
  26:	4628      	mov	r0, r5
  28:	9f01      	ldr	r7, [sp, #4]
  2a:	f7ff fffe 	bl	0 <alt_gpt_freq_get>
  2e:	4604      	mov	r4, r0
  30:	4628      	mov	r0, r5
  32:	f7ff fffe 	bl	0 <alt_gpt_freq_get>
  36:	3401      	adds	r4, #1
  38:	f100 0001 	add.w	r0, r0, #1
  3c:	fba4 2300 	umull	r2, r3, r4, r0
  40:	f04f 0500 	mov.w	r5, #0
  44:	f145 0500 	adc.w	r5, r5, #0
  48:	4631      	mov	r1, r6
  4a:	fb00 3305 	mla	r3, r0, r5, r3
  4e:	4638      	mov	r0, r7
  50:	f7ff fffe 	bl	0 <__aeabi_uldivmod>
  54:	9001      	str	r0, [sp, #4]
  56:	9801      	ldr	r0, [sp, #4]
  58:	b003      	add	sp, #12
  5a:	bdf0      	pop	{r4, r5, r6, r7, pc}
  5c:	2015      	movs	r0, #21
  5e:	e7dd      	b.n	1c <alt_gpt_freq_get+0x1c>
  60:	200c      	movs	r0, #12
  62:	e7db      	b.n	1c <alt_gpt_freq_get+0x1c>
  64:	2300      	movs	r3, #0
  66:	9301      	str	r3, [sp, #4]
  68:	e7f5      	b.n	56 <alt_gpt_freq_get+0x56>

Disassembly of section .text.alt_gpt_time_get:

00000000 <alt_gpt_time_get>:
   0:	2101      	movs	r1, #1
   2:	f7ff bffe 	b.w	0 <alt_gpt_time_get>

Disassembly of section .text.alt_gpt_time_millisecs_get:

00000000 <alt_gpt_time_millisecs_get>:
   0:	f44f 717a 	mov.w	r1, #1000	; 0x3e8
   4:	f7ff bffe 	b.w	0 <alt_gpt_time_millisecs_get>

Disassembly of section .text.alt_gpt_time_microsecs_get:

00000000 <alt_gpt_time_microsecs_get>:
   0:	4901      	ldr	r1, [pc, #4]	; (8 <alt_gpt_time_microsecs_get+0x8>)
   2:	f7ff bffe 	b.w	0 <alt_gpt_time_microsecs_get>
   6:	bf00      	nop
   8:	000f4240 	.word	0x000f4240

Disassembly of section .text.alt_gpt_maxtime_get:

00000000 <alt_gpt_maxtime_get>:
   0:	2101      	movs	r1, #1
   2:	f7ff bffe 	b.w	0 <alt_gpt_maxtime_get>

Disassembly of section .text.alt_gpt_maxtime_millisecs_get:

00000000 <alt_gpt_maxtime_millisecs_get>:
   0:	f44f 717a 	mov.w	r1, #1000	; 0x3e8
   4:	f7ff bffe 	b.w	0 <alt_gpt_maxtime_millisecs_get>

Disassembly of section .text.alt_gpt_int_enable:

00000000 <alt_gpt_int_enable>:
   0:	b508      	push	{r3, lr}
   2:	b918      	cbnz	r0, c <alt_gpt_int_enable+0xc>
   4:	e8bd 4008 	ldmia.w	sp!, {r3, lr}
   8:	f7ff bffe 	b.w	0 <alt_globaltmr_int_enable>
   c:	2802      	cmp	r0, #2
   e:	d107      	bne.n	20 <alt_gpt_int_enable+0x20>
  10:	f7ff fffe 	bl	0 <cpu_wdog_in_gpt_mode>
  14:	b308      	cbz	r0, 5a <alt_gpt_int_enable+0x5a>
  16:	2000      	movs	r0, #0
  18:	e8bd 4008 	ldmia.w	sp!, {r3, lr}
  1c:	f7ff bffe 	b.w	0 <alt_wdog_int_enable>
  20:	2801      	cmp	r0, #1
  22:	d106      	bne.n	32 <alt_gpt_int_enable+0x32>
  24:	4a10      	ldr	r2, [pc, #64]	; (68 <alt_gpt_int_enable+0x68>)
  26:	6813      	ldr	r3, [r2, #0]
  28:	f043 0304 	orr.w	r3, r3, #4
  2c:	6013      	str	r3, [r2, #0]
  2e:	2000      	movs	r0, #0
  30:	bd08      	pop	{r3, pc}
  32:	2803      	cmp	r0, #3
  34:	d00b      	beq.n	4e <alt_gpt_int_enable+0x4e>
  36:	2804      	cmp	r0, #4
  38:	d00b      	beq.n	52 <alt_gpt_int_enable+0x52>
  3a:	2805      	cmp	r0, #5
  3c:	d00b      	beq.n	56 <alt_gpt_int_enable+0x56>
  3e:	2806      	cmp	r0, #6
  40:	d10e      	bne.n	60 <alt_gpt_int_enable+0x60>
  42:	4b0a      	ldr	r3, [pc, #40]	; (6c <alt_gpt_int_enable+0x6c>)
  44:	681a      	ldr	r2, [r3, #0]
  46:	f022 0204 	bic.w	r2, r2, #4
  4a:	601a      	str	r2, [r3, #0]
  4c:	e7ef      	b.n	2e <alt_gpt_int_enable+0x2e>
  4e:	4b08      	ldr	r3, [pc, #32]	; (70 <alt_gpt_int_enable+0x70>)
  50:	e7f8      	b.n	44 <alt_gpt_int_enable+0x44>
  52:	4b08      	ldr	r3, [pc, #32]	; (74 <alt_gpt_int_enable+0x74>)
  54:	e7f6      	b.n	44 <alt_gpt_int_enable+0x44>
  56:	4b08      	ldr	r3, [pc, #32]	; (78 <alt_gpt_int_enable+0x78>)
  58:	e7f4      	b.n	44 <alt_gpt_int_enable+0x44>
  5a:	f04f 30ff 	mov.w	r0, #4294967295	; 0xffffffff
  5e:	bd08      	pop	{r3, pc}
  60:	f06f 0008 	mvn.w	r0, #8
  64:	bd08      	pop	{r3, pc}
  66:	bf00      	nop
  68:	fffec608 	.word	0xfffec608
  6c:	ffc09008 	.word	0xffc09008
  70:	ffd00008 	.word	0xffd00008
  74:	ffd01008 	.word	0xffd01008
  78:	ffc08008 	.word	0xffc08008

Disassembly of section .text.alt_gpt_int_is_enabled:

00000000 <alt_gpt_int_is_enabled>:
   0:	b508      	push	{r3, lr}
   2:	b918      	cbnz	r0, c <alt_gpt_int_is_enabled+0xc>
   4:	e8bd 4008 	ldmia.w	sp!, {r3, lr}
   8:	f7ff bffe 	b.w	0 <alt_globaltmr_int_is_enabled>
   c:	2802      	cmp	r0, #2
   e:	d107      	bne.n	20 <alt_gpt_int_is_enabled+0x20>
  10:	f7ff fffe 	bl	0 <cpu_wdog_in_gpt_mode>
  14:	b1f8      	cbz	r0, 56 <alt_gpt_int_is_enabled+0x56>
  16:	2000      	movs	r0, #0
  18:	e8bd 4008 	ldmia.w	sp!, {r3, lr}
  1c:	f7ff bffe 	b.w	0 <alt_wdog_int_is_enabled>
  20:	2801      	cmp	r0, #1
  22:	d104      	bne.n	2e <alt_gpt_int_is_enabled+0x2e>
  24:	4b0c      	ldr	r3, [pc, #48]	; (58 <alt_gpt_int_is_enabled+0x58>)
  26:	6818      	ldr	r0, [r3, #0]
  28:	f3c0 0080 	ubfx	r0, r0, #2, #1
  2c:	bd08      	pop	{r3, pc}
  2e:	2803      	cmp	r0, #3
  30:	d00a      	beq.n	48 <alt_gpt_int_is_enabled+0x48>
  32:	2804      	cmp	r0, #4
  34:	d00a      	beq.n	4c <alt_gpt_int_is_enabled+0x4c>
  36:	2805      	cmp	r0, #5
  38:	d00a      	beq.n	50 <alt_gpt_int_is_enabled+0x50>
  3a:	2806      	cmp	r0, #6
  3c:	d10a      	bne.n	54 <alt_gpt_int_is_enabled+0x54>
  3e:	4b07      	ldr	r3, [pc, #28]	; (5c <alt_gpt_int_is_enabled+0x5c>)
  40:	6818      	ldr	r0, [r3, #0]
  42:	f080 0004 	eor.w	r0, r0, #4
  46:	e7ef      	b.n	28 <alt_gpt_int_is_enabled+0x28>
  48:	4b05      	ldr	r3, [pc, #20]	; (60 <alt_gpt_int_is_enabled+0x60>)
  4a:	e7f9      	b.n	40 <alt_gpt_int_is_enabled+0x40>
  4c:	4b05      	ldr	r3, [pc, #20]	; (64 <alt_gpt_int_is_enabled+0x64>)
  4e:	e7f7      	b.n	40 <alt_gpt_int_is_enabled+0x40>
  50:	4b05      	ldr	r3, [pc, #20]	; (68 <alt_gpt_int_is_enabled+0x68>)
  52:	e7f5      	b.n	40 <alt_gpt_int_is_enabled+0x40>
  54:	2000      	movs	r0, #0
  56:	bd08      	pop	{r3, pc}
  58:	fffec608 	.word	0xfffec608
  5c:	ffc09008 	.word	0xffc09008
  60:	ffd00008 	.word	0xffd00008
  64:	ffd01008 	.word	0xffd01008
  68:	ffc08008 	.word	0xffc08008

Disassembly of section .text.alt_gpt_int_clear_pending:

00000000 <alt_gpt_int_clear_pending>:
   0:	b508      	push	{r3, lr}
   2:	b918      	cbnz	r0, c <alt_gpt_int_clear_pending+0xc>
   4:	e8bd 4008 	ldmia.w	sp!, {r3, lr}
   8:	f7ff bffe 	b.w	0 <alt_globaltmr_int_clear_pending>
   c:	2802      	cmp	r0, #2
   e:	d107      	bne.n	20 <alt_gpt_int_clear_pending+0x20>
  10:	f7ff fffe 	bl	0 <cpu_wdog_in_gpt_mode>
  14:	b1d8      	cbz	r0, 4e <alt_gpt_int_clear_pending+0x4e>
  16:	2000      	movs	r0, #0
  18:	e8bd 4008 	ldmia.w	sp!, {r3, lr}
  1c:	f7ff bffe 	b.w	0 <alt_wdog_int_clear>
  20:	2801      	cmp	r0, #1
  22:	d103      	bne.n	2c <alt_gpt_int_clear_pending+0x2c>
  24:	4b0d      	ldr	r3, [pc, #52]	; (5c <alt_gpt_int_clear_pending+0x5c>)
  26:	6018      	str	r0, [r3, #0]
  28:	2000      	movs	r0, #0
  2a:	bd08      	pop	{r3, pc}
  2c:	2803      	cmp	r0, #3
  2e:	d102      	bne.n	36 <alt_gpt_int_clear_pending+0x36>
  30:	4b0b      	ldr	r3, [pc, #44]	; (60 <alt_gpt_int_clear_pending+0x60>)
  32:	681b      	ldr	r3, [r3, #0]
  34:	e7f8      	b.n	28 <alt_gpt_int_clear_pending+0x28>
  36:	2804      	cmp	r0, #4
  38:	d101      	bne.n	3e <alt_gpt_int_clear_pending+0x3e>
  3a:	4b0a      	ldr	r3, [pc, #40]	; (64 <alt_gpt_int_clear_pending+0x64>)
  3c:	e7f9      	b.n	32 <alt_gpt_int_clear_pending+0x32>
  3e:	2805      	cmp	r0, #5
  40:	d101      	bne.n	46 <alt_gpt_int_clear_pending+0x46>
  42:	4b09      	ldr	r3, [pc, #36]	; (68 <alt_gpt_int_clear_pending+0x68>)
  44:	e7f5      	b.n	32 <alt_gpt_int_clear_pending+0x32>
  46:	2806      	cmp	r0, #6
  48:	d104      	bne.n	54 <alt_gpt_int_clear_pending+0x54>
  4a:	4b08      	ldr	r3, [pc, #32]	; (6c <alt_gpt_int_clear_pending+0x6c>)
  4c:	e7f1      	b.n	32 <alt_gpt_int_clear_pending+0x32>
  4e:	f04f 30ff 	mov.w	r0, #4294967295	; 0xffffffff
  52:	bd08      	pop	{r3, pc}
  54:	f06f 0008 	mvn.w	r0, #8
  58:	bd08      	pop	{r3, pc}
  5a:	bf00      	nop
  5c:	fffec60c 	.word	0xfffec60c
  60:	ffd000a4 	.word	0xffd000a4
  64:	ffd010a4 	.word	0xffd010a4
  68:	ffc080a4 	.word	0xffc080a4
  6c:	ffc090a4 	.word	0xffc090a4

Disassembly of section .text.alt_gpt_tmr_reset:

00000000 <alt_gpt_tmr_reset>:
   0:	b510      	push	{r4, lr}
   2:	4604      	mov	r4, r0
   4:	f7ff fffe 	bl	0 <alt_gpt_tmr_reset>
   8:	b920      	cbnz	r0, 14 <alt_gpt_tmr_reset+0x14>
   a:	4620      	mov	r0, r4
   c:	f7ff fffe 	bl	0 <alt_gpt_tmr_reset>
  10:	b130      	cbz	r0, 20 <alt_gpt_tmr_reset+0x20>
  12:	bd10      	pop	{r4, pc}
  14:	4620      	mov	r0, r4
  16:	f7ff fffe 	bl	0 <alt_gpt_tmr_reset>
  1a:	2800      	cmp	r0, #0
  1c:	d0f5      	beq.n	a <alt_gpt_tmr_reset+0xa>
  1e:	bd10      	pop	{r4, pc}
  20:	4620      	mov	r0, r4
  22:	e8bd 4010 	ldmia.w	sp!, {r4, lr}
  26:	f7ff bffe 	b.w	0 <alt_gpt_tmr_reset>

Disassembly of section .text.alt_gpt_int_disable:

00000000 <alt_gpt_int_disable>:
   0:	b538      	push	{r3, r4, r5, lr}
   2:	4604      	mov	r4, r0
   4:	b938      	cbnz	r0, 16 <alt_gpt_int_disable+0x16>
   6:	f7ff fffe 	bl	0 <alt_globaltmr_int_disable>
   a:	4605      	mov	r5, r0
   c:	4620      	mov	r0, r4
   e:	f7ff fffe 	bl	0 <alt_gpt_int_disable>
  12:	4628      	mov	r0, r5
  14:	bd38      	pop	{r3, r4, r5, pc}
  16:	2802      	cmp	r0, #2
  18:	d103      	bne.n	22 <alt_gpt_int_disable+0x22>
  1a:	2000      	movs	r0, #0
  1c:	f7ff fffe 	bl	0 <alt_wdog_int_disable>
  20:	e7f3      	b.n	a <alt_gpt_int_disable+0xa>
  22:	2801      	cmp	r0, #1
  24:	d106      	bne.n	34 <alt_gpt_int_disable+0x34>
  26:	4a0f      	ldr	r2, [pc, #60]	; (64 <alt_gpt_int_disable+0x64>)
  28:	6813      	ldr	r3, [r2, #0]
  2a:	f023 0304 	bic.w	r3, r3, #4
  2e:	6013      	str	r3, [r2, #0]
  30:	2500      	movs	r5, #0
  32:	e7eb      	b.n	c <alt_gpt_int_disable+0xc>
  34:	2803      	cmp	r0, #3
  36:	d00b      	beq.n	50 <alt_gpt_int_disable+0x50>
  38:	2804      	cmp	r0, #4
  3a:	d00b      	beq.n	54 <alt_gpt_int_disable+0x54>
  3c:	2805      	cmp	r0, #5
  3e:	d00b      	beq.n	58 <alt_gpt_int_disable+0x58>
  40:	2806      	cmp	r0, #6
  42:	d10b      	bne.n	5c <alt_gpt_int_disable+0x5c>
  44:	4b08      	ldr	r3, [pc, #32]	; (68 <alt_gpt_int_disable+0x68>)
  46:	681a      	ldr	r2, [r3, #0]
  48:	f042 0204 	orr.w	r2, r2, #4
  4c:	601a      	str	r2, [r3, #0]
  4e:	e7ef      	b.n	30 <alt_gpt_int_disable+0x30>
  50:	4b06      	ldr	r3, [pc, #24]	; (6c <alt_gpt_int_disable+0x6c>)
  52:	e7f8      	b.n	46 <alt_gpt_int_disable+0x46>
  54:	4b06      	ldr	r3, [pc, #24]	; (70 <alt_gpt_int_disable+0x70>)
  56:	e7f6      	b.n	46 <alt_gpt_int_disable+0x46>
  58:	4b06      	ldr	r3, [pc, #24]	; (74 <alt_gpt_int_disable+0x74>)
  5a:	e7f4      	b.n	46 <alt_gpt_int_disable+0x46>
  5c:	f06f 0508 	mvn.w	r5, #8
  60:	e7d7      	b.n	12 <alt_gpt_int_disable+0x12>
  62:	bf00      	nop
  64:	fffec608 	.word	0xfffec608
  68:	ffc09008 	.word	0xffc09008
  6c:	ffd00008 	.word	0xffd00008
  70:	ffd01008 	.word	0xffd01008
  74:	ffc08008 	.word	0xffc08008

Disassembly of section .text.alt_gpt_int_is_pending:

00000000 <alt_gpt_int_is_pending>:
   0:	b508      	push	{r3, lr}
   2:	b910      	cbnz	r0, a <alt_gpt_int_is_pending+0xa>
   4:	f7ff fffe 	bl	0 <alt_globaltmr_int_is_pending>
   8:	bd08      	pop	{r3, pc}
   a:	2802      	cmp	r0, #2
   c:	d106      	bne.n	1c <alt_gpt_int_is_pending+0x1c>
   e:	f7ff fffe 	bl	0 <cpu_wdog_in_gpt_mode>
  12:	b1d0      	cbz	r0, 4a <alt_gpt_int_is_pending+0x4a>
  14:	2000      	movs	r0, #0
  16:	f7ff fffe 	bl	0 <alt_wdog_int_is_pending>
  1a:	bd08      	pop	{r3, pc}
  1c:	2801      	cmp	r0, #1
  1e:	d00c      	beq.n	3a <alt_gpt_int_is_pending+0x3a>
  20:	2803      	cmp	r0, #3
  22:	d00c      	beq.n	3e <alt_gpt_int_is_pending+0x3e>
  24:	2804      	cmp	r0, #4
  26:	d00c      	beq.n	42 <alt_gpt_int_is_pending+0x42>
  28:	2805      	cmp	r0, #5
  2a:	d00c      	beq.n	46 <alt_gpt_int_is_pending+0x46>
  2c:	2806      	cmp	r0, #6
  2e:	d10f      	bne.n	50 <alt_gpt_int_is_pending+0x50>
  30:	4b09      	ldr	r3, [pc, #36]	; (58 <alt_gpt_int_is_pending+0x58>)
  32:	6818      	ldr	r0, [r3, #0]
  34:	f000 0001 	and.w	r0, r0, #1
  38:	bd08      	pop	{r3, pc}
  3a:	4b08      	ldr	r3, [pc, #32]	; (5c <alt_gpt_int_is_pending+0x5c>)
  3c:	e7f9      	b.n	32 <alt_gpt_int_is_pending+0x32>
  3e:	4b08      	ldr	r3, [pc, #32]	; (60 <alt_gpt_int_is_pending+0x60>)
  40:	e7f7      	b.n	32 <alt_gpt_int_is_pending+0x32>
  42:	4b08      	ldr	r3, [pc, #32]	; (64 <alt_gpt_int_is_pending+0x64>)
  44:	e7f5      	b.n	32 <alt_gpt_int_is_pending+0x32>
  46:	4b08      	ldr	r3, [pc, #32]	; (68 <alt_gpt_int_is_pending+0x68>)
  48:	e7f3      	b.n	32 <alt_gpt_int_is_pending+0x32>
  4a:	f04f 30ff 	mov.w	r0, #4294967295	; 0xffffffff
  4e:	bd08      	pop	{r3, pc}
  50:	f06f 0008 	mvn.w	r0, #8
  54:	bd08      	pop	{r3, pc}
  56:	bf00      	nop
  58:	ffc09010 	.word	0xffc09010
  5c:	fffec60c 	.word	0xfffec60c
  60:	ffd00010 	.word	0xffd00010
  64:	ffd01010 	.word	0xffd01010
  68:	ffc08010 	.word	0xffc08010

Disassembly of section .text.alt_gpt_int_if_pending_clear:

00000000 <alt_gpt_int_if_pending_clear>:
   0:	b508      	push	{r3, lr}
   2:	b910      	cbnz	r0, a <alt_gpt_int_if_pending_clear+0xa>
   4:	f7ff fffe 	bl	0 <alt_globaltmr_int_if_pending_clear>
   8:	bd08      	pop	{r3, pc}
   a:	2802      	cmp	r0, #2
   c:	d106      	bne.n	1c <alt_gpt_int_if_pending_clear+0x1c>
   e:	f7ff fffe 	bl	0 <cpu_wdog_in_gpt_mode>
  12:	b318      	cbz	r0, 5c <alt_gpt_int_if_pending_clear+0x5c>
  14:	2000      	movs	r0, #0
  16:	f7ff fffe 	bl	0 <alt_wdog_int_if_pending_clear>
  1a:	bd08      	pop	{r3, pc}
  1c:	2801      	cmp	r0, #1
  1e:	d106      	bne.n	2e <alt_gpt_int_if_pending_clear+0x2e>
  20:	4a12      	ldr	r2, [pc, #72]	; (6c <alt_gpt_int_if_pending_clear+0x6c>)
  22:	6813      	ldr	r3, [r2, #0]
  24:	f013 0301 	ands.w	r3, r3, #1
  28:	d01b      	beq.n	62 <alt_gpt_int_if_pending_clear+0x62>
  2a:	6010      	str	r0, [r2, #0]
  2c:	bd08      	pop	{r3, pc}
  2e:	2803      	cmp	r0, #3
  30:	d108      	bne.n	44 <alt_gpt_int_if_pending_clear+0x44>
  32:	4b0f      	ldr	r3, [pc, #60]	; (70 <alt_gpt_int_if_pending_clear+0x70>)
  34:	6818      	ldr	r0, [r3, #0]
  36:	f010 0001 	ands.w	r0, r0, #1
  3a:	d016      	beq.n	6a <alt_gpt_int_if_pending_clear+0x6a>
  3c:	3b04      	subs	r3, #4
  3e:	2001      	movs	r0, #1
  40:	681b      	ldr	r3, [r3, #0]
  42:	bd08      	pop	{r3, pc}
  44:	2804      	cmp	r0, #4
  46:	d101      	bne.n	4c <alt_gpt_int_if_pending_clear+0x4c>
  48:	4b0a      	ldr	r3, [pc, #40]	; (74 <alt_gpt_int_if_pending_clear+0x74>)
  4a:	e7f3      	b.n	34 <alt_gpt_int_if_pending_clear+0x34>
  4c:	2805      	cmp	r0, #5
  4e:	d101      	bne.n	54 <alt_gpt_int_if_pending_clear+0x54>
  50:	4b09      	ldr	r3, [pc, #36]	; (78 <alt_gpt_int_if_pending_clear+0x78>)
  52:	e7ef      	b.n	34 <alt_gpt_int_if_pending_clear+0x34>
  54:	2806      	cmp	r0, #6
  56:	d106      	bne.n	66 <alt_gpt_int_if_pending_clear+0x66>
  58:	4b08      	ldr	r3, [pc, #32]	; (7c <alt_gpt_int_if_pending_clear+0x7c>)
  5a:	e7eb      	b.n	34 <alt_gpt_int_if_pending_clear+0x34>
  5c:	f04f 30ff 	mov.w	r0, #4294967295	; 0xffffffff
  60:	bd08      	pop	{r3, pc}
  62:	4618      	mov	r0, r3
  64:	bd08      	pop	{r3, pc}
  66:	f06f 0008 	mvn.w	r0, #8
  6a:	bd08      	pop	{r3, pc}
  6c:	fffec60c 	.word	0xfffec60c
  70:	ffd00010 	.word	0xffd00010
  74:	ffd01010 	.word	0xffd01010
  78:	ffc08010 	.word	0xffc08010
  7c:	ffc09010 	.word	0xffc09010

Disassembly of section .text.alt_gpt_mode_set:

00000000 <alt_gpt_mode_set>:
   0:	2901      	cmp	r1, #1
   2:	d835      	bhi.n	70 <alt_gpt_mode_set+0x70>
   4:	b928      	cbnz	r0, 12 <alt_gpt_mode_set+0x12>
   6:	2901      	cmp	r1, #1
   8:	d101      	bne.n	e <alt_gpt_mode_set+0xe>
   a:	f7ff bffe 	b.w	0 <alt_globaltmr_autoinc_mode_start>
   e:	f7ff bffe 	b.w	0 <alt_globaltmr_autoinc_mode_stop>
  12:	2802      	cmp	r0, #2
  14:	d107      	bne.n	26 <alt_gpt_mode_set+0x26>
  16:	2900      	cmp	r1, #0
  18:	f04f 0000 	mov.w	r0, #0
  1c:	bf0c      	ite	eq
  1e:	2102      	moveq	r1, #2
  20:	2103      	movne	r1, #3
  22:	f7ff bffe 	b.w	0 <alt_wdog_response_mode_set>
  26:	2801      	cmp	r0, #1
  28:	d10a      	bne.n	40 <alt_gpt_mode_set+0x40>
  2a:	4a13      	ldr	r2, [pc, #76]	; (78 <alt_gpt_mode_set+0x78>)
  2c:	2901      	cmp	r1, #1
  2e:	6813      	ldr	r3, [r2, #0]
  30:	bf0c      	ite	eq
  32:	f043 0302 	orreq.w	r3, r3, #2
  36:	f023 0302 	bicne.w	r3, r3, #2
  3a:	6013      	str	r3, [r2, #0]
  3c:	2000      	movs	r0, #0
  3e:	4770      	bx	lr
  40:	2803      	cmp	r0, #3
  42:	d00c      	beq.n	5e <alt_gpt_mode_set+0x5e>
  44:	2804      	cmp	r0, #4
  46:	d00c      	beq.n	62 <alt_gpt_mode_set+0x62>
  48:	2805      	cmp	r0, #5
  4a:	d00c      	beq.n	66 <alt_gpt_mode_set+0x66>
  4c:	2806      	cmp	r0, #6
  4e:	d10f      	bne.n	70 <alt_gpt_mode_set+0x70>
  50:	4b0a      	ldr	r3, [pc, #40]	; (7c <alt_gpt_mode_set+0x7c>)
  52:	681a      	ldr	r2, [r3, #0]
  54:	b949      	cbnz	r1, 6a <alt_gpt_mode_set+0x6a>
  56:	f022 0202 	bic.w	r2, r2, #2
  5a:	601a      	str	r2, [r3, #0]
  5c:	e7ee      	b.n	3c <alt_gpt_mode_set+0x3c>
  5e:	4b08      	ldr	r3, [pc, #32]	; (80 <alt_gpt_mode_set+0x80>)
  60:	e7f7      	b.n	52 <alt_gpt_mode_set+0x52>
  62:	4b08      	ldr	r3, [pc, #32]	; (84 <alt_gpt_mode_set+0x84>)
  64:	e7f5      	b.n	52 <alt_gpt_mode_set+0x52>
  66:	4b08      	ldr	r3, [pc, #32]	; (88 <alt_gpt_mode_set+0x88>)
  68:	e7f3      	b.n	52 <alt_gpt_mode_set+0x52>
  6a:	f042 0202 	orr.w	r2, r2, #2
  6e:	e7f4      	b.n	5a <alt_gpt_mode_set+0x5a>
  70:	f06f 0008 	mvn.w	r0, #8
  74:	4770      	bx	lr
  76:	bf00      	nop
  78:	fffec608 	.word	0xfffec608
  7c:	ffc09008 	.word	0xffc09008
  80:	ffd00008 	.word	0xffd00008
  84:	ffd01008 	.word	0xffd01008
  88:	ffc08008 	.word	0xffc08008

Disassembly of section .text.alt_gpt_mode_get:

00000000 <alt_gpt_mode_get>:
   0:	b508      	push	{r3, lr}
   2:	b910      	cbnz	r0, a <alt_gpt_mode_get+0xa>
   4:	f7ff fffe 	bl	0 <alt_globaltmr_is_autoinc_mode>
   8:	bd08      	pop	{r3, pc}
   a:	2802      	cmp	r0, #2
   c:	d10a      	bne.n	24 <alt_gpt_mode_get+0x24>
   e:	2000      	movs	r0, #0
  10:	f7ff fffe 	bl	0 <alt_wdog_response_mode_get>
  14:	2802      	cmp	r0, #2
  16:	d01c      	beq.n	52 <alt_gpt_mode_get+0x52>
  18:	2803      	cmp	r0, #3
  1a:	bf0c      	ite	eq
  1c:	2001      	moveq	r0, #1
  1e:	f04f 30ff 	movne.w	r0, #4294967295	; 0xffffffff
  22:	bd08      	pop	{r3, pc}
  24:	2801      	cmp	r0, #1
  26:	d104      	bne.n	32 <alt_gpt_mode_get+0x32>
  28:	4b0c      	ldr	r3, [pc, #48]	; (5c <alt_gpt_mode_get+0x5c>)
  2a:	6818      	ldr	r0, [r3, #0]
  2c:	f3c0 0040 	ubfx	r0, r0, #1, #1
  30:	bd08      	pop	{r3, pc}
  32:	2803      	cmp	r0, #3
  34:	d007      	beq.n	46 <alt_gpt_mode_get+0x46>
  36:	2804      	cmp	r0, #4
  38:	d007      	beq.n	4a <alt_gpt_mode_get+0x4a>
  3a:	2805      	cmp	r0, #5
  3c:	d007      	beq.n	4e <alt_gpt_mode_get+0x4e>
  3e:	2806      	cmp	r0, #6
  40:	d109      	bne.n	56 <alt_gpt_mode_get+0x56>
  42:	4b07      	ldr	r3, [pc, #28]	; (60 <alt_gpt_mode_get+0x60>)
  44:	e7f1      	b.n	2a <alt_gpt_mode_get+0x2a>
  46:	4b07      	ldr	r3, [pc, #28]	; (64 <alt_gpt_mode_get+0x64>)
  48:	e7ef      	b.n	2a <alt_gpt_mode_get+0x2a>
  4a:	4b07      	ldr	r3, [pc, #28]	; (68 <alt_gpt_mode_get+0x68>)
  4c:	e7ed      	b.n	2a <alt_gpt_mode_get+0x2a>
  4e:	4b07      	ldr	r3, [pc, #28]	; (6c <alt_gpt_mode_get+0x6c>)
  50:	e7eb      	b.n	2a <alt_gpt_mode_get+0x2a>
  52:	2000      	movs	r0, #0
  54:	bd08      	pop	{r3, pc}
  56:	f06f 0008 	mvn.w	r0, #8
  5a:	bd08      	pop	{r3, pc}
  5c:	fffec608 	.word	0xfffec608
  60:	ffc09008 	.word	0xffc09008
  64:	ffd00008 	.word	0xffd00008
  68:	ffd01008 	.word	0xffd01008
  6c:	ffc08008 	.word	0xffc08008
