
hwlibs/src/alt_generalpurpose_io.o:     file format elf32-littlearm


Disassembly of section .text.alt_gpio_uninit:

00000000 <alt_gpio_uninit>:
   0:	4a03      	ldr	r2, [pc, #12]	; (10 <alt_gpio_uninit+0x10>)
   2:	2000      	movs	r0, #0
   4:	6813      	ldr	r3, [r2, #0]
   6:	f043 6360 	orr.w	r3, r3, #234881024	; 0xe000000
   a:	6013      	str	r3, [r2, #0]
   c:	4770      	bx	lr
   e:	bf00      	nop
  10:	ffd05014 	.word	0xffd05014

Disassembly of section .text.alt_gpio_init:

00000000 <alt_gpio_init>:
   0:	b508      	push	{r3, lr}
   2:	f7ff fffe 	bl	0 <alt_gpio_init>
   6:	2000      	movs	r0, #0
   8:	4a02      	ldr	r2, [pc, #8]	; (14 <alt_gpio_init+0x14>)
   a:	6813      	ldr	r3, [r2, #0]
   c:	f023 6360 	bic.w	r3, r3, #234881024	; 0xe000000
  10:	6013      	str	r3, [r2, #0]
  12:	bd08      	pop	{r3, pc}
  14:	ffd05014 	.word	0xffd05014

Disassembly of section .text.alt_gpio_port_datadir_set:

00000000 <alt_gpio_port_datadir_set>:
   0:	ea41 0302 	orr.w	r3, r1, r2
   4:	f013 4f60 	tst.w	r3, #3758096384	; 0xe0000000
   8:	d110      	bne.n	2c <alt_gpio_port_datadir_set+0x2c>
   a:	b158      	cbz	r0, 24 <alt_gpio_port_datadir_set+0x24>
   c:	2801      	cmp	r0, #1
   e:	d00b      	beq.n	28 <alt_gpio_port_datadir_set+0x28>
  10:	2802      	cmp	r0, #2
  12:	d10e      	bne.n	32 <alt_gpio_port_datadir_set+0x32>
  14:	4b08      	ldr	r3, [pc, #32]	; (38 <alt_gpio_port_datadir_set+0x38>)
  16:	6818      	ldr	r0, [r3, #0]
  18:	4042      	eors	r2, r0
  1a:	4011      	ands	r1, r2
  1c:	4041      	eors	r1, r0
  1e:	2000      	movs	r0, #0
  20:	6019      	str	r1, [r3, #0]
  22:	4770      	bx	lr
  24:	4b05      	ldr	r3, [pc, #20]	; (3c <alt_gpio_port_datadir_set+0x3c>)
  26:	e7f6      	b.n	16 <alt_gpio_port_datadir_set+0x16>
  28:	4b05      	ldr	r3, [pc, #20]	; (40 <alt_gpio_port_datadir_set+0x40>)
  2a:	e7f4      	b.n	16 <alt_gpio_port_datadir_set+0x16>
  2c:	f04f 30ff 	mov.w	r0, #4294967295	; 0xffffffff
  30:	4770      	bx	lr
  32:	f06f 0008 	mvn.w	r0, #8
  36:	4770      	bx	lr
  38:	ff70a004 	.word	0xff70a004
  3c:	ff708004 	.word	0xff708004
  40:	ff709004 	.word	0xff709004

Disassembly of section .text.alt_gpio_port_datadir_get:

00000000 <alt_gpio_port_datadir_get>:
   0:	b138      	cbz	r0, 12 <alt_gpio_port_datadir_get+0x12>
   2:	2801      	cmp	r0, #1
   4:	d007      	beq.n	16 <alt_gpio_port_datadir_get+0x16>
   6:	2802      	cmp	r0, #2
   8:	d107      	bne.n	1a <alt_gpio_port_datadir_get+0x1a>
   a:	4b05      	ldr	r3, [pc, #20]	; (20 <alt_gpio_port_datadir_get+0x20>)
   c:	6818      	ldr	r0, [r3, #0]
   e:	4008      	ands	r0, r1
  10:	4770      	bx	lr
  12:	4b04      	ldr	r3, [pc, #16]	; (24 <alt_gpio_port_datadir_get+0x24>)
  14:	e7fa      	b.n	c <alt_gpio_port_datadir_get+0xc>
  16:	4b04      	ldr	r3, [pc, #16]	; (28 <alt_gpio_port_datadir_get+0x28>)
  18:	e7f8      	b.n	c <alt_gpio_port_datadir_get+0xc>
  1a:	2000      	movs	r0, #0
  1c:	4770      	bx	lr
  1e:	bf00      	nop
  20:	ff70a004 	.word	0xff70a004
  24:	ff708004 	.word	0xff708004
  28:	ff709004 	.word	0xff709004

Disassembly of section .text.alt_gpio_port_data_write:

00000000 <alt_gpio_port_data_write>:
   0:	ea41 0302 	orr.w	r3, r1, r2
   4:	f013 4f60 	tst.w	r3, #3758096384	; 0xe0000000
   8:	d110      	bne.n	2c <alt_gpio_port_data_write+0x2c>
   a:	b158      	cbz	r0, 24 <alt_gpio_port_data_write+0x24>
   c:	2801      	cmp	r0, #1
   e:	d00b      	beq.n	28 <alt_gpio_port_data_write+0x28>
  10:	2802      	cmp	r0, #2
  12:	d10e      	bne.n	32 <alt_gpio_port_data_write+0x32>
  14:	4b08      	ldr	r3, [pc, #32]	; (38 <alt_gpio_port_data_write+0x38>)
  16:	6818      	ldr	r0, [r3, #0]
  18:	4042      	eors	r2, r0
  1a:	4011      	ands	r1, r2
  1c:	4041      	eors	r1, r0
  1e:	2000      	movs	r0, #0
  20:	6019      	str	r1, [r3, #0]
  22:	4770      	bx	lr
  24:	4b05      	ldr	r3, [pc, #20]	; (3c <alt_gpio_port_data_write+0x3c>)
  26:	e7f6      	b.n	16 <alt_gpio_port_data_write+0x16>
  28:	4b05      	ldr	r3, [pc, #20]	; (40 <alt_gpio_port_data_write+0x40>)
  2a:	e7f4      	b.n	16 <alt_gpio_port_data_write+0x16>
  2c:	f04f 30ff 	mov.w	r0, #4294967295	; 0xffffffff
  30:	4770      	bx	lr
  32:	f06f 0008 	mvn.w	r0, #8
  36:	4770      	bx	lr
  38:	ff70a000 	.word	0xff70a000
  3c:	ff708000 	.word	0xff708000
  40:	ff709000 	.word	0xff709000

Disassembly of section .text.alt_gpio_port_data_read:

00000000 <alt_gpio_port_data_read>:
   0:	b138      	cbz	r0, 12 <alt_gpio_port_data_read+0x12>
   2:	2801      	cmp	r0, #1
   4:	d007      	beq.n	16 <alt_gpio_port_data_read+0x16>
   6:	2802      	cmp	r0, #2
   8:	d107      	bne.n	1a <alt_gpio_port_data_read+0x1a>
   a:	4b05      	ldr	r3, [pc, #20]	; (20 <alt_gpio_port_data_read+0x20>)
   c:	6818      	ldr	r0, [r3, #0]
   e:	4008      	ands	r0, r1
  10:	4770      	bx	lr
  12:	4b04      	ldr	r3, [pc, #16]	; (24 <alt_gpio_port_data_read+0x24>)
  14:	e7fa      	b.n	c <alt_gpio_port_data_read+0xc>
  16:	4b04      	ldr	r3, [pc, #16]	; (28 <alt_gpio_port_data_read+0x28>)
  18:	e7f8      	b.n	c <alt_gpio_port_data_read+0xc>
  1a:	2000      	movs	r0, #0
  1c:	4770      	bx	lr
  1e:	bf00      	nop
  20:	ff70a050 	.word	0xff70a050
  24:	ff708050 	.word	0xff708050
  28:	ff709050 	.word	0xff709050

Disassembly of section .text.alt_gpio_port_int_type_set:

00000000 <alt_gpio_port_int_type_set>:
   0:	ea41 0302 	orr.w	r3, r1, r2
   4:	f013 4f60 	tst.w	r3, #3758096384	; 0xe0000000
   8:	d110      	bne.n	2c <alt_gpio_port_int_type_set+0x2c>
   a:	b158      	cbz	r0, 24 <alt_gpio_port_int_type_set+0x24>
   c:	2801      	cmp	r0, #1
   e:	d00b      	beq.n	28 <alt_gpio_port_int_type_set+0x28>
  10:	2802      	cmp	r0, #2
  12:	d10e      	bne.n	32 <alt_gpio_port_int_type_set+0x32>
  14:	4b08      	ldr	r3, [pc, #32]	; (38 <alt_gpio_port_int_type_set+0x38>)
  16:	6818      	ldr	r0, [r3, #0]
  18:	4042      	eors	r2, r0
  1a:	4011      	ands	r1, r2
  1c:	4041      	eors	r1, r0
  1e:	2000      	movs	r0, #0
  20:	6019      	str	r1, [r3, #0]
  22:	4770      	bx	lr
  24:	4b05      	ldr	r3, [pc, #20]	; (3c <alt_gpio_port_int_type_set+0x3c>)
  26:	e7f6      	b.n	16 <alt_gpio_port_int_type_set+0x16>
  28:	4b05      	ldr	r3, [pc, #20]	; (40 <alt_gpio_port_int_type_set+0x40>)
  2a:	e7f4      	b.n	16 <alt_gpio_port_int_type_set+0x16>
  2c:	f04f 30ff 	mov.w	r0, #4294967295	; 0xffffffff
  30:	4770      	bx	lr
  32:	f06f 0008 	mvn.w	r0, #8
  36:	4770      	bx	lr
  38:	ff70a038 	.word	0xff70a038
  3c:	ff708038 	.word	0xff708038
  40:	ff709038 	.word	0xff709038

Disassembly of section .text.alt_gpio_port_int_type_get:

00000000 <alt_gpio_port_int_type_get>:
   0:	b138      	cbz	r0, 12 <alt_gpio_port_int_type_get+0x12>
   2:	2801      	cmp	r0, #1
   4:	d007      	beq.n	16 <alt_gpio_port_int_type_get+0x16>
   6:	2802      	cmp	r0, #2
   8:	d107      	bne.n	1a <alt_gpio_port_int_type_get+0x1a>
   a:	4b05      	ldr	r3, [pc, #20]	; (20 <alt_gpio_port_int_type_get+0x20>)
   c:	6818      	ldr	r0, [r3, #0]
   e:	4008      	ands	r0, r1
  10:	4770      	bx	lr
  12:	4b04      	ldr	r3, [pc, #16]	; (24 <alt_gpio_port_int_type_get+0x24>)
  14:	e7fa      	b.n	c <alt_gpio_port_int_type_get+0xc>
  16:	4b04      	ldr	r3, [pc, #16]	; (28 <alt_gpio_port_int_type_get+0x28>)
  18:	e7f8      	b.n	c <alt_gpio_port_int_type_get+0xc>
  1a:	2000      	movs	r0, #0
  1c:	4770      	bx	lr
  1e:	bf00      	nop
  20:	ff70a038 	.word	0xff70a038
  24:	ff708038 	.word	0xff708038
  28:	ff709038 	.word	0xff709038

Disassembly of section .text.alt_gpio_port_int_pol_set:

00000000 <alt_gpio_port_int_pol_set>:
   0:	ea41 0302 	orr.w	r3, r1, r2
   4:	f013 4f60 	tst.w	r3, #3758096384	; 0xe0000000
   8:	d110      	bne.n	2c <alt_gpio_port_int_pol_set+0x2c>
   a:	b158      	cbz	r0, 24 <alt_gpio_port_int_pol_set+0x24>
   c:	2801      	cmp	r0, #1
   e:	d00b      	beq.n	28 <alt_gpio_port_int_pol_set+0x28>
  10:	2802      	cmp	r0, #2
  12:	d10e      	bne.n	32 <alt_gpio_port_int_pol_set+0x32>
  14:	4b08      	ldr	r3, [pc, #32]	; (38 <alt_gpio_port_int_pol_set+0x38>)
  16:	6818      	ldr	r0, [r3, #0]
  18:	4042      	eors	r2, r0
  1a:	4011      	ands	r1, r2
  1c:	4041      	eors	r1, r0
  1e:	2000      	movs	r0, #0
  20:	6019      	str	r1, [r3, #0]
  22:	4770      	bx	lr
  24:	4b05      	ldr	r3, [pc, #20]	; (3c <alt_gpio_port_int_pol_set+0x3c>)
  26:	e7f6      	b.n	16 <alt_gpio_port_int_pol_set+0x16>
  28:	4b05      	ldr	r3, [pc, #20]	; (40 <alt_gpio_port_int_pol_set+0x40>)
  2a:	e7f4      	b.n	16 <alt_gpio_port_int_pol_set+0x16>
  2c:	f04f 30ff 	mov.w	r0, #4294967295	; 0xffffffff
  30:	4770      	bx	lr
  32:	f06f 0008 	mvn.w	r0, #8
  36:	4770      	bx	lr
  38:	ff70a03c 	.word	0xff70a03c
  3c:	ff70803c 	.word	0xff70803c
  40:	ff70903c 	.word	0xff70903c

Disassembly of section .text.alt_gpio_port_int_pol_get:

00000000 <alt_gpio_port_int_pol_get>:
   0:	b138      	cbz	r0, 12 <alt_gpio_port_int_pol_get+0x12>
   2:	2801      	cmp	r0, #1
   4:	d007      	beq.n	16 <alt_gpio_port_int_pol_get+0x16>
   6:	2802      	cmp	r0, #2
   8:	d107      	bne.n	1a <alt_gpio_port_int_pol_get+0x1a>
   a:	4b05      	ldr	r3, [pc, #20]	; (20 <alt_gpio_port_int_pol_get+0x20>)
   c:	6818      	ldr	r0, [r3, #0]
   e:	4008      	ands	r0, r1
  10:	4770      	bx	lr
  12:	4b04      	ldr	r3, [pc, #16]	; (24 <alt_gpio_port_int_pol_get+0x24>)
  14:	e7fa      	b.n	c <alt_gpio_port_int_pol_get+0xc>
  16:	4b04      	ldr	r3, [pc, #16]	; (28 <alt_gpio_port_int_pol_get+0x28>)
  18:	e7f8      	b.n	c <alt_gpio_port_int_pol_get+0xc>
  1a:	2000      	movs	r0, #0
  1c:	4770      	bx	lr
  1e:	bf00      	nop
  20:	ff70a03c 	.word	0xff70a03c
  24:	ff70803c 	.word	0xff70803c
  28:	ff70903c 	.word	0xff70903c

Disassembly of section .text.alt_gpio_port_debounce_set:

00000000 <alt_gpio_port_debounce_set>:
   0:	ea41 0302 	orr.w	r3, r1, r2
   4:	f013 4f60 	tst.w	r3, #3758096384	; 0xe0000000
   8:	d110      	bne.n	2c <alt_gpio_port_debounce_set+0x2c>
   a:	b158      	cbz	r0, 24 <alt_gpio_port_debounce_set+0x24>
   c:	2801      	cmp	r0, #1
   e:	d00b      	beq.n	28 <alt_gpio_port_debounce_set+0x28>
  10:	2802      	cmp	r0, #2
  12:	d10e      	bne.n	32 <alt_gpio_port_debounce_set+0x32>
  14:	4b08      	ldr	r3, [pc, #32]	; (38 <alt_gpio_port_debounce_set+0x38>)
  16:	6818      	ldr	r0, [r3, #0]
  18:	4042      	eors	r2, r0
  1a:	4011      	ands	r1, r2
  1c:	4041      	eors	r1, r0
  1e:	2000      	movs	r0, #0
  20:	6019      	str	r1, [r3, #0]
  22:	4770      	bx	lr
  24:	4b05      	ldr	r3, [pc, #20]	; (3c <alt_gpio_port_debounce_set+0x3c>)
  26:	e7f6      	b.n	16 <alt_gpio_port_debounce_set+0x16>
  28:	4b05      	ldr	r3, [pc, #20]	; (40 <alt_gpio_port_debounce_set+0x40>)
  2a:	e7f4      	b.n	16 <alt_gpio_port_debounce_set+0x16>
  2c:	f04f 30ff 	mov.w	r0, #4294967295	; 0xffffffff
  30:	4770      	bx	lr
  32:	f06f 0008 	mvn.w	r0, #8
  36:	4770      	bx	lr
  38:	ff70a048 	.word	0xff70a048
  3c:	ff708048 	.word	0xff708048
  40:	ff709048 	.word	0xff709048

Disassembly of section .text.alt_gpio_port_debounce_get:

00000000 <alt_gpio_port_debounce_get>:
   0:	b138      	cbz	r0, 12 <alt_gpio_port_debounce_get+0x12>
   2:	2801      	cmp	r0, #1
   4:	d007      	beq.n	16 <alt_gpio_port_debounce_get+0x16>
   6:	2802      	cmp	r0, #2
   8:	d107      	bne.n	1a <alt_gpio_port_debounce_get+0x1a>
   a:	4b05      	ldr	r3, [pc, #20]	; (20 <alt_gpio_port_debounce_get+0x20>)
   c:	6818      	ldr	r0, [r3, #0]
   e:	4008      	ands	r0, r1
  10:	4770      	bx	lr
  12:	4b04      	ldr	r3, [pc, #16]	; (24 <alt_gpio_port_debounce_get+0x24>)
  14:	e7fa      	b.n	c <alt_gpio_port_debounce_get+0xc>
  16:	4b04      	ldr	r3, [pc, #16]	; (28 <alt_gpio_port_debounce_get+0x28>)
  18:	e7f8      	b.n	c <alt_gpio_port_debounce_get+0xc>
  1a:	2000      	movs	r0, #0
  1c:	4770      	bx	lr
  1e:	bf00      	nop
  20:	ff70a048 	.word	0xff70a048
  24:	ff708048 	.word	0xff708048
  28:	ff709048 	.word	0xff709048

Disassembly of section .text.alt_gpio_port_sync_set:

00000000 <alt_gpio_port_sync_set>:
   0:	3100      	adds	r1, #0
   2:	bf18      	it	ne
   4:	2101      	movne	r1, #1
   6:	b138      	cbz	r0, 18 <alt_gpio_port_sync_set+0x18>
   8:	2801      	cmp	r0, #1
   a:	d007      	beq.n	1c <alt_gpio_port_sync_set+0x1c>
   c:	2802      	cmp	r0, #2
   e:	d107      	bne.n	20 <alt_gpio_port_sync_set+0x20>
  10:	4b05      	ldr	r3, [pc, #20]	; (28 <alt_gpio_port_sync_set+0x28>)
  12:	6019      	str	r1, [r3, #0]
  14:	2000      	movs	r0, #0
  16:	4770      	bx	lr
  18:	4b04      	ldr	r3, [pc, #16]	; (2c <alt_gpio_port_sync_set+0x2c>)
  1a:	e7fa      	b.n	12 <alt_gpio_port_sync_set+0x12>
  1c:	4b04      	ldr	r3, [pc, #16]	; (30 <alt_gpio_port_sync_set+0x30>)
  1e:	e7f8      	b.n	12 <alt_gpio_port_sync_set+0x12>
  20:	f06f 0008 	mvn.w	r0, #8
  24:	4770      	bx	lr
  26:	bf00      	nop
  28:	ff70a060 	.word	0xff70a060
  2c:	ff708060 	.word	0xff708060
  30:	ff709060 	.word	0xff709060

Disassembly of section .text.alt_gpio_port_sync_get:

00000000 <alt_gpio_port_sync_get>:
   0:	b148      	cbz	r0, 16 <alt_gpio_port_sync_get+0x16>
   2:	2801      	cmp	r0, #1
   4:	d009      	beq.n	1a <alt_gpio_port_sync_get+0x1a>
   6:	2802      	cmp	r0, #2
   8:	d109      	bne.n	1e <alt_gpio_port_sync_get+0x1e>
   a:	4b06      	ldr	r3, [pc, #24]	; (24 <alt_gpio_port_sync_get+0x24>)
   c:	6818      	ldr	r0, [r3, #0]
   e:	3000      	adds	r0, #0
  10:	bf18      	it	ne
  12:	2001      	movne	r0, #1
  14:	4770      	bx	lr
  16:	4b04      	ldr	r3, [pc, #16]	; (28 <alt_gpio_port_sync_get+0x28>)
  18:	e7f8      	b.n	c <alt_gpio_port_sync_get+0xc>
  1a:	4b04      	ldr	r3, [pc, #16]	; (2c <alt_gpio_port_sync_get+0x2c>)
  1c:	e7f6      	b.n	c <alt_gpio_port_sync_get+0xc>
  1e:	f06f 0008 	mvn.w	r0, #8
  22:	4770      	bx	lr
  24:	ff70a060 	.word	0xff70a060
  28:	ff708060 	.word	0xff708060
  2c:	ff709060 	.word	0xff709060

Disassembly of section .text.alt_gpio_port_config:

00000000 <alt_gpio_port_config>:
   0:	e92d 4df0 	stmdb	sp!, {r4, r5, r6, r7, r8, sl, fp, lr}
   4:	4616      	mov	r6, r2
   6:	2200      	movs	r2, #0
   8:	4604      	mov	r4, r0
   a:	460d      	mov	r5, r1
   c:	469b      	mov	fp, r3
   e:	f8dd a020 	ldr.w	sl, [sp, #32]
  12:	f8dd 8024 	ldr.w	r8, [sp, #36]	; 0x24
  16:	9f0a      	ldr	r7, [sp, #40]	; 0x28
  18:	f7ff fffe 	bl	0 <alt_gpio_port_config>
  1c:	bb90      	cbnz	r0, 84 <alt_gpio_port_config+0x84>
  1e:	f1bb 0f00 	cmp.w	fp, #0
  22:	4629      	mov	r1, r5
  24:	bf14      	ite	ne
  26:	f06f 4260 	mvnne.w	r2, #3758096384	; 0xe0000000
  2a:	2200      	moveq	r2, #0
  2c:	4620      	mov	r0, r4
  2e:	f7ff fffe 	bl	0 <alt_gpio_port_config>
  32:	bb38      	cbnz	r0, 84 <alt_gpio_port_config+0x84>
  34:	f1ba 0f00 	cmp.w	sl, #0
  38:	4629      	mov	r1, r5
  3a:	bf14      	ite	ne
  3c:	f06f 4260 	mvnne.w	r2, #3758096384	; 0xe0000000
  40:	2200      	moveq	r2, #0
  42:	4620      	mov	r0, r4
  44:	f7ff fffe 	bl	0 <alt_gpio_port_config>
  48:	f1b8 0f00 	cmp.w	r8, #0
  4c:	4629      	mov	r1, r5
  4e:	bf14      	ite	ne
  50:	f06f 4260 	mvnne.w	r2, #3758096384	; 0xe0000000
  54:	2200      	moveq	r2, #0
  56:	4620      	mov	r0, r4
  58:	f7ff fffe 	bl	0 <alt_gpio_port_config>
  5c:	2f00      	cmp	r7, #0
  5e:	4629      	mov	r1, r5
  60:	bf14      	ite	ne
  62:	f06f 4260 	mvnne.w	r2, #3758096384	; 0xe0000000
  66:	2200      	moveq	r2, #0
  68:	4620      	mov	r0, r4
  6a:	f7ff fffe 	bl	0 <alt_gpio_port_config>
  6e:	2e00      	cmp	r6, #0
  70:	4629      	mov	r1, r5
  72:	4620      	mov	r0, r4
  74:	bf14      	ite	ne
  76:	f06f 4260 	mvnne.w	r2, #3758096384	; 0xe0000000
  7a:	2200      	moveq	r2, #0
  7c:	e8bd 4df0 	ldmia.w	sp!, {r4, r5, r6, r7, r8, sl, fp, lr}
  80:	f7ff bffe 	b.w	0 <alt_gpio_port_config>
  84:	e8bd 8df0 	ldmia.w	sp!, {r4, r5, r6, r7, r8, sl, fp, pc}

Disassembly of section .text.alt_gpio_port_int_enable:

00000000 <alt_gpio_port_int_enable>:
   0:	f011 4f60 	tst.w	r1, #3758096384	; 0xe0000000
   4:	d10e      	bne.n	24 <alt_gpio_port_int_enable+0x24>
   6:	b148      	cbz	r0, 1c <alt_gpio_port_int_enable+0x1c>
   8:	2801      	cmp	r0, #1
   a:	d009      	beq.n	20 <alt_gpio_port_int_enable+0x20>
   c:	2802      	cmp	r0, #2
   e:	d10c      	bne.n	2a <alt_gpio_port_int_enable+0x2a>
  10:	4b07      	ldr	r3, [pc, #28]	; (30 <alt_gpio_port_int_enable+0x30>)
  12:	681a      	ldr	r2, [r3, #0]
  14:	2000      	movs	r0, #0
  16:	4311      	orrs	r1, r2
  18:	6019      	str	r1, [r3, #0]
  1a:	4770      	bx	lr
  1c:	4b05      	ldr	r3, [pc, #20]	; (34 <alt_gpio_port_int_enable+0x34>)
  1e:	e7f8      	b.n	12 <alt_gpio_port_int_enable+0x12>
  20:	4b05      	ldr	r3, [pc, #20]	; (38 <alt_gpio_port_int_enable+0x38>)
  22:	e7f6      	b.n	12 <alt_gpio_port_int_enable+0x12>
  24:	f04f 30ff 	mov.w	r0, #4294967295	; 0xffffffff
  28:	4770      	bx	lr
  2a:	f06f 0008 	mvn.w	r0, #8
  2e:	4770      	bx	lr
  30:	ff70a030 	.word	0xff70a030
  34:	ff708030 	.word	0xff708030
  38:	ff709030 	.word	0xff709030

Disassembly of section .text.alt_gpio_port_int_disable:

00000000 <alt_gpio_port_int_disable>:
   0:	f011 4f60 	tst.w	r1, #3758096384	; 0xe0000000
   4:	d10f      	bne.n	26 <alt_gpio_port_int_disable+0x26>
   6:	b150      	cbz	r0, 1e <alt_gpio_port_int_disable+0x1e>
   8:	2801      	cmp	r0, #1
   a:	d00a      	beq.n	22 <alt_gpio_port_int_disable+0x22>
   c:	2802      	cmp	r0, #2
   e:	d10d      	bne.n	2c <alt_gpio_port_int_disable+0x2c>
  10:	4b08      	ldr	r3, [pc, #32]	; (34 <alt_gpio_port_int_disable+0x34>)
  12:	681a      	ldr	r2, [r3, #0]
  14:	2000      	movs	r0, #0
  16:	ea22 0101 	bic.w	r1, r2, r1
  1a:	6019      	str	r1, [r3, #0]
  1c:	4770      	bx	lr
  1e:	4b06      	ldr	r3, [pc, #24]	; (38 <alt_gpio_port_int_disable+0x38>)
  20:	e7f7      	b.n	12 <alt_gpio_port_int_disable+0x12>
  22:	4b06      	ldr	r3, [pc, #24]	; (3c <alt_gpio_port_int_disable+0x3c>)
  24:	e7f5      	b.n	12 <alt_gpio_port_int_disable+0x12>
  26:	f04f 30ff 	mov.w	r0, #4294967295	; 0xffffffff
  2a:	4770      	bx	lr
  2c:	f06f 0008 	mvn.w	r0, #8
  30:	4770      	bx	lr
  32:	bf00      	nop
  34:	ff70a030 	.word	0xff70a030
  38:	ff708030 	.word	0xff708030
  3c:	ff709030 	.word	0xff709030

Disassembly of section .text.alt_gpio_port_int_enable_get:

00000000 <alt_gpio_port_int_enable_get>:
   0:	b130      	cbz	r0, 10 <alt_gpio_port_int_enable_get+0x10>
   2:	2801      	cmp	r0, #1
   4:	d006      	beq.n	14 <alt_gpio_port_int_enable_get+0x14>
   6:	2802      	cmp	r0, #2
   8:	d106      	bne.n	18 <alt_gpio_port_int_enable_get+0x18>
   a:	4b04      	ldr	r3, [pc, #16]	; (1c <alt_gpio_port_int_enable_get+0x1c>)
   c:	6818      	ldr	r0, [r3, #0]
   e:	4770      	bx	lr
  10:	4b03      	ldr	r3, [pc, #12]	; (20 <alt_gpio_port_int_enable_get+0x20>)
  12:	e7fb      	b.n	c <alt_gpio_port_int_enable_get+0xc>
  14:	4b03      	ldr	r3, [pc, #12]	; (24 <alt_gpio_port_int_enable_get+0x24>)
  16:	e7f9      	b.n	c <alt_gpio_port_int_enable_get+0xc>
  18:	2000      	movs	r0, #0
  1a:	4770      	bx	lr
  1c:	ff70a030 	.word	0xff70a030
  20:	ff708030 	.word	0xff708030
  24:	ff709030 	.word	0xff709030

Disassembly of section .text.alt_gpio_port_int_mask_set:

00000000 <alt_gpio_port_int_mask_set>:
   0:	ea41 0302 	orr.w	r3, r1, r2
   4:	f013 4f60 	tst.w	r3, #3758096384	; 0xe0000000
   8:	d110      	bne.n	2c <alt_gpio_port_int_mask_set+0x2c>
   a:	b158      	cbz	r0, 24 <alt_gpio_port_int_mask_set+0x24>
   c:	2801      	cmp	r0, #1
   e:	d00b      	beq.n	28 <alt_gpio_port_int_mask_set+0x28>
  10:	2802      	cmp	r0, #2
  12:	d10e      	bne.n	32 <alt_gpio_port_int_mask_set+0x32>
  14:	4b08      	ldr	r3, [pc, #32]	; (38 <alt_gpio_port_int_mask_set+0x38>)
  16:	6818      	ldr	r0, [r3, #0]
  18:	4042      	eors	r2, r0
  1a:	4011      	ands	r1, r2
  1c:	4041      	eors	r1, r0
  1e:	2000      	movs	r0, #0
  20:	6019      	str	r1, [r3, #0]
  22:	4770      	bx	lr
  24:	4b05      	ldr	r3, [pc, #20]	; (3c <alt_gpio_port_int_mask_set+0x3c>)
  26:	e7f6      	b.n	16 <alt_gpio_port_int_mask_set+0x16>
  28:	4b05      	ldr	r3, [pc, #20]	; (40 <alt_gpio_port_int_mask_set+0x40>)
  2a:	e7f4      	b.n	16 <alt_gpio_port_int_mask_set+0x16>
  2c:	f04f 30ff 	mov.w	r0, #4294967295	; 0xffffffff
  30:	4770      	bx	lr
  32:	f06f 0008 	mvn.w	r0, #8
  36:	4770      	bx	lr
  38:	ff70a034 	.word	0xff70a034
  3c:	ff708034 	.word	0xff708034
  40:	ff709034 	.word	0xff709034

Disassembly of section .text.alt_gpio_port_int_mask_get:

00000000 <alt_gpio_port_int_mask_get>:
   0:	b130      	cbz	r0, 10 <alt_gpio_port_int_mask_get+0x10>
   2:	2801      	cmp	r0, #1
   4:	d006      	beq.n	14 <alt_gpio_port_int_mask_get+0x14>
   6:	2802      	cmp	r0, #2
   8:	d106      	bne.n	18 <alt_gpio_port_int_mask_get+0x18>
   a:	4b04      	ldr	r3, [pc, #16]	; (1c <alt_gpio_port_int_mask_get+0x1c>)
   c:	6818      	ldr	r0, [r3, #0]
   e:	4770      	bx	lr
  10:	4b03      	ldr	r3, [pc, #12]	; (20 <alt_gpio_port_int_mask_get+0x20>)
  12:	e7fb      	b.n	c <alt_gpio_port_int_mask_get+0xc>
  14:	4b03      	ldr	r3, [pc, #12]	; (24 <alt_gpio_port_int_mask_get+0x24>)
  16:	e7f9      	b.n	c <alt_gpio_port_int_mask_get+0xc>
  18:	2000      	movs	r0, #0
  1a:	4770      	bx	lr
  1c:	ff70a034 	.word	0xff70a034
  20:	ff708034 	.word	0xff708034
  24:	ff709034 	.word	0xff709034

Disassembly of section .text.alt_gpio_port_int_status_get:

00000000 <alt_gpio_port_int_status_get>:
   0:	b130      	cbz	r0, 10 <alt_gpio_port_int_status_get+0x10>
   2:	2801      	cmp	r0, #1
   4:	d006      	beq.n	14 <alt_gpio_port_int_status_get+0x14>
   6:	2802      	cmp	r0, #2
   8:	d106      	bne.n	18 <alt_gpio_port_int_status_get+0x18>
   a:	4b04      	ldr	r3, [pc, #16]	; (1c <alt_gpio_port_int_status_get+0x1c>)
   c:	6818      	ldr	r0, [r3, #0]
   e:	4770      	bx	lr
  10:	4b03      	ldr	r3, [pc, #12]	; (20 <alt_gpio_port_int_status_get+0x20>)
  12:	e7fb      	b.n	c <alt_gpio_port_int_status_get+0xc>
  14:	4b03      	ldr	r3, [pc, #12]	; (24 <alt_gpio_port_int_status_get+0x24>)
  16:	e7f9      	b.n	c <alt_gpio_port_int_status_get+0xc>
  18:	2000      	movs	r0, #0
  1a:	4770      	bx	lr
  1c:	ff70a040 	.word	0xff70a040
  20:	ff708040 	.word	0xff708040
  24:	ff709040 	.word	0xff709040

Disassembly of section .text.alt_gpio_port_int_status_clear:

00000000 <alt_gpio_port_int_status_clear>:
   0:	f011 4f60 	tst.w	r1, #3758096384	; 0xe0000000
   4:	d10c      	bne.n	20 <alt_gpio_port_int_status_clear+0x20>
   6:	b138      	cbz	r0, 18 <alt_gpio_port_int_status_clear+0x18>
   8:	2801      	cmp	r0, #1
   a:	d007      	beq.n	1c <alt_gpio_port_int_status_clear+0x1c>
   c:	2802      	cmp	r0, #2
   e:	d10a      	bne.n	26 <alt_gpio_port_int_status_clear+0x26>
  10:	4b06      	ldr	r3, [pc, #24]	; (2c <alt_gpio_port_int_status_clear+0x2c>)
  12:	6019      	str	r1, [r3, #0]
  14:	2000      	movs	r0, #0
  16:	4770      	bx	lr
  18:	4b05      	ldr	r3, [pc, #20]	; (30 <alt_gpio_port_int_status_clear+0x30>)
  1a:	e7fa      	b.n	12 <alt_gpio_port_int_status_clear+0x12>
  1c:	4b05      	ldr	r3, [pc, #20]	; (34 <alt_gpio_port_int_status_clear+0x34>)
  1e:	e7f8      	b.n	12 <alt_gpio_port_int_status_clear+0x12>
  20:	f04f 30ff 	mov.w	r0, #4294967295	; 0xffffffff
  24:	4770      	bx	lr
  26:	f06f 0008 	mvn.w	r0, #8
  2a:	4770      	bx	lr
  2c:	ff70a040 	.word	0xff70a040
  30:	ff708040 	.word	0xff708040
  34:	ff709040 	.word	0xff709040

Disassembly of section .text.alt_gpio_port_idcode_get:

00000000 <alt_gpio_port_idcode_get>:
   0:	b130      	cbz	r0, 10 <alt_gpio_port_idcode_get+0x10>
   2:	2801      	cmp	r0, #1
   4:	d006      	beq.n	14 <alt_gpio_port_idcode_get+0x14>
   6:	2802      	cmp	r0, #2
   8:	d106      	bne.n	18 <alt_gpio_port_idcode_get+0x18>
   a:	4b04      	ldr	r3, [pc, #16]	; (1c <alt_gpio_port_idcode_get+0x1c>)
   c:	6818      	ldr	r0, [r3, #0]
   e:	4770      	bx	lr
  10:	4b03      	ldr	r3, [pc, #12]	; (20 <alt_gpio_port_idcode_get+0x20>)
  12:	e7fb      	b.n	c <alt_gpio_port_idcode_get+0xc>
  14:	4b03      	ldr	r3, [pc, #12]	; (24 <alt_gpio_port_idcode_get+0x24>)
  16:	e7f9      	b.n	c <alt_gpio_port_idcode_get+0xc>
  18:	2000      	movs	r0, #0
  1a:	4770      	bx	lr
  1c:	ff70a064 	.word	0xff70a064
  20:	ff708064 	.word	0xff708064
  24:	ff709064 	.word	0xff709064

Disassembly of section .text.alt_gpio_port_ver_get:

00000000 <alt_gpio_port_ver_get>:
   0:	b130      	cbz	r0, 10 <alt_gpio_port_ver_get+0x10>
   2:	2801      	cmp	r0, #1
   4:	d006      	beq.n	14 <alt_gpio_port_ver_get+0x14>
   6:	2802      	cmp	r0, #2
   8:	d106      	bne.n	18 <alt_gpio_port_ver_get+0x18>
   a:	4b04      	ldr	r3, [pc, #16]	; (1c <alt_gpio_port_ver_get+0x1c>)
   c:	6818      	ldr	r0, [r3, #0]
   e:	4770      	bx	lr
  10:	4b03      	ldr	r3, [pc, #12]	; (20 <alt_gpio_port_ver_get+0x20>)
  12:	e7fb      	b.n	c <alt_gpio_port_ver_get+0xc>
  14:	4b03      	ldr	r3, [pc, #12]	; (24 <alt_gpio_port_ver_get+0x24>)
  16:	e7f9      	b.n	c <alt_gpio_port_ver_get+0xc>
  18:	2000      	movs	r0, #0
  1a:	4770      	bx	lr
  1c:	ff70a06c 	.word	0xff70a06c
  20:	ff70806c 	.word	0xff70806c
  24:	ff70906c 	.word	0xff70906c

Disassembly of section .text.alt_gpio_bit_to_pid:

00000000 <alt_gpio_bit_to_pid>:
   0:	281c      	cmp	r0, #28
   2:	dd06      	ble.n	12 <alt_gpio_bit_to_pid+0x12>
   4:	2839      	cmp	r0, #57	; 0x39
   6:	dd06      	ble.n	16 <alt_gpio_bit_to_pid+0x16>
   8:	2856      	cmp	r0, #86	; 0x56
   a:	bfcc      	ite	gt
   c:	2003      	movgt	r0, #3
   e:	2002      	movle	r0, #2
  10:	4770      	bx	lr
  12:	2000      	movs	r0, #0
  14:	4770      	bx	lr
  16:	2001      	movs	r0, #1
  18:	4770      	bx	lr

Disassembly of section .text.alt_gpio_bit_to_port_pin:

00000000 <alt_gpio_bit_to_port_pin>:
   0:	281c      	cmp	r0, #28
   2:	dd08      	ble.n	16 <alt_gpio_bit_to_port_pin+0x16>
   4:	2839      	cmp	r0, #57	; 0x39
   6:	dc01      	bgt.n	c <alt_gpio_bit_to_port_pin+0xc>
   8:	381d      	subs	r0, #29
   a:	4770      	bx	lr
   c:	2856      	cmp	r0, #86	; 0x56
   e:	dc01      	bgt.n	14 <alt_gpio_bit_to_port_pin+0x14>
  10:	383a      	subs	r0, #58	; 0x3a
  12:	4770      	bx	lr
  14:	2020      	movs	r0, #32
  16:	4770      	bx	lr

Disassembly of section .text.alt_gpio_bit_config:

00000000 <alt_gpio_bit_config>:
   0:	b530      	push	{r4, r5, lr}
   2:	4605      	mov	r5, r0
   4:	b085      	sub	sp, #20
   6:	f7ff fffe 	bl	0 <alt_gpio_bit_config>
   a:	4604      	mov	r4, r0
   c:	4628      	mov	r0, r5
   e:	f7ff fffe 	bl	0 <alt_gpio_bit_config>
  12:	9d09      	ldr	r5, [sp, #36]	; 0x24
  14:	9502      	str	r5, [sp, #8]
  16:	9d08      	ldr	r5, [sp, #32]
  18:	e88d 0028 	stmia.w	sp, {r3, r5}
  1c:	4613      	mov	r3, r2
  1e:	460a      	mov	r2, r1
  20:	2101      	movs	r1, #1
  22:	4081      	lsls	r1, r0
  24:	4620      	mov	r0, r4
  26:	f7ff fffe 	bl	0 <alt_gpio_bit_config>
  2a:	b005      	add	sp, #20
  2c:	bd30      	pop	{r4, r5, pc}

Disassembly of section .text.alt_gpio_bitconfig_get:

00000000 <alt_gpio_bitconfig_get>:
   0:	b538      	push	{r3, r4, r5, lr}
   2:	460a      	mov	r2, r1
   4:	4603      	mov	r3, r0
   6:	2900      	cmp	r1, #0
   8:	d03b      	beq.n	82 <alt_gpio_bitconfig_get+0x82>
   a:	1c41      	adds	r1, r0, #1
   c:	d039      	beq.n	82 <alt_gpio_bitconfig_get+0x82>
   e:	2856      	cmp	r0, #86	; 0x56
  10:	dc37      	bgt.n	82 <alt_gpio_bitconfig_get+0x82>
  12:	f7ff fffe 	bl	0 <alt_gpio_bitconfig_get>
  16:	4605      	mov	r5, r0
  18:	4618      	mov	r0, r3
  1a:	f7ff fffe 	bl	0 <alt_gpio_bitconfig_get>
  1e:	2d03      	cmp	r5, #3
  20:	d02f      	beq.n	82 <alt_gpio_bitconfig_get+0x82>
  22:	f1b0 5f80 	cmp.w	r0, #268435456	; 0x10000000
  26:	d82c      	bhi.n	82 <alt_gpio_bitconfig_get+0x82>
  28:	2401      	movs	r4, #1
  2a:	6013      	str	r3, [r2, #0]
  2c:	4084      	lsls	r4, r0
  2e:	4628      	mov	r0, r5
  30:	4621      	mov	r1, r4
  32:	f7ff fffe 	bl	0 <alt_gpio_bitconfig_get>
  36:	3000      	adds	r0, #0
  38:	4621      	mov	r1, r4
  3a:	bf18      	it	ne
  3c:	2001      	movne	r0, #1
  3e:	6050      	str	r0, [r2, #4]
  40:	4628      	mov	r0, r5
  42:	f7ff fffe 	bl	0 <alt_gpio_bitconfig_get>
  46:	3000      	adds	r0, #0
  48:	4621      	mov	r1, r4
  4a:	bf18      	it	ne
  4c:	2001      	movne	r0, #1
  4e:	6090      	str	r0, [r2, #8]
  50:	4628      	mov	r0, r5
  52:	f7ff fffe 	bl	0 <alt_gpio_bitconfig_get>
  56:	3000      	adds	r0, #0
  58:	4621      	mov	r1, r4
  5a:	bf18      	it	ne
  5c:	2001      	movne	r0, #1
  5e:	60d0      	str	r0, [r2, #12]
  60:	4628      	mov	r0, r5
  62:	f7ff fffe 	bl	0 <alt_gpio_bitconfig_get>
  66:	3000      	adds	r0, #0
  68:	4621      	mov	r1, r4
  6a:	bf18      	it	ne
  6c:	2001      	movne	r0, #1
  6e:	6110      	str	r0, [r2, #16]
  70:	4628      	mov	r0, r5
  72:	f7ff fffe 	bl	0 <alt_gpio_bitconfig_get>
  76:	3000      	adds	r0, #0
  78:	bf18      	it	ne
  7a:	2001      	movne	r0, #1
  7c:	6150      	str	r0, [r2, #20]
  7e:	2000      	movs	r0, #0
  80:	bd38      	pop	{r3, r4, r5, pc}
  82:	f04f 30ff 	mov.w	r0, #4294967295	; 0xffffffff
  86:	bd38      	pop	{r3, r4, r5, pc}

Disassembly of section .text.alt_gpio_group_config_get:

00000000 <alt_gpio_group_config_get>:
   0:	b538      	push	{r3, r4, r5, lr}
   2:	460d      	mov	r5, r1
   4:	4604      	mov	r4, r0
   6:	b948      	cbnz	r0, 1c <alt_gpio_group_config_get+0x1c>
   8:	f04f 30ff 	mov.w	r0, #4294967295	; 0xffffffff
   c:	b155      	cbz	r5, 24 <alt_gpio_group_config_get+0x24>
   e:	b14c      	cbz	r4, 24 <alt_gpio_group_config_get+0x24>
  10:	6823      	ldr	r3, [r4, #0]
  12:	1c5a      	adds	r2, r3, #1
  14:	d006      	beq.n	24 <alt_gpio_group_config_get+0x24>
  16:	2b56      	cmp	r3, #86	; 0x56
  18:	dd05      	ble.n	26 <alt_gpio_group_config_get+0x26>
  1a:	bd38      	pop	{r3, r4, r5, pc}
  1c:	6803      	ldr	r3, [r0, #0]
  1e:	3301      	adds	r3, #1
  20:	d1f2      	bne.n	8 <alt_gpio_group_config_get+0x8>
  22:	2000      	movs	r0, #0
  24:	bd38      	pop	{r3, r4, r5, pc}
  26:	4621      	mov	r1, r4
  28:	4618      	mov	r0, r3
  2a:	f7ff fffe 	bl	0 <alt_gpio_group_config_get>
  2e:	3418      	adds	r4, #24
  30:	2800      	cmp	r0, #0
  32:	d1f7      	bne.n	24 <alt_gpio_group_config_get+0x24>
  34:	3d01      	subs	r5, #1
  36:	e7e9      	b.n	c <alt_gpio_group_config_get+0xc>

Disassembly of section .text.alt_gpio_group_config_get2:

00000000 <alt_gpio_group_config_get2>:
   0:	b570      	push	{r4, r5, r6, lr}
   2:	4616      	mov	r6, r2
   4:	460d      	mov	r5, r1
   6:	b101      	cbz	r1, a <alt_gpio_group_config_get2+0xa>
   8:	b950      	cbnz	r0, 20 <alt_gpio_group_config_get2+0x20>
   a:	4604      	mov	r4, r0
   c:	f04f 30ff 	mov.w	r0, #4294967295	; 0xffffffff
  10:	b156      	cbz	r6, 28 <alt_gpio_group_config_get2+0x28>
  12:	b14c      	cbz	r4, 28 <alt_gpio_group_config_get2+0x28>
  14:	f854 3b04 	ldr.w	r3, [r4], #4
  18:	1c5a      	adds	r2, r3, #1
  1a:	d005      	beq.n	28 <alt_gpio_group_config_get2+0x28>
  1c:	b92d      	cbnz	r5, 2a <alt_gpio_group_config_get2+0x2a>
  1e:	bd70      	pop	{r4, r5, r6, pc}
  20:	6803      	ldr	r3, [r0, #0]
  22:	3301      	adds	r3, #1
  24:	d1f1      	bne.n	a <alt_gpio_group_config_get2+0xa>
  26:	2000      	movs	r0, #0
  28:	bd70      	pop	{r4, r5, r6, pc}
  2a:	4629      	mov	r1, r5
  2c:	4618      	mov	r0, r3
  2e:	f7ff fffe 	bl	0 <alt_gpio_group_config_get2>
  32:	3518      	adds	r5, #24
  34:	2800      	cmp	r0, #0
  36:	d1f7      	bne.n	28 <alt_gpio_group_config_get2+0x28>
  38:	3e01      	subs	r6, #1
  3a:	e7e9      	b.n	10 <alt_gpio_group_config_get2+0x10>

Disassembly of section .text.alt_gpio_group_config:

00000000 <alt_gpio_group_config>:
   0:	b5f7      	push	{r0, r1, r2, r4, r5, r6, r7, lr}
   2:	460e      	mov	r6, r1
   4:	b920      	cbnz	r0, 10 <alt_gpio_group_config+0x10>
   6:	f04f 35ff 	mov.w	r5, #4294967295	; 0xffffffff
   a:	4628      	mov	r0, r5
   c:	b003      	add	sp, #12
   e:	bdf0      	pop	{r4, r5, r6, r7, pc}
  10:	6803      	ldr	r3, [r0, #0]
  12:	3301      	adds	r3, #1
  14:	d03a      	beq.n	8c <alt_gpio_group_config+0x8c>
  16:	f100 0418 	add.w	r4, r0, #24
  1a:	f04f 35ff 	mov.w	r5, #4294967295	; 0xffffffff
  1e:	2e00      	cmp	r6, #0
  20:	d0f3      	beq.n	a <alt_gpio_group_config+0xa>
  22:	f854 0c18 	ldr.w	r0, [r4, #-24]
  26:	1c43      	adds	r3, r0, #1
  28:	d0ef      	beq.n	a <alt_gpio_group_config+0xa>
  2a:	f854 3c04 	ldr.w	r3, [r4, #-4]
  2e:	f1a4 0114 	sub.w	r1, r4, #20
  32:	9301      	str	r3, [sp, #4]
  34:	f854 3c08 	ldr.w	r3, [r4, #-8]
  38:	9300      	str	r3, [sp, #0]
  3a:	c90e      	ldmia	r1, {r1, r2, r3}
  3c:	f7ff fffe 	bl	0 <alt_gpio_group_config>
  40:	f854 1c14 	ldr.w	r1, [r4, #-20]
  44:	4605      	mov	r5, r0
  46:	f854 3c18 	ldr.w	r3, [r4, #-24]
  4a:	2901      	cmp	r1, #1
  4c:	d117      	bne.n	7e <alt_gpio_group_config+0x7e>
  4e:	b9c0      	cbnz	r0, 82 <alt_gpio_group_config+0x82>
  50:	4618      	mov	r0, r3
  52:	f7ff fffe 	bl	0 <alt_gpio_group_config>
  56:	4607      	mov	r7, r0
  58:	4618      	mov	r0, r3
  5a:	f7ff fffe 	bl	0 <alt_gpio_group_config>
  5e:	f854 3c04 	ldr.w	r3, [r4, #-4]
  62:	4081      	lsls	r1, r0
  64:	4638      	mov	r0, r7
  66:	2b00      	cmp	r3, #0
  68:	bf14      	ite	ne
  6a:	f06f 4260 	mvnne.w	r2, #3758096384	; 0xe0000000
  6e:	2200      	moveq	r2, #0
  70:	f7ff fffe 	bl	0 <alt_gpio_group_config>
  74:	f854 3c18 	ldr.w	r3, [r4, #-24]
  78:	2b56      	cmp	r3, #86	; 0x56
  7a:	dd04      	ble.n	86 <alt_gpio_group_config+0x86>
  7c:	e7c3      	b.n	6 <alt_gpio_group_config+0x6>
  7e:	2800      	cmp	r0, #0
  80:	d0f8      	beq.n	74 <alt_gpio_group_config+0x74>
  82:	2b56      	cmp	r3, #86	; 0x56
  84:	ddbf      	ble.n	6 <alt_gpio_group_config+0x6>
  86:	3e01      	subs	r6, #1
  88:	3418      	adds	r4, #24
  8a:	e7c8      	b.n	1e <alt_gpio_group_config+0x1e>
  8c:	2500      	movs	r5, #0
  8e:	e7bc      	b.n	a <alt_gpio_group_config+0xa>

Disassembly of section .text.alt_gpio_port_pin_to_bit:

00000000 <alt_gpio_port_pin_to_bit>:
   0:	2300      	movs	r3, #0
   2:	07ca      	lsls	r2, r1, #31
   4:	d509      	bpl.n	1a <alt_gpio_port_pin_to_bit+0x1a>
   6:	b110      	cbz	r0, e <alt_gpio_port_pin_to_bit+0xe>
   8:	2801      	cmp	r0, #1
   a:	d102      	bne.n	12 <alt_gpio_port_pin_to_bit+0x12>
   c:	331d      	adds	r3, #29
   e:	4618      	mov	r0, r3
  10:	4770      	bx	lr
  12:	2802      	cmp	r0, #2
  14:	d105      	bne.n	22 <alt_gpio_port_pin_to_bit+0x22>
  16:	333a      	adds	r3, #58	; 0x3a
  18:	e7f9      	b.n	e <alt_gpio_port_pin_to_bit+0xe>
  1a:	3301      	adds	r3, #1
  1c:	0849      	lsrs	r1, r1, #1
  1e:	2b1d      	cmp	r3, #29
  20:	d1ef      	bne.n	2 <alt_gpio_port_pin_to_bit+0x2>
  22:	f04f 30ff 	mov.w	r0, #4294967295	; 0xffffffff
  26:	4770      	bx	lr
