
demos_hwlibs/gpio_demo.o:     file format elf32-littlearm


Disassembly of section .text.gpio_demo_socfpga_int_setup:

00000000 <gpio_demo_socfpga_int_setup>:
   0:	b538      	push	{r3, r4, r5, lr}
   2:	4604      	mov	r4, r0
   4:	480f      	ldr	r0, [pc, #60]	; (44 <gpio_demo_socfpga_int_setup+0x44>)
   6:	460d      	mov	r5, r1
   8:	f7ff fffe 	bl	0 <FDy_puts>
   c:	f7ff fffe 	bl	0 <alt_int_global_init>
  10:	b9b8      	cbnz	r0, 32 <alt_int_cpu_init+0x32>
  12:	f7ff fffe 	bl	0 <alt_int_cpu_init>
  16:	b9a0      	cbnz	r0, 42 <gpio_demo_socfpga_int_setup+0x42>
  18:	2103      	movs	r1, #3
  1a:	4620      	mov	r0, r4
  1c:	f7ff fffe 	bl	0 <alt_int_dist_target_set>
  20:	b978      	cbnz	r0, 42 <gpio_demo_socfpga_int_setup+0x42>
  22:	4629      	mov	r1, r5
  24:	4620      	mov	r0, r4
  26:	f7ff fffe 	bl	0 <alt_int_dist_trigger_set>
  2a:	b950      	cbnz	r0, 42 <gpio_demo_socfpga_int_setup+0x42>
  2c:	4620      	mov	r0, r4
  2e:	f7ff fffe 	bl	0 <alt_int_dist_enable>
  32:	b930      	cbnz	r0, 10 <alt_int_cpu_enable+0x10>
  34:	f7ff fffe 	bl	0 <alt_int_cpu_enable>
  38:	b918      	cbnz	r0, 42 <gpio_demo_socfpga_int_setup+0x42>
  3a:	e8bd 4038 	ldmia.w	sp!, {r3, r4, r5, lr}
  3e:	f7ff bffe 	b.w	0 <alt_int_global_enable>
  42:	bd38      	pop	{r3, r4, r5, pc}
  44:	00000000 	.word	0x00000000

Disassembly of section .text.gpio_demo_system_init:

00000000 <gpio_demo_system_init>:
   0:	b510      	push	{r4, lr}
   2:	480f      	ldr	r0, [pc, #60]	; (40 <gpio_demo_system_init+0x40>)
   4:	f7ff fffe 	bl	0 <FDy_puts>
   8:	f7ff fffe 	bl	0 <alt_globaltmr_init>
   c:	4604      	mov	r4, r0
   e:	480d      	ldr	r0, [pc, #52]	; (44 <gpio_demo_system_init+0x44>)
  10:	f7ff fffe 	bl	0 <FDy_puts>
  14:	b944      	cbnz	r4, 14 <alt_gpio_init+0x14>
  16:	f7ff fffe 	bl	0 <alt_gpio_init>
  1a:	4604      	mov	r4, r0
  1c:	b920      	cbnz	r0, 28 <gpio_demo_system_init+0x28>
  1e:	2101      	movs	r1, #1
  20:	20c6      	movs	r0, #198	; 0xc6
  22:	f7ff fffe 	bl	0 <gpio_demo_system_init>
  26:	4604      	mov	r4, r0
  28:	4807      	ldr	r0, [pc, #28]	; (48 <gpio_demo_system_init+0x48>)
  2a:	f7ff fffe 	bl	0 <FDy_puts>
  2e:	b92c      	cbnz	r4, 3c <gpio_demo_system_init+0x3c>
  30:	2101      	movs	r1, #1
  32:	4806      	ldr	r0, [pc, #24]	; (4c <gpio_demo_system_init+0x4c>)
  34:	e8bd 4010 	ldmia.w	sp!, {r4, lr}
  38:	f7ff bffe 	b.w	0 <alt_gpio_group_config>
  3c:	4620      	mov	r0, r4
  3e:	bd10      	pop	{r4, pc}
  40:	00000000 	.word	0x00000000
  44:	0000001f 	.word	0x0000001f
  48:	00000039 	.word	0x00000039
  4c:	00000000 	.word	0x00000000

Disassembly of section .text.gpio_demo_socfpga_int_cleanup:

00000000 <gpio_demo_socfpga_int_cleanup>:
   0:	b510      	push	{r4, lr}
   2:	4604      	mov	r4, r0
   4:	480c      	ldr	r0, [pc, #48]	; (38 <gpio_demo_socfpga_int_cleanup+0x38>)
   6:	f7ff fffe 	bl	0 <FDy_puts>
   a:	f7ff fffe 	bl	0 <alt_int_global_disable>
   e:	b988      	cbnz	r0, 26 <alt_int_cpu_disable+0x26>
  10:	f7ff fffe 	bl	0 <alt_int_cpu_disable>
  14:	b970      	cbnz	r0, 34 <gpio_demo_socfpga_int_cleanup+0x34>
  16:	4620      	mov	r0, r4
  18:	f7ff fffe 	bl	0 <alt_int_dist_disable>
  1c:	b950      	cbnz	r0, 34 <gpio_demo_socfpga_int_cleanup+0x34>
  1e:	4620      	mov	r0, r4
  20:	f7ff fffe 	bl	0 <alt_int_isr_unregister>
  24:	b930      	cbnz	r0, 10 <alt_int_cpu_uninit+0x10>
  26:	f7ff fffe 	bl	0 <alt_int_cpu_uninit>
  2a:	b918      	cbnz	r0, 34 <gpio_demo_socfpga_int_cleanup+0x34>
  2c:	e8bd 4010 	ldmia.w	sp!, {r4, lr}
  30:	f7ff bffe 	b.w	0 <alt_int_global_uninit>
  34:	bd10      	pop	{r4, pc}
  36:	bf00      	nop
  38:	00000000 	.word	0x00000000

Disassembly of section .text.gpio_demo_system_uninit:

00000000 <gpio_demo_system_uninit>:
   0:	b508      	push	{r3, lr}
   2:	4804      	ldr	r0, [pc, #16]	; (14 <gpio_demo_system_uninit+0x14>)
   4:	f7ff fffe 	bl	0 <FDy_puts>
   8:	20c6      	movs	r0, #198	; 0xc6
   a:	e8bd 4008 	ldmia.w	sp!, {r3, lr}
   e:	f7ff bffe 	b.w	0 <gpio_demo_system_uninit>
  12:	bf00      	nop
  14:	00000000 	.word	0x00000000

Disassembly of section .text.gpio_demo_delay_us:

00000000 <gpio_demo_delay_us>:
   0:	e92d 41f3 	stmdb	sp!, {r0, r1, r4, r5, r6, r7, r8, lr}
   4:	4606      	mov	r6, r0
   6:	f7ff fffe 	bl	0 <alt_globaltmr_get64>
   a:	460d      	mov	r5, r1
   c:	4604      	mov	r4, r0
   e:	f7ff fffe 	bl	0 <alt_globaltmr_prescaler_get>
  12:	a901      	add	r1, sp, #4
  14:	4680      	mov	r8, r0
  16:	2015      	movs	r0, #21
  18:	f7ff fffe 	bl	0 <alt_clk_freq_get>
  1c:	f108 0101 	add.w	r1, r8, #1
  20:	4607      	mov	r7, r0
  22:	9801      	ldr	r0, [sp, #4]
  24:	f7ff fffe 	bl	0 <__aeabi_uidiv>
  28:	4b08      	ldr	r3, [pc, #32]	; (4c <gpio_demo_delay_us+0x4c>)
  2a:	fba0 0103 	umull	r0, r1, r0, r3
  2e:	0c8b      	lsrs	r3, r1, #18
  30:	435e      	muls	r6, r3
  32:	19a4      	adds	r4, r4, r6
  34:	f145 0500 	adc.w	r5, r5, #0
  38:	f7ff fffe 	bl	0 <alt_globaltmr_get64>
  3c:	42a9      	cmp	r1, r5
  3e:	bf08      	it	eq
  40:	42a0      	cmpeq	r0, r4
  42:	d3f9      	bcc.n	38 <gpio_demo_delay_us+0x38>
  44:	4638      	mov	r0, r7
  46:	b002      	add	sp, #8
  48:	e8bd 81f0 	ldmia.w	sp!, {r4, r5, r6, r7, r8, pc}
  4c:	431bde83 	.word	0x431bde83

Disassembly of section .text.gpio_demo_led_blink:

00000000 <gpio_demo_led_blink>:
   0:	b508      	push	{r3, lr}
   2:	4818      	ldr	r0, [pc, #96]	; (64 <gpio_demo_led_blink+0x64>)
   4:	f7ff fffe 	bl	0 <FDy_puts>
   8:	f04f 7280 	mov.w	r2, #16777216	; 0x1000000
   c:	2001      	movs	r0, #1
   e:	4611      	mov	r1, r2
  10:	f7ff fffe 	bl	0 <alt_gpio_port_data_write>
  14:	bb28      	cbnz	r0, 62 <gpio_demo_led_blink+0x62>
  16:	4814      	ldr	r0, [pc, #80]	; (68 <gpio_demo_led_blink+0x68>)
  18:	f7ff fffe 	bl	0 <gpio_demo_led_blink>
  1c:	bb08      	cbnz	r0, 62 <gpio_demo_led_blink+0x62>
  1e:	4602      	mov	r2, r0
  20:	f04f 7180 	mov.w	r1, #16777216	; 0x1000000
  24:	2001      	movs	r0, #1
  26:	f7ff fffe 	bl	0 <alt_gpio_port_data_write>
  2a:	b9d0      	cbnz	r0, 62 <gpio_demo_led_blink+0x62>
  2c:	480e      	ldr	r0, [pc, #56]	; (68 <gpio_demo_led_blink+0x68>)
  2e:	f7ff fffe 	bl	0 <gpio_demo_led_blink>
  32:	b9b0      	cbnz	r0, 62 <gpio_demo_led_blink+0x62>
  34:	f04f 7280 	mov.w	r2, #16777216	; 0x1000000
  38:	2001      	movs	r0, #1
  3a:	4611      	mov	r1, r2
  3c:	f7ff fffe 	bl	0 <alt_gpio_port_data_write>
  40:	b978      	cbnz	r0, 62 <gpio_demo_led_blink+0x62>
  42:	4809      	ldr	r0, [pc, #36]	; (68 <gpio_demo_led_blink+0x68>)
  44:	f7ff fffe 	bl	0 <gpio_demo_led_blink>
  48:	b958      	cbnz	r0, 62 <gpio_demo_led_blink+0x62>
  4a:	4602      	mov	r2, r0
  4c:	f04f 7180 	mov.w	r1, #16777216	; 0x1000000
  50:	2001      	movs	r0, #1
  52:	f7ff fffe 	bl	0 <alt_gpio_port_data_write>
  56:	b920      	cbnz	r0, 62 <gpio_demo_led_blink+0x62>
  58:	4803      	ldr	r0, [pc, #12]	; (68 <gpio_demo_led_blink+0x68>)
  5a:	e8bd 4008 	ldmia.w	sp!, {r3, lr}
  5e:	f7ff bffe 	b.w	0 <gpio_demo_led_blink>
  62:	bd08      	pop	{r3, pc}
  64:	00000000 	.word	0x00000000
  68:	0007a120 	.word	0x0007a120

Disassembly of section .text.gpio_demo_main:

00000000 <gpio_demo_main>:
   0:	b508      	push	{r3, lr}
   2:	f7ff fffe 	bl	0 <gpio_demo_main>
   6:	b910      	cbnz	r0, 8 <gpio_demo_main+0x8>
   8:	f7ff fffe 	bl	0 <gpio_demo_main>
   c:	e7fc      	b.n	8 <gpio_demo_main+0x8>
   e:	2000      	movs	r0, #0
  10:	bd08      	pop	{r3, pc}
