
demos_hwlibs/timers_demo.o:     file format elf32-littlearm


Disassembly of section .text.timers_demo_gp_timer_isr_callback:

00000000 <timers_demo_gp_timer_isr_callback>:
   0:	b510      	push	{r4, lr}
   2:	2006      	movs	r0, #6
   4:	f7ff fffe 	bl	0 <alt_gpt_int_clear_pending>
   8:	4a12      	ldr	r2, [pc, #72]	; (54 <timers_demo_gp_timer_isr_callback+0x54>)
   a:	4c13      	ldr	r4, [pc, #76]	; (58 <timers_demo_gp_timer_isr_callback+0x58>)
   c:	6813      	ldr	r3, [r2, #0]
   e:	3301      	adds	r3, #1
  10:	6013      	str	r3, [r2, #0]
  12:	f5b3 7ffa 	cmp.w	r3, #500	; 0x1f4
  16:	d910      	bls.n	3a <timers_demo_gp_timer_isr_callback+0x3a>
  18:	6823      	ldr	r3, [r4, #0]
  1a:	2100      	movs	r1, #0
  1c:	6011      	str	r1, [r2, #0]
  1e:	3301      	adds	r3, #1
  20:	6023      	str	r3, [r4, #0]
  22:	4b0e      	ldr	r3, [pc, #56]	; (5c <timers_demo_gp_timer_isr_callback+0x5c>)
  24:	681a      	ldr	r2, [r3, #0]
  26:	2a01      	cmp	r2, #1
  28:	bf07      	ittee	eq
  2a:	6019      	streq	r1, [r3, #0]
  2c:	2048      	moveq	r0, #72	; 0x48
  2e:	204c      	movne	r0, #76	; 0x4c
  30:	2201      	movne	r2, #1
  32:	bf18      	it	ne
  34:	601a      	strne	r2, [r3, #0]
  36:	f7ff fffe 	bl	0 <putc>
  3a:	6823      	ldr	r3, [r4, #0]
  3c:	2b05      	cmp	r3, #5
  3e:	d907      	bls.n	50 <timers_demo_gp_timer_isr_callback+0x50>
  40:	4807      	ldr	r0, [pc, #28]	; (60 <timers_demo_gp_timer_isr_callback+0x60>)
  42:	f7ff fffe 	bl	0 <puts>
  46:	4b07      	ldr	r3, [pc, #28]	; (64 <timers_demo_gp_timer_isr_callback+0x64>)
  48:	2201      	movs	r2, #1
  4a:	701a      	strb	r2, [r3, #0]
  4c:	2300      	movs	r3, #0
  4e:	6023      	str	r3, [r4, #0]
  50:	bd10      	pop	{r4, pc}
  52:	bf00      	nop
	...

Disassembly of section .text.timers_demo_glbl_timer_isr_callback:

00000000 <timers_demo_glbl_timer_isr_callback>:
   0:	b538      	push	{r3, r4, r5, lr}
   2:	4c0a      	ldr	r4, [pc, #40]	; (2c <timers_demo_glbl_timer_isr_callback+0x2c>)
   4:	f7ff fffe 	bl	0 <alt_globaltmr_int_clear_pending>
   8:	6825      	ldr	r5, [r4, #0]
   a:	f7ff fffe 	bl	0 <alt_globaltmr_get64>
   e:	4b08      	ldr	r3, [pc, #32]	; (30 <timers_demo_glbl_timer_isr_callback+0x30>)
  10:	eb03 03c5 	add.w	r3, r3, r5, lsl #3
  14:	e9c3 0100 	strd	r0, r1, [r3]
  18:	6823      	ldr	r3, [r4, #0]
  1a:	3301      	adds	r3, #1
  1c:	6023      	str	r3, [r4, #0]
  1e:	2b0a      	cmp	r3, #10
  20:	bf02      	ittt	eq
  22:	2201      	moveq	r2, #1
  24:	4b03      	ldreq	r3, [pc, #12]	; (34 <timers_demo_glbl_timer_isr_callback+0x34>)
  26:	701a      	strbeq	r2, [r3, #0]
  28:	bd38      	pop	{r3, r4, r5, pc}
  2a:	bf00      	nop
	...

Disassembly of section .text.timers_demo_wdog0_isr_callback:

00000000 <timers_demo_wdog0_isr_callback>:
   0:	b508      	push	{r3, lr}
   2:	2001      	movs	r0, #1
   4:	f7ff fffe 	bl	0 <alt_wdog_int_clear>
   8:	4b01      	ldr	r3, [pc, #4]	; (10 <timers_demo_wdog0_isr_callback+0x10>)
   a:	2201      	movs	r2, #1
   c:	701a      	strb	r2, [r3, #0]
   e:	bd08      	pop	{r3, pc}
  10:	00000000 	.word	0x00000000

Disassembly of section .text.timers_demo_system_init:

00000000 <timers_demo_system_init>:
   0:	b508      	push	{r3, lr}
   2:	4809      	ldr	r0, [pc, #36]	; (28 <timers_demo_system_init+0x28>)
   4:	f7ff fffe 	bl	0 <puts>
   8:	4808      	ldr	r0, [pc, #32]	; (2c <timers_demo_system_init+0x2c>)
   a:	f7ff fffe 	bl	0 <puts>
   e:	4808      	ldr	r0, [pc, #32]	; (30 <timers_demo_system_init+0x30>)
  10:	f7ff fffe 	bl	0 <puts>
  14:	f7ff fffe 	bl	0 <alt_globaltmr_int_is_enabled>
  18:	b918      	cbnz	r0, 22 <timers_demo_system_init+0x22>
  1a:	e8bd 4008 	ldmia.w	sp!, {r3, lr}
  1e:	f7ff bffe 	b.w	0 <alt_globaltmr_init>
  22:	2000      	movs	r0, #0
  24:	bd08      	pop	{r3, pc}
  26:	bf00      	nop
  28:	00000000 	.word	0x00000000
  2c:	00000003 	.word	0x00000003
  30:	00000022 	.word	0x00000022

Disassembly of section .text.timers_demo_timer0_freerun_demo:

00000000 <timers_demo_timer0_freerun_demo>:
   0:	b538      	push	{r3, r4, r5, lr}
   2:	483d      	ldr	r0, [pc, #244]	; (f8 <timers_demo_timer0_freerun_demo+0xf8>)
   4:	f7ff fffe 	bl	0 <puts>
   8:	483c      	ldr	r0, [pc, #240]	; (fc <timers_demo_timer0_freerun_demo+0xfc>)
   a:	f7ff fffe 	bl	0 <puts>
   e:	483c      	ldr	r0, [pc, #240]	; (100 <timers_demo_timer0_freerun_demo+0x100>)
  10:	f7ff fffe 	bl	0 <puts>
  14:	2101      	movs	r1, #1
  16:	2003      	movs	r0, #3
  18:	f7ff fffe 	bl	0 <alt_gpt_mode_set>
  1c:	4604      	mov	r4, r0
  1e:	2800      	cmp	r0, #0
  20:	d162      	bne.n	e8 <timers_demo_timer0_freerun_demo+0xe8>
  22:	4838      	ldr	r0, [pc, #224]	; (104 <timers_demo_timer0_freerun_demo+0x104>)
  24:	f7ff fffe 	bl	0 <puts>
  28:	f44f 3180 	mov.w	r1, #65536	; 0x10000
  2c:	2003      	movs	r0, #3
  2e:	f7ff fffe 	bl	0 <alt_gpt_counter_set>
  32:	4604      	mov	r4, r0
  34:	2800      	cmp	r0, #0
  36:	d157      	bne.n	e8 <timers_demo_timer0_freerun_demo+0xe8>
  38:	4833      	ldr	r0, [pc, #204]	; (108 <timers_demo_timer0_freerun_demo+0x108>)
  3a:	f7ff fffe 	bl	0 <puts>
  3e:	2003      	movs	r0, #3
  40:	f7ff fffe 	bl	0 <alt_gpt_tmr_start>
  44:	4604      	mov	r4, r0
  46:	2800      	cmp	r0, #0
  48:	d14e      	bne.n	e8 <timers_demo_timer0_freerun_demo+0xe8>
  4a:	4830      	ldr	r0, [pc, #192]	; (10c <timers_demo_timer0_freerun_demo+0x10c>)
  4c:	f7ff fffe 	bl	0 <puts>
  50:	2003      	movs	r0, #3
  52:	f7ff fffe 	bl	0 <alt_gpt_tmr_is_running>
  56:	2801      	cmp	r0, #1
  58:	d148      	bne.n	ec <timers_demo_timer0_freerun_demo+0xec>
  5a:	482d      	ldr	r0, [pc, #180]	; (110 <timers_demo_timer0_freerun_demo+0x110>)
  5c:	f7ff fffe 	bl	0 <puts>
  60:	2003      	movs	r0, #3
  62:	f7ff fffe 	bl	0 <alt_gpt_freq_get>
  66:	2003      	movs	r0, #3
  68:	f7ff fffe 	bl	0 <alt_gpt_curtime_get>
  6c:	4605      	mov	r5, r0
  6e:	4829      	ldr	r0, [pc, #164]	; (114 <timers_demo_timer0_freerun_demo+0x114>)
  70:	f7ff fffe 	bl	0 <puts>
  74:	4628      	mov	r0, r5
  76:	f7ff fffe 	bl	0 <putHexa32>
  7a:	4827      	ldr	r0, [pc, #156]	; (118 <timers_demo_timer0_freerun_demo+0x118>)
  7c:	f7ff fffe 	bl	0 <puts>
  80:	2003      	movs	r0, #3
  82:	f7ff fffe 	bl	0 <alt_gpt_curtime_millisecs_get>
  86:	4605      	mov	r5, r0
  88:	4824      	ldr	r0, [pc, #144]	; (11c <timers_demo_timer0_freerun_demo+0x11c>)
  8a:	f7ff fffe 	bl	0 <puts>
  8e:	4628      	mov	r0, r5
  90:	f7ff fffe 	bl	0 <putHexa32>
  94:	4820      	ldr	r0, [pc, #128]	; (118 <timers_demo_timer0_freerun_demo+0x118>)
  96:	f7ff fffe 	bl	0 <puts>
  9a:	2003      	movs	r0, #3
  9c:	f7ff fffe 	bl	0 <alt_gpt_curtime_microsecs_get>
  a0:	4605      	mov	r5, r0
  a2:	481f      	ldr	r0, [pc, #124]	; (120 <timers_demo_timer0_freerun_demo+0x120>)
  a4:	f7ff fffe 	bl	0 <puts>
  a8:	4628      	mov	r0, r5
  aa:	f7ff fffe 	bl	0 <putHexa32>
  ae:	481a      	ldr	r0, [pc, #104]	; (118 <timers_demo_timer0_freerun_demo+0x118>)
  b0:	f7ff fffe 	bl	0 <puts>
  b4:	2003      	movs	r0, #3
  b6:	f7ff fffe 	bl	0 <alt_gpt_maxtime_get>
  ba:	4605      	mov	r5, r0
  bc:	4819      	ldr	r0, [pc, #100]	; (124 <timers_demo_timer0_freerun_demo+0x124>)
  be:	f7ff fffe 	bl	0 <puts>
  c2:	4628      	mov	r0, r5
  c4:	f7ff fffe 	bl	0 <putHexa32>
  c8:	4813      	ldr	r0, [pc, #76]	; (118 <timers_demo_timer0_freerun_demo+0x118>)
  ca:	f7ff fffe 	bl	0 <puts>
  ce:	2003      	movs	r0, #3
  d0:	f7ff fffe 	bl	0 <alt_gpt_maxtime_millisecs_get>
  d4:	4605      	mov	r5, r0
  d6:	4814      	ldr	r0, [pc, #80]	; (128 <timers_demo_timer0_freerun_demo+0x128>)
  d8:	f7ff fffe 	bl	0 <puts>
  dc:	4628      	mov	r0, r5
  de:	f7ff fffe 	bl	0 <putHexa32>
  e2:	480d      	ldr	r0, [pc, #52]	; (118 <timers_demo_timer0_freerun_demo+0x118>)
  e4:	f7ff fffe 	bl	0 <puts>
  e8:	4620      	mov	r0, r4
  ea:	bd38      	pop	{r3, r4, r5, pc}
  ec:	480f      	ldr	r0, [pc, #60]	; (12c <timers_demo_timer0_freerun_demo+0x12c>)
  ee:	f04f 34ff 	mov.w	r4, #4294967295
  f2:	f7ff fffe 	bl	0 <puts>
  f6:	e7f7      	b.n	e8 <timers_demo_timer0_freerun_demo+0xe8>
	...
 100:	00000025 	.word	0x00000025
 104:	00000047 	.word	0x00000047
 108:	00000078 	.word	0x00000078
 10c:	00000096 	.word	0x00000096
 110:	000000c2 	.word	0x000000c2
 114:	000000e2 	.word	0x000000e2
 118:	00000110 	.word	0x00000110
 11c:	00000116 	.word	0x00000116
 120:	00000149 	.word	0x00000149
 124:	0000017c 	.word	0x0000017c
 128:	000001a6 	.word	0x000001a6
 12c:	000001d5 	.word	0x000001d5

Disassembly of section .text.timers_demo_timer1_oneshot_demo:

00000000 <timers_demo_timer1_oneshot_demo>:
   0:	b538      	push	{r3, r4, r5, lr}
   2:	2300      	movs	r3, #0
   4:	4d29      	ldr	r5, [pc, #164]	; (ac <timers_demo_timer1_oneshot_demo+0xac>)
   6:	482a      	ldr	r0, [pc, #168]	; (b0 <timers_demo_timer1_oneshot_demo+0xb0>)
   8:	702b      	strb	r3, [r5, #0]
   a:	f7ff fffe 	bl	0 <puts>
   e:	4829      	ldr	r0, [pc, #164]	; (b4 <timers_demo_timer1_oneshot_demo+0xb4>)
  10:	f7ff fffe 	bl	0 <puts>
  14:	4828      	ldr	r0, [pc, #160]	; (b8 <timers_demo_timer1_oneshot_demo+0xb8>)
  16:	f7ff fffe 	bl	0 <puts>
  1a:	2101      	movs	r1, #1
  1c:	2006      	movs	r0, #6
  1e:	f7ff fffe 	bl	0 <alt_gpt_mode_set>
  22:	4604      	mov	r4, r0
  24:	b938      	cbnz	r0, 36 <timers_demo_timer1_oneshot_demo+0x36>
  26:	4825      	ldr	r0, [pc, #148]	; (bc <timers_demo_timer1_oneshot_demo+0xbc>)
  28:	f7ff fffe 	bl	0 <puts>
  2c:	4924      	ldr	r1, [pc, #144]	; (c0 <timers_demo_timer1_oneshot_demo+0xc0>)
  2e:	2006      	movs	r0, #6
  30:	f7ff fffe 	bl	0 <alt_gpt_counter_set>
  34:	4604      	mov	r4, r0
  36:	4b23      	ldr	r3, [pc, #140]	; (c4 <timers_demo_timer1_oneshot_demo+0xc4>)
  38:	2200      	movs	r2, #0
  3a:	601a      	str	r2, [r3, #0]
  3c:	bb9c      	cbnz	r4, a6 <timers_demo_timer1_oneshot_demo+0xa6>
  3e:	4622      	mov	r2, r4
  40:	4921      	ldr	r1, [pc, #132]	; (c8 <timers_demo_timer1_oneshot_demo+0xc8>)
  42:	20c8      	movs	r0, #200	; 0xc8
  44:	f7ff fffe 	bl	0 <alt_int_isr_register>
  48:	4604      	mov	r4, r0
  4a:	bb60      	cbnz	r0, a6 <timers_demo_timer1_oneshot_demo+0xa6>
  4c:	481f      	ldr	r0, [pc, #124]	; (cc <timers_demo_timer1_oneshot_demo+0xcc>)
  4e:	f7ff fffe 	bl	0 <puts>
  52:	2006      	movs	r0, #6
  54:	f7ff fffe 	bl	0 <alt_gpt_int_enable>
  58:	4604      	mov	r4, r0
  5a:	bb20      	cbnz	r0, a6 <timers_demo_timer1_oneshot_demo+0xa6>
  5c:	481c      	ldr	r0, [pc, #112]	; (d0 <timers_demo_timer1_oneshot_demo+0xd0>)
  5e:	f7ff fffe 	bl	0 <puts>
  62:	2006      	movs	r0, #6
  64:	f7ff fffe 	bl	0 <alt_gpt_tmr_start>
  68:	4604      	mov	r4, r0
  6a:	b9e0      	cbnz	r0, a6 <timers_demo_timer1_oneshot_demo+0xa6>
  6c:	4819      	ldr	r0, [pc, #100]	; (d4 <timers_demo_timer1_oneshot_demo+0xd4>)
  6e:	f7ff fffe 	bl	0 <puts>
  72:	2006      	movs	r0, #6
  74:	f7ff fffe 	bl	0 <alt_gpt_tmr_is_running>
  78:	2006      	movs	r0, #6
  7a:	f7ff fffe 	bl	0 <alt_gpt_tmr_is_running>
  7e:	2801      	cmp	r0, #1
  80:	d10c      	bne.n	9c <timers_demo_timer1_oneshot_demo+0x9c>
  82:	4815      	ldr	r0, [pc, #84]	; (d8 <timers_demo_timer1_oneshot_demo+0xd8>)
  84:	f7ff fffe 	bl	0 <puts>
  88:	4814      	ldr	r0, [pc, #80]	; (dc <timers_demo_timer1_oneshot_demo+0xdc>)
  8a:	f7ff fffe 	bl	0 <puts>
  8e:	782b      	ldrb	r3, [r5, #0]
  90:	2b00      	cmp	r3, #0
  92:	d0fc      	beq.n	8e <timers_demo_timer1_oneshot_demo+0x8e>
  94:	4812      	ldr	r0, [pc, #72]	; (e0 <timers_demo_timer1_oneshot_demo+0xe0>)
  96:	f7ff fffe 	bl	0 <puts>
  9a:	e004      	b.n	a6 <timers_demo_timer1_oneshot_demo+0xa6>
  9c:	f04f 34ff 	mov.w	r4, #4294967295
  a0:	4810      	ldr	r0, [pc, #64]	; (e4 <timers_demo_timer1_oneshot_demo+0xe4>)
  a2:	f7ff fffe 	bl	0 <puts>
  a6:	4620      	mov	r0, r4
  a8:	bd38      	pop	{r3, r4, r5, pc}
  aa:	bf00      	nop
	...
  b8:	00000022 	.word	0x00000022
  bc:	00000043 	.word	0x00000043
  c0:	000186a0 	.word	0x000186a0
	...
  cc:	0000006b 	.word	0x0000006b
  d0:	00000091 	.word	0x00000091
  d4:	000000ad 	.word	0x000000ad
  d8:	000000d8 	.word	0x000000d8
  dc:	000000f7 	.word	0x000000f7
  e0:	00000143 	.word	0x00000143
  e4:	00000120 	.word	0x00000120

Disassembly of section .text.timers_demo_global_timer_demo:

00000000 <timers_demo_global_timer_demo>:
   0:	e92d 41f3 	stmdb	sp!, {r0, r1, r4, r5, r6, r7, r8, lr}
   4:	4832      	ldr	r0, [pc, #200]	; (d0 <timers_demo_global_timer_demo+0xd0>)
   6:	f7ff fffe 	bl	0 <puts>
   a:	4832      	ldr	r0, [pc, #200]	; (d4 <timers_demo_global_timer_demo+0xd4>)
   c:	f7ff fffe 	bl	0 <puts>
  10:	4831      	ldr	r0, [pc, #196]	; (d8 <timers_demo_global_timer_demo+0xd8>)
  12:	f7ff fffe 	bl	0 <puts>
  16:	f7ff fffe 	bl	0 <alt_globaltmr_start>
  1a:	2800      	cmp	r0, #0
  1c:	d155      	bne.n	ca <timers_demo_global_timer_demo+0xca>
  1e:	4602      	mov	r2, r0
  20:	492e      	ldr	r1, [pc, #184]	; (dc <timers_demo_global_timer_demo+0xdc>)
  22:	201b      	movs	r0, #27
  24:	f7ff fffe 	bl	0 <alt_int_isr_register>
  28:	2800      	cmp	r0, #0
  2a:	d14e      	bne.n	ca <timers_demo_global_timer_demo+0xca>
  2c:	4c2c      	ldr	r4, [pc, #176]	; (e0 <timers_demo_global_timer_demo+0xe0>)
  2e:	482d      	ldr	r0, [pc, #180]	; (e4 <timers_demo_global_timer_demo+0xe4>)
  30:	f7ff fffe 	bl	0 <puts>
  34:	f7ff fffe 	bl	0 <alt_globaltmr_get64>
  38:	e9c4 0102 	strd	r0, r1, [r4, #8]
  3c:	f7ff fffe 	bl	0 <alt_globaltmr_get64>
  40:	e9d4 5602 	ldrd	r5, r6, [r4, #8]
  44:	4680      	mov	r8, r0
  46:	460f      	mov	r7, r1
  48:	e9c4 0104 	strd	r0, r1, [r4, #16]
  4c:	f7ff fffe 	bl	0 <alt_globaltmr_get64>
  50:	2301      	movs	r3, #1
  52:	e9c4 0102 	strd	r0, r1, [r4, #8]
  56:	9301      	str	r3, [sp, #4]
  58:	9b01      	ldr	r3, [sp, #4]
  5a:	f5b3 7f00 	cmp.w	r3, #512	; 0x200
  5e:	db31      	blt.n	c4 <timers_demo_global_timer_demo+0xc4>
  60:	f7ff fffe 	bl	0 <alt_globaltmr_get64>
  64:	e9c4 0104 	strd	r0, r1, [r4, #16]
  68:	e9d4 3202 	ldrd	r3, r2, [r4, #8]
  6c:	1aed      	subs	r5, r5, r3
  6e:	eb66 0602 	sbc.w	r6, r6, r2
  72:	ebb5 0308 	subs.w	r3, r5, r8
  76:	eb66 0607 	sbc.w	r6, r6, r7
  7a:	181d      	adds	r5, r3, r0
  7c:	eb41 0606 	adc.w	r6, r1, r6
  80:	4819      	ldr	r0, [pc, #100]	; (e8 <timers_demo_global_timer_demo+0xe8>)
  82:	f7ff fffe 	bl	0 <puts>
  86:	4631      	mov	r1, r6
  88:	4628      	mov	r0, r5
  8a:	f7ff fffe 	bl	0 <putHexa64>
  8e:	4817      	ldr	r0, [pc, #92]	; (ec <timers_demo_global_timer_demo+0xec>)
  90:	f7ff fffe 	bl	0 <puts>
  94:	4816      	ldr	r0, [pc, #88]	; (f0 <timers_demo_global_timer_demo+0xf0>)
  96:	f7ff fffe 	bl	0 <puts>
  9a:	f7ff fffe 	bl	0 <alt_globaltmr_get64>
  9e:	e9c4 0102 	strd	r0, r1, [r4, #8]
  a2:	f510 40fa 	adds.w	r0, r0, #32000	; 0x7d00
  a6:	f141 0100 	adc.w	r1, r1, #0
  aa:	f7ff fffe 	bl	0 <alt_globaltmr_comp_set64>
  ae:	b960      	cbnz	r0, ca <timers_demo_global_timer_demo+0xca>
  b0:	f44f 40fa 	mov.w	r0, #32000	; 0x7d00
  b4:	f7ff fffe 	bl	0 <alt_globaltmr_autoinc_set>
  b8:	b938      	cbnz	r0, ca <timers_demo_global_timer_demo+0xca>
  ba:	b002      	add	sp, #8
  bc:	e8bd 41f0 	ldmia.w	sp!, {r4, r5, r6, r7, r8, lr}
  c0:	f7ff bffe 	b.w	0 <alt_globaltmr_autoinc_mode_start>
  c4:	9b01      	ldr	r3, [sp, #4]
  c6:	3301      	adds	r3, #1
  c8:	e7c5      	b.n	56 <timers_demo_global_timer_demo+0x56>
  ca:	b002      	add	sp, #8
  cc:	e8bd 81f0 	ldmia.w	sp!, {r4, r5, r6, r7, r8, pc}
	...
  d8:	0000001b 	.word	0x0000001b
	...
  e4:	0000003a 	.word	0x0000003a
  e8:	0000005b 	.word	0x0000005b
  ec:	00000110 	.word	0x00000110
  f0:	0000007a 	.word	0x0000007a

Disassembly of section .text.timers_demo_watch_dog_demo:

00000000 <timers_demo_watch_dog_demo>:
   0:	b537      	push	{r0, r1, r2, r4, r5, lr}
   2:	484f      	ldr	r0, [pc, #316]	; (140 <timers_demo_watch_dog_demo+0x140>)
   4:	f7ff fffe 	bl	0 <puts>
   8:	484e      	ldr	r0, [pc, #312]	; (144 <timers_demo_watch_dog_demo+0x144>)
   a:	f7ff fffe 	bl	0 <puts>
   e:	484e      	ldr	r0, [pc, #312]	; (148 <timers_demo_watch_dog_demo+0x148>)
  10:	f7ff fffe 	bl	0 <puts>
  14:	2101      	movs	r1, #1
  16:	4608      	mov	r0, r1
  18:	f7ff fffe 	bl	0 <alt_wdog_response_mode_set>
  1c:	4604      	mov	r4, r0
  1e:	2800      	cmp	r0, #0
  20:	d16f      	bne.n	102 <timers_demo_watch_dog_demo+0x102>
  22:	484a      	ldr	r0, [pc, #296]	; (14c <timers_demo_watch_dog_demo+0x14c>)
  24:	f7ff fffe 	bl	0 <puts>
  28:	4621      	mov	r1, r4
  2a:	2003      	movs	r0, #3
  2c:	f7ff fffe 	bl	0 <alt_wdog_counter_set>
  30:	4604      	mov	r4, r0
  32:	2800      	cmp	r0, #0
  34:	d165      	bne.n	102 <timers_demo_watch_dog_demo+0x102>
  36:	4846      	ldr	r0, [pc, #280]	; (150 <timers_demo_watch_dog_demo+0x150>)
  38:	f7ff fffe 	bl	0 <puts>
  3c:	2101      	movs	r1, #1
  3e:	4608      	mov	r0, r1
  40:	f7ff fffe 	bl	0 <alt_wdog_counter_set>
  44:	4604      	mov	r4, r0
  46:	2800      	cmp	r0, #0
  48:	d15b      	bne.n	102 <timers_demo_watch_dog_demo+0x102>
  4a:	4602      	mov	r2, r0
  4c:	4941      	ldr	r1, [pc, #260]	; (154 <timers_demo_watch_dog_demo+0x154>)
  4e:	20cb      	movs	r0, #203	; 0xcb
  50:	f7ff fffe 	bl	0 <alt_int_isr_register>
  54:	4604      	mov	r4, r0
  56:	2800      	cmp	r0, #0
  58:	d153      	bne.n	102 <timers_demo_watch_dog_demo+0x102>
  5a:	483f      	ldr	r0, [pc, #252]	; (158 <timers_demo_watch_dog_demo+0x158>)
  5c:	f7ff fffe 	bl	0 <puts>
  60:	2001      	movs	r0, #1
  62:	f7ff fffe 	bl	0 <alt_wdog_start>
  66:	4604      	mov	r4, r0
  68:	2800      	cmp	r0, #0
  6a:	d14a      	bne.n	102 <timers_demo_watch_dog_demo+0x102>
  6c:	2001      	movs	r0, #1
  6e:	f7ff fffe 	bl	0 <alt_wdog_tmr_is_enabled>
  72:	2800      	cmp	r0, #0
  74:	d048      	beq.n	108 <timers_demo_watch_dog_demo+0x108>
  76:	4839      	ldr	r0, [pc, #228]	; (15c <timers_demo_watch_dog_demo+0x15c>)
  78:	f7ff fffe 	bl	0 <puts>
  7c:	2001      	movs	r0, #1
  7e:	f7ff fffe 	bl	0 <alt_wdog_counter_get_inittime_millisecs>
  82:	4604      	mov	r4, r0
  84:	4836      	ldr	r0, [pc, #216]	; (160 <timers_demo_watch_dog_demo+0x160>)
  86:	f7ff fffe 	bl	0 <puts>
  8a:	4620      	mov	r0, r4
  8c:	f7ff fffe 	bl	0 <putHexa32>
  90:	4834      	ldr	r0, [pc, #208]	; (164 <timers_demo_watch_dog_demo+0x164>)
  92:	f7ff fffe 	bl	0 <puts>
  96:	2001      	movs	r0, #1
  98:	f7ff fffe 	bl	0 <alt_wdog_counter_get_curtime_millisecs>
  9c:	4604      	mov	r4, r0
  9e:	4832      	ldr	r0, [pc, #200]	; (168 <timers_demo_watch_dog_demo+0x168>)
  a0:	f7ff fffe 	bl	0 <puts>
  a4:	4620      	mov	r0, r4
  a6:	f7ff fffe 	bl	0 <putHexa32>
  aa:	482e      	ldr	r0, [pc, #184]	; (164 <timers_demo_watch_dog_demo+0x164>)
  ac:	f7ff fffe 	bl	0 <puts>
  b0:	2301      	movs	r3, #1
  b2:	9301      	str	r3, [sp, #4]
  b4:	9b01      	ldr	r3, [sp, #4]
  b6:	2b7f      	cmp	r3, #127	; 0x7f
  b8:	dd28      	ble.n	10c <timers_demo_watch_dog_demo+0x10c>
  ba:	2001      	movs	r0, #1
  bc:	f7ff fffe 	bl	0 <alt_wdog_counter_get_current>
  c0:	4605      	mov	r5, r0
  c2:	482a      	ldr	r0, [pc, #168]	; (16c <timers_demo_watch_dog_demo+0x16c>)
  c4:	f7ff fffe 	bl	0 <puts>
  c8:	4628      	mov	r0, r5
  ca:	f7ff fffe 	bl	0 <putHexa32>
  ce:	481c      	ldr	r0, [pc, #112]	; (140 <timers_demo_watch_dog_demo+0x140>)
  d0:	f7ff fffe 	bl	0 <puts>
  d4:	2001      	movs	r0, #1
  d6:	f7ff fffe 	bl	0 <alt_wdog_reset>
  da:	2001      	movs	r0, #1
  dc:	f7ff fffe 	bl	0 <alt_wdog_counter_get_current>
  e0:	4604      	mov	r4, r0
  e2:	4823      	ldr	r0, [pc, #140]	; (170 <timers_demo_watch_dog_demo+0x170>)
  e4:	f7ff fffe 	bl	0 <puts>
  e8:	4620      	mov	r0, r4
  ea:	f7ff fffe 	bl	0 <putHexa32>
  ee:	4814      	ldr	r0, [pc, #80]	; (140 <timers_demo_watch_dog_demo+0x140>)
  f0:	f7ff fffe 	bl	0 <puts>
  f4:	42a5      	cmp	r5, r4
  f6:	d90c      	bls.n	112 <timers_demo_watch_dog_demo+0x112>
  f8:	f04f 34ff 	mov.w	r4, #4294967295
  fc:	481d      	ldr	r0, [pc, #116]	; (174 <timers_demo_watch_dog_demo+0x174>)
  fe:	f7ff fffe 	bl	0 <puts>
 102:	4620      	mov	r0, r4
 104:	b003      	add	sp, #12
 106:	bd30      	pop	{r4, r5, pc}
 108:	481b      	ldr	r0, [pc, #108]	; (178 <timers_demo_watch_dog_demo+0x178>)
 10a:	e7b5      	b.n	78 <timers_demo_watch_dog_demo+0x78>
 10c:	9b01      	ldr	r3, [sp, #4]
 10e:	3301      	adds	r3, #1
 110:	e7cf      	b.n	b2 <timers_demo_watch_dog_demo+0xb2>
 112:	481a      	ldr	r0, [pc, #104]	; (17c <timers_demo_watch_dog_demo+0x17c>)
 114:	f7ff fffe 	bl	0 <puts>
 118:	4819      	ldr	r0, [pc, #100]	; (180 <timers_demo_watch_dog_demo+0x180>)
 11a:	f7ff fffe 	bl	0 <puts>
 11e:	4a19      	ldr	r2, [pc, #100]	; (184 <timers_demo_watch_dog_demo+0x184>)
 120:	7813      	ldrb	r3, [r2, #0]
 122:	2b00      	cmp	r3, #0
 124:	d0fc      	beq.n	120 <timers_demo_watch_dog_demo+0x120>
 126:	4818      	ldr	r0, [pc, #96]	; (188 <timers_demo_watch_dog_demo+0x188>)
 128:	f7ff fffe 	bl	0 <puts>
 12c:	4817      	ldr	r0, [pc, #92]	; (18c <timers_demo_watch_dog_demo+0x18c>)
 12e:	f7ff fffe 	bl	0 <puts>
 132:	2001      	movs	r0, #1
 134:	b003      	add	sp, #12
 136:	e8bd 4030 	ldmia.w	sp!, {r4, r5, lr}
 13a:	f7ff bffe 	b.w	0 <alt_wdog_stop>
 13e:	bf00      	nop
	...
 148:	0000001d 	.word	0x0000001d
 14c:	00000059 	.word	0x00000059
 150:	0000008e 	.word	0x0000008e
 154:	00000000 	.word	0x00000000
 158:	000000c1 	.word	0x000000c1
 15c:	000000e4 	.word	0x000000e4
 160:	0000021d 	.word	0x0000021d
 164:	0000023e 	.word	0x0000023e
 168:	0000024b 	.word	0x0000024b
 16c:	00000132 	.word	0x00000132
 170:	0000014c 	.word	0x0000014c
 174:	00000171 	.word	0x00000171
 178:	00000109 	.word	0x00000109
 17c:	00000192 	.word	0x00000192
 180:	000001ac 	.word	0x000001ac
 184:	00000000 	.word	0x00000000
 188:	000001d6 	.word	0x000001d6
 18c:	000001fa 	.word	0x000001fa

Disassembly of section .text.timers_demo_system_uninit:

00000000 <timers_demo_system_uninit>:
   0:	b508      	push	{r3, lr}
   2:	480a      	ldr	r0, [pc, #40]	; (2c <timers_demo_system_uninit+0x2c>)
   4:	f7ff fffe 	bl	0 <puts>
   8:	4809      	ldr	r0, [pc, #36]	; (30 <timers_demo_system_uninit+0x30>)
   a:	f7ff fffe 	bl	0 <puts>
   e:	f7ff fffe 	bl	0 <alt_int_cpu_uninit>
  12:	b948      	cbnz	r0, 28 <timers_demo_system_uninit+0x28>
  14:	f7ff fffe 	bl	0 <alt_int_global_uninit>
  18:	b930      	cbnz	r0, 28 <timers_demo_system_uninit+0x28>
  1a:	f7ff fffe 	bl	0 <alt_gpt_all_tmr_uninit>
  1e:	b918      	cbnz	r0, 28 <timers_demo_system_uninit+0x28>
  20:	e8bd 4008 	ldmia.w	sp!, {r3, lr}
  24:	f7ff bffe 	b.w	0 <alt_wdog_uninit>
  28:	bd08      	pop	{r3, pc}
  2a:	bf00      	nop
	...

Disassembly of section .text.timers_demo_main:

00000000 <timers_demo_main>:
   0:	b508      	push	{r3, lr}
   2:	f7ff fffe 	bl	0 <timers_demo_main>
   6:	bbd0      	cbnz	r0, 7e <timers_demo_main+0x7e>
   8:	481d      	ldr	r0, [pc, #116]	; (80 <timers_demo_main+0x80>)
   a:	f7ff fffe 	bl	0 <puts>
   e:	481d      	ldr	r0, [pc, #116]	; (84 <timers_demo_main+0x84>)
  10:	f7ff fffe 	bl	0 <puts>
  14:	f7ff fffe 	bl	0 <alt_int_global_init>
  18:	bb88      	cbnz	r0, 7e <timers_demo_main+0x7e>
  1a:	f7ff fffe 	bl	0 <alt_int_cpu_init>
  1e:	bb70      	cbnz	r0, 7e <timers_demo_main+0x7e>
  20:	2103      	movs	r1, #3
  22:	201b      	movs	r0, #27
  24:	f7ff fffe 	bl	0 <alt_int_dist_trigger_set>
  28:	bb48      	cbnz	r0, 7e <timers_demo_main+0x7e>
  2a:	201b      	movs	r0, #27
  2c:	f7ff fffe 	bl	0 <alt_int_dist_enable>
  30:	bb28      	cbnz	r0, 7e <timers_demo_main+0x7e>
  32:	2101      	movs	r1, #1
  34:	20c8      	movs	r0, #200	; 0xc8
  36:	f7ff fffe 	bl	0 <alt_int_dist_target_set>
  3a:	bb00      	cbnz	r0, 7e <timers_demo_main+0x7e>
  3c:	2103      	movs	r1, #3
  3e:	20c8      	movs	r0, #200	; 0xc8
  40:	f7ff fffe 	bl	0 <alt_int_dist_trigger_set>
  44:	b9d8      	cbnz	r0, 7e <timers_demo_main+0x7e>
  46:	20c8      	movs	r0, #200	; 0xc8
  48:	f7ff fffe 	bl	0 <alt_int_dist_enable>
  4c:	b9b8      	cbnz	r0, 7e <timers_demo_main+0x7e>
  4e:	2101      	movs	r1, #1
  50:	20cb      	movs	r0, #203	; 0xcb
  52:	f7ff fffe 	bl	0 <alt_int_dist_target_set>
  56:	b990      	cbnz	r0, 7e <timers_demo_main+0x7e>
  58:	2103      	movs	r1, #3
  5a:	20cb      	movs	r0, #203	; 0xcb
  5c:	f7ff fffe 	bl	0 <alt_int_dist_trigger_set>
  60:	b968      	cbnz	r0, 7e <timers_demo_main+0x7e>
  62:	20cb      	movs	r0, #203	; 0xcb
  64:	f7ff fffe 	bl	0 <alt_int_dist_enable>
  68:	b948      	cbnz	r0, 7e <timers_demo_main+0x7e>
  6a:	f7ff fffe 	bl	0 <alt_int_cpu_enable>
  6e:	b930      	cbnz	r0, 7e <timers_demo_main+0x7e>
  70:	f7ff fffe 	bl	0 <alt_int_global_enable>
  74:	b918      	cbnz	r0, 7e <timers_demo_main+0x7e>
  76:	e8bd 4008 	ldmia.w	sp!, {r3, lr}
  7a:	f7ff bffe 	b.w	0 <timers_demo_main>
  7e:	bd08      	pop	{r3, pc}
	...
