
demos_hwlibs/timers_demo.o:     file format elf32-littlearm


Disassembly of section .text.timers_demo_gp_timer_isr_callback:

00000000 <timers_demo_gp_timer_isr_callback>:
   0:	b508      	push	{r3, lr}
   2:	2006      	movs	r0, #6
   4:	f7ff fffe 	bl	0 <alt_gpt_int_clear_pending>
   8:	4a11      	ldr	r2, [pc, #68]	; (50 <timers_demo_gp_timer_isr_callback+0x50>)
   a:	6813      	ldr	r3, [r2, #0]
   c:	3301      	adds	r3, #1
   e:	f5b3 7ffa 	cmp.w	r3, #500	; 0x1f4
  12:	6013      	str	r3, [r2, #0]
  14:	4b0f      	ldr	r3, [pc, #60]	; (54 <timers_demo_gp_timer_isr_callback+0x54>)
  16:	d911      	bls.n	3c <timers_demo_gp_timer_isr_callback+0x3c>
  18:	6819      	ldr	r1, [r3, #0]
  1a:	3101      	adds	r1, #1
  1c:	6019      	str	r1, [r3, #0]
  1e:	2100      	movs	r1, #0
  20:	6011      	str	r1, [r2, #0]
  22:	4a0d      	ldr	r2, [pc, #52]	; (58 <timers_demo_gp_timer_isr_callback+0x58>)
  24:	6810      	ldr	r0, [r2, #0]
  26:	2801      	cmp	r0, #1
  28:	480c      	ldr	r0, [pc, #48]	; (5c <timers_demo_gp_timer_isr_callback+0x5c>)
  2a:	bf17      	itett	ne
  2c:	2101      	movne	r1, #1
  2e:	6011      	streq	r1, [r2, #0]
  30:	6011      	strne	r1, [r2, #0]
  32:	f04f 7280 	movne.w	r2, #16777216	; 0x1000000
  36:	bf0c      	ite	eq
  38:	6001      	streq	r1, [r0, #0]
  3a:	6002      	strne	r2, [r0, #0]
  3c:	681a      	ldr	r2, [r3, #0]
  3e:	2a0a      	cmp	r2, #10
  40:	d904      	bls.n	4c <timers_demo_gp_timer_isr_callback+0x4c>
  42:	4a07      	ldr	r2, [pc, #28]	; (60 <timers_demo_gp_timer_isr_callback+0x60>)
  44:	2101      	movs	r1, #1
  46:	7011      	strb	r1, [r2, #0]
  48:	2200      	movs	r2, #0
  4a:	601a      	str	r2, [r3, #0]
  4c:	bd08      	pop	{r3, pc}
  4e:	bf00      	nop
	...
  5c:	ff709000 	.word	0xff709000
  60:	00000000 	.word	0x00000000

Disassembly of section .text.timers_demo_glbl_timer_isr_callback:

00000000 <timers_demo_glbl_timer_isr_callback>:
   0:	b538      	push	{r3, r4, r5, lr}
   2:	4c0a      	ldr	r4, [pc, #40]	; (2c <timers_demo_glbl_timer_isr_callback+0x2c>)
   4:	f7ff fffe 	bl	0 <alt_globaltmr_int_clear_pending>
   8:	6825      	ldr	r5, [r4, #0]
   a:	f7ff fffe 	bl	0 <alt_globaltmr_get64>
   e:	4b08      	ldr	r3, [pc, #32]	; (30 <timers_demo_glbl_timer_isr_callback+0x30>)
  10:	eb03 03c5 	add.w	r3, r3, r5, lsl #3
  14:	e9c3 0100 	strd	r0, r1, [r3]
  18:	6823      	ldr	r3, [r4, #0]
  1a:	3301      	adds	r3, #1
  1c:	2b0a      	cmp	r3, #10
  1e:	6023      	str	r3, [r4, #0]
  20:	bf02      	ittt	eq
  22:	4b04      	ldreq	r3, [pc, #16]	; (34 <timers_demo_glbl_timer_isr_callback+0x34>)
  24:	2201      	moveq	r2, #1
  26:	701a      	strbeq	r2, [r3, #0]
  28:	bd38      	pop	{r3, r4, r5, pc}
  2a:	bf00      	nop
	...

Disassembly of section .text.timers_demo_wdog0_isr_callback:

00000000 <timers_demo_wdog0_isr_callback>:
   0:	b508      	push	{r3, lr}
   2:	2001      	movs	r0, #1
   4:	f7ff fffe 	bl	0 <alt_wdog_int_clear>
   8:	2201      	movs	r2, #1
   a:	4b01      	ldr	r3, [pc, #4]	; (10 <timers_demo_wdog0_isr_callback+0x10>)
   c:	701a      	strb	r2, [r3, #0]
   e:	bd08      	pop	{r3, pc}
  10:	00000000 	.word	0x00000000

Disassembly of section .text.timers_demo_system_init:

00000000 <timers_demo_system_init>:
   0:	b508      	push	{r3, lr}
   2:	4809      	ldr	r0, [pc, #36]	; (28 <timers_demo_system_init+0x28>)
   4:	f7ff fffe 	bl	0 <puts>
   8:	4808      	ldr	r0, [pc, #32]	; (24 <puts+0x24>)
   a:	f7ff fffe 	bl	0 <puts>
   e:	4808      	ldr	r0, [pc, #32]	; (24 <puts+0x24>)
  10:	f7ff fffe 	bl	0 <puts>
  14:	f7ff fffe 	bl	0 <alt_globaltmr_int_is_enabled>
  18:	b918      	cbnz	r0, 22 <timers_demo_system_init+0x22>
  1a:	e8bd 4008 	ldmia.w	sp!, {r3, lr}
  1e:	f7ff bffe 	b.w	0 <alt_globaltmr_init>
  22:	2000      	movs	r0, #0
  24:	bd08      	pop	{r3, pc}
  26:	bf00      	nop
  28:	00000000 	.word	0x00000000
  2c:	00000003 	.word	0x00000003
  30:	00000022 	.word	0x00000022

Disassembly of section .text.timers_demo_timer0_freerun_demo:

00000000 <timers_demo_timer0_freerun_demo>:
   0:	b538      	push	{r3, r4, r5, lr}
   2:	483d      	ldr	r0, [pc, #244]	; (f8 <timers_demo_timer0_freerun_demo+0xf8>)
   4:	f7ff fffe 	bl	0 <puts>
   8:	483c      	ldr	r0, [pc, #240]	; (f4 <puts+0xf4>)
   a:	f7ff fffe 	bl	0 <puts>
   e:	483c      	ldr	r0, [pc, #240]	; (f4 <puts+0xf4>)
  10:	f7ff fffe 	bl	0 <puts>
  14:	2101      	movs	r1, #1
  16:	2003      	movs	r0, #3
  18:	f7ff fffe 	bl	0 <alt_gpt_mode_set>
  1c:	4604      	mov	r4, r0
  1e:	2800      	cmp	r0, #0
  20:	d162      	bne.n	e8 <timers_demo_timer0_freerun_demo+0xe8>
  22:	4838      	ldr	r0, [pc, #224]	; (104 <timers_demo_timer0_freerun_demo+0x104>)
  24:	f7ff fffe 	bl	0 <puts>
  28:	f44f 3180 	mov.w	r1, #65536	; 0x10000
  2c:	2003      	movs	r0, #3
  2e:	f7ff fffe 	bl	0 <alt_gpt_counter_set>
  32:	4604      	mov	r4, r0
  34:	2800      	cmp	r0, #0
  36:	d157      	bne.n	e8 <timers_demo_timer0_freerun_demo+0xe8>
  38:	4833      	ldr	r0, [pc, #204]	; (108 <timers_demo_timer0_freerun_demo+0x108>)
  3a:	f7ff fffe 	bl	0 <puts>
  3e:	2003      	movs	r0, #3
  40:	f7ff fffe 	bl	0 <alt_gpt_tmr_start>
  44:	4604      	mov	r4, r0
  46:	2800      	cmp	r0, #0
  48:	d14e      	bne.n	e8 <timers_demo_timer0_freerun_demo+0xe8>
  4a:	4830      	ldr	r0, [pc, #192]	; (10c <timers_demo_timer0_freerun_demo+0x10c>)
  4c:	f7ff fffe 	bl	0 <puts>
  50:	2003      	movs	r0, #3
  52:	f7ff fffe 	bl	0 <alt_gpt_tmr_is_running>
  56:	2801      	cmp	r0, #1
  58:	d148      	bne.n	ec <timers_demo_timer0_freerun_demo+0xec>
  5a:	482d      	ldr	r0, [pc, #180]	; (110 <timers_demo_timer0_freerun_demo+0x110>)
  5c:	f7ff fffe 	bl	0 <puts>
  60:	2003      	movs	r0, #3
  62:	f7ff fffe 	bl	0 <alt_gpt_freq_get>
  66:	2003      	movs	r0, #3
  68:	f7ff fffe 	bl	0 <alt_gpt_curtime_get>
  6c:	4605      	mov	r5, r0
  6e:	4829      	ldr	r0, [pc, #164]	; (114 <timers_demo_timer0_freerun_demo+0x114>)
  70:	f7ff fffe 	bl	0 <puts>
  74:	4628      	mov	r0, r5
  76:	f7ff fffe 	bl	0 <putHexa32>
  7a:	4827      	ldr	r0, [pc, #156]	; (a0 <puts+0xa0>)
  7c:	f7ff fffe 	bl	0 <puts>
  80:	2003      	movs	r0, #3
  82:	f7ff fffe 	bl	0 <alt_gpt_curtime_millisecs_get>
  86:	4605      	mov	r5, r0
  88:	4824      	ldr	r0, [pc, #144]	; (11c <timers_demo_timer0_freerun_demo+0x11c>)
  8a:	f7ff fffe 	bl	0 <puts>
  8e:	4628      	mov	r0, r5
  90:	f7ff fffe 	bl	0 <putHexa32>
  94:	4820      	ldr	r0, [pc, #128]	; (84 <puts+0x84>)
  96:	f7ff fffe 	bl	0 <puts>
  9a:	2003      	movs	r0, #3
  9c:	f7ff fffe 	bl	0 <alt_gpt_curtime_microsecs_get>
  a0:	4605      	mov	r5, r0
  a2:	481f      	ldr	r0, [pc, #124]	; (120 <timers_demo_timer0_freerun_demo+0x120>)
  a4:	f7ff fffe 	bl	0 <puts>
  a8:	4628      	mov	r0, r5
  aa:	f7ff fffe 	bl	0 <putHexa32>
  ae:	481a      	ldr	r0, [pc, #104]	; (6c <puts+0x6c>)
  b0:	f7ff fffe 	bl	0 <puts>
  b4:	2003      	movs	r0, #3
  b6:	f7ff fffe 	bl	0 <alt_gpt_maxtime_get>
  ba:	4605      	mov	r5, r0
  bc:	4819      	ldr	r0, [pc, #100]	; (124 <timers_demo_timer0_freerun_demo+0x124>)
  be:	f7ff fffe 	bl	0 <puts>
  c2:	4628      	mov	r0, r5
  c4:	f7ff fffe 	bl	0 <putHexa32>
  c8:	4813      	ldr	r0, [pc, #76]	; (50 <puts+0x50>)
  ca:	f7ff fffe 	bl	0 <puts>
  ce:	2003      	movs	r0, #3
  d0:	f7ff fffe 	bl	0 <alt_gpt_maxtime_millisecs_get>
  d4:	4605      	mov	r5, r0
  d6:	4814      	ldr	r0, [pc, #80]	; (128 <timers_demo_timer0_freerun_demo+0x128>)
  d8:	f7ff fffe 	bl	0 <puts>
  dc:	4628      	mov	r0, r5
  de:	f7ff fffe 	bl	0 <putHexa32>
  e2:	480d      	ldr	r0, [pc, #52]	; (38 <puts+0x38>)
  e4:	f7ff fffe 	bl	0 <puts>
  e8:	4620      	mov	r0, r4
  ea:	bd38      	pop	{r3, r4, r5, pc}
  ec:	480f      	ldr	r0, [pc, #60]	; (12c <timers_demo_timer0_freerun_demo+0x12c>)
  ee:	f04f 34ff 	mov.w	r4, #4294967295	; 0xffffffff
  f2:	f7ff fffe 	bl	0 <puts>
  f6:	e7f7      	b.n	fffffff2 <timers_demo_gp_timer_isr_callback+0xfffffff2>
	...
 100:	00000025 	.word	0x00000025
 104:	00000047 	.word	0x00000047
 108:	00000078 	.word	0x00000078
 10c:	00000096 	.word	0x00000096
 110:	000000c2 	.word	0x000000c2
 114:	000000e2 	.word	0x000000e2
 118:	00000110 	.word	0x00000110
 11c:	00000116 	.word	0x00000116
 120:	00000149 	.word	0x00000149
 124:	0000017c 	.word	0x0000017c
 128:	000001a6 	.word	0x000001a6
 12c:	000001d5 	.word	0x000001d5

Disassembly of section .text.timers_demo_timer1_oneshot_demo:

00000000 <timers_demo_timer1_oneshot_demo>:
   0:	b510      	push	{r4, lr}
   2:	2300      	movs	r3, #0
   4:	4c26      	ldr	r4, [pc, #152]	; (a0 <timers_demo_timer1_oneshot_demo+0xa0>)
   6:	4827      	ldr	r0, [pc, #156]	; (a4 <timers_demo_timer1_oneshot_demo+0xa4>)
   8:	7023      	strb	r3, [r4, #0]
   a:	f7ff fffe 	bl	0 <puts>
   e:	4826      	ldr	r0, [pc, #152]	; (9c <puts+0x9c>)
  10:	f7ff fffe 	bl	0 <puts>
  14:	4825      	ldr	r0, [pc, #148]	; (98 <puts+0x98>)
  16:	f7ff fffe 	bl	0 <puts>
  1a:	2101      	movs	r1, #1
  1c:	2006      	movs	r0, #6
  1e:	f7ff fffe 	bl	0 <alt_gpt_mode_set>
  22:	b930      	cbnz	r0, 32 <timers_demo_timer1_oneshot_demo+0x32>
  24:	4822      	ldr	r0, [pc, #136]	; (b0 <timers_demo_timer1_oneshot_demo+0xb0>)
  26:	f7ff fffe 	bl	0 <puts>
  2a:	4922      	ldr	r1, [pc, #136]	; (b4 <timers_demo_timer1_oneshot_demo+0xb4>)
  2c:	2006      	movs	r0, #6
  2e:	f7ff fffe 	bl	0 <alt_gpt_counter_set>
  32:	4b21      	ldr	r3, [pc, #132]	; (b8 <timers_demo_timer1_oneshot_demo+0xb8>)
  34:	2200      	movs	r2, #0
  36:	601a      	str	r2, [r3, #0]
  38:	bb58      	cbnz	r0, 92 <timers_demo_timer1_oneshot_demo+0x92>
  3a:	4602      	mov	r2, r0
  3c:	491f      	ldr	r1, [pc, #124]	; (bc <timers_demo_timer1_oneshot_demo+0xbc>)
  3e:	20c8      	movs	r0, #200	; 0xc8
  40:	f7ff fffe 	bl	0 <alt_int_isr_register>
  44:	bb28      	cbnz	r0, 92 <timers_demo_timer1_oneshot_demo+0x92>
  46:	481e      	ldr	r0, [pc, #120]	; (c0 <timers_demo_timer1_oneshot_demo+0xc0>)
  48:	f7ff fffe 	bl	0 <puts>
  4c:	2006      	movs	r0, #6
  4e:	f7ff fffe 	bl	0 <alt_gpt_int_enable>
  52:	b9f0      	cbnz	r0, 92 <timers_demo_timer1_oneshot_demo+0x92>
  54:	481b      	ldr	r0, [pc, #108]	; (c4 <timers_demo_timer1_oneshot_demo+0xc4>)
  56:	f7ff fffe 	bl	0 <puts>
  5a:	2006      	movs	r0, #6
  5c:	f7ff fffe 	bl	0 <alt_gpt_tmr_start>
  60:	b9b8      	cbnz	r0, 92 <timers_demo_timer1_oneshot_demo+0x92>
  62:	4819      	ldr	r0, [pc, #100]	; (c8 <timers_demo_timer1_oneshot_demo+0xc8>)
  64:	f7ff fffe 	bl	0 <puts>
  68:	2006      	movs	r0, #6
  6a:	f7ff fffe 	bl	0 <alt_gpt_tmr_is_running>
  6e:	2006      	movs	r0, #6
  70:	f7ff fffe 	bl	0 <alt_gpt_tmr_is_running>
  74:	2801      	cmp	r0, #1
  76:	d10d      	bne.n	94 <timers_demo_timer1_oneshot_demo+0x94>
  78:	4814      	ldr	r0, [pc, #80]	; (cc <timers_demo_timer1_oneshot_demo+0xcc>)
  7a:	f7ff fffe 	bl	0 <puts>
  7e:	4814      	ldr	r0, [pc, #80]	; (54 <puts+0x54>)
  80:	f7ff fffe 	bl	0 <puts>
  84:	7823      	ldrb	r3, [r4, #0]
  86:	2b00      	cmp	r3, #0
  88:	d0fc      	beq.n	84 <timers_demo_timer1_oneshot_demo+0x84>
  8a:	4812      	ldr	r0, [pc, #72]	; (d4 <timers_demo_timer1_oneshot_demo+0xd4>)
  8c:	f7ff fffe 	bl	0 <puts>
  90:	2000      	movs	r0, #0
  92:	bd10      	pop	{r4, pc}
  94:	4810      	ldr	r0, [pc, #64]	; (d8 <timers_demo_timer1_oneshot_demo+0xd8>)
  96:	f7ff fffe 	bl	0 <puts>
  9a:	f04f 30ff 	mov.w	r0, #4294967295	; 0xffffffff
  9e:	bd10      	pop	{r4, pc}
	...
  ac:	00000022 	.word	0x00000022
  b0:	00000043 	.word	0x00000043
  b4:	000186a0 	.word	0x000186a0
	...
  c0:	0000006b 	.word	0x0000006b
  c4:	00000091 	.word	0x00000091
  c8:	000000ad 	.word	0x000000ad
  cc:	000000d8 	.word	0x000000d8
  d0:	000000f7 	.word	0x000000f7
  d4:	00000143 	.word	0x00000143
  d8:	00000120 	.word	0x00000120

Disassembly of section .text.timers_demo_global_timer_demo:

00000000 <timers_demo_global_timer_demo>:
   0:	b5d3      	push	{r0, r1, r4, r6, r7, lr}
   2:	482f      	ldr	r0, [pc, #188]	; (c0 <timers_demo_global_timer_demo+0xc0>)
   4:	f7ff fffe 	bl	0 <puts>
   8:	482e      	ldr	r0, [pc, #184]	; (bc <puts+0xbc>)
   a:	f7ff fffe 	bl	0 <puts>
   e:	482e      	ldr	r0, [pc, #184]	; (bc <puts+0xbc>)
  10:	f7ff fffe 	bl	0 <puts>
  14:	f7ff fffe 	bl	0 <alt_globaltmr_start>
  18:	2800      	cmp	r0, #0
  1a:	d14c      	bne.n	b6 <timers_demo_global_timer_demo+0xb6>
  1c:	4602      	mov	r2, r0
  1e:	492b      	ldr	r1, [pc, #172]	; (cc <timers_demo_global_timer_demo+0xcc>)
  20:	201b      	movs	r0, #27
  22:	f7ff fffe 	bl	0 <alt_int_isr_register>
  26:	2800      	cmp	r0, #0
  28:	d145      	bne.n	b6 <timers_demo_global_timer_demo+0xb6>
  2a:	4c29      	ldr	r4, [pc, #164]	; (d0 <timers_demo_global_timer_demo+0xd0>)
  2c:	4829      	ldr	r0, [pc, #164]	; (d4 <timers_demo_global_timer_demo+0xd4>)
  2e:	f7ff fffe 	bl	0 <puts>
  32:	f7ff fffe 	bl	0 <alt_globaltmr_get64>
  36:	e9c4 0102 	strd	r0, r1, [r4, #8]
  3a:	f7ff fffe 	bl	0 <alt_globaltmr_get64>
  3e:	e9d4 6702 	ldrd	r6, r7, [r4, #8]
  42:	e9c4 0104 	strd	r0, r1, [r4, #16]
  46:	1b86      	subs	r6, r0, r6
  48:	eb61 0707 	sbc.w	r7, r1, r7
  4c:	f7ff fffe 	bl	0 <alt_globaltmr_get64>
  50:	2301      	movs	r3, #1
  52:	e9c4 0102 	strd	r0, r1, [r4, #8]
  56:	9301      	str	r3, [sp, #4]
  58:	9b01      	ldr	r3, [sp, #4]
  5a:	f5b3 7f00 	cmp.w	r3, #512	; 0x200
  5e:	db2c      	blt.n	5c <alt_globaltmr_get64+0x5c>
  60:	f7ff fffe 	bl	0 <alt_globaltmr_get64>
  64:	e9d4 2302 	ldrd	r2, r3, [r4, #8]
  68:	e9c4 0104 	strd	r0, r1, [r4, #16]
  6c:	1a80      	subs	r0, r0, r2
  6e:	eb61 0103 	sbc.w	r1, r1, r3
  72:	1b86      	subs	r6, r0, r6
  74:	eb61 0707 	sbc.w	r7, r1, r7
  78:	4817      	ldr	r0, [pc, #92]	; (60 <puts+0x60>)
  7a:	f7ff fffe 	bl	0 <puts>
  7e:	4639      	mov	r1, r7
  80:	4630      	mov	r0, r6
  82:	f7ff fffe 	bl	0 <putHexa64>
  86:	4815      	ldr	r0, [pc, #84]	; (58 <puts+0x58>)
  88:	f7ff fffe 	bl	0 <puts>
  8c:	4814      	ldr	r0, [pc, #80]	; (54 <puts+0x54>)
  8e:	f7ff fffe 	bl	0 <puts>
  92:	f7ff fffe 	bl	0 <alt_globaltmr_get64>
  96:	e9c4 0102 	strd	r0, r1, [r4, #8]
  9a:	f510 40fa 	adds.w	r0, r0, #32000	; 0x7d00
  9e:	f141 0100 	adc.w	r1, r1, #0
  a2:	f7ff fffe 	bl	0 <alt_globaltmr_comp_set64>
  a6:	b930      	cbnz	r0, b6 <timers_demo_global_timer_demo+0xb6>
  a8:	f44f 40fa 	mov.w	r0, #32000	; 0x7d00
  ac:	f7ff fffe 	bl	0 <alt_globaltmr_autoinc_set>
  b0:	b908      	cbnz	r0, 6 <alt_globaltmr_autoinc_mode_start+0x6>
  b2:	f7ff fffe 	bl	0 <alt_globaltmr_autoinc_mode_start>
  b6:	b002      	add	sp, #8
  b8:	bdd0      	pop	{r4, r6, r7, pc}
  ba:	9b01      	ldr	r3, [sp, #4]
  bc:	3301      	adds	r3, #1
  be:	e7ca      	b.n	56 <timers_demo_global_timer_demo+0x56>
	...
  c8:	0000001b 	.word	0x0000001b
	...
  d4:	0000003a 	.word	0x0000003a
  d8:	0000005b 	.word	0x0000005b
  dc:	00000110 	.word	0x00000110
  e0:	0000007a 	.word	0x0000007a

Disassembly of section .text.timers_demo_watch_dog_demo:

00000000 <timers_demo_watch_dog_demo>:
   0:	b537      	push	{r0, r1, r2, r4, r5, lr}
   2:	484e      	ldr	r0, [pc, #312]	; (13c <timers_demo_watch_dog_demo+0x13c>)
   4:	f7ff fffe 	bl	0 <puts>
   8:	484d      	ldr	r0, [pc, #308]	; (138 <puts+0x138>)
   a:	f7ff fffe 	bl	0 <puts>
   e:	484d      	ldr	r0, [pc, #308]	; (138 <puts+0x138>)
  10:	f7ff fffe 	bl	0 <puts>
  14:	2101      	movs	r1, #1
  16:	4608      	mov	r0, r1
  18:	f7ff fffe 	bl	0 <alt_wdog_response_mode_set>
  1c:	4604      	mov	r4, r0
  1e:	2800      	cmp	r0, #0
  20:	d16f      	bne.n	102 <timers_demo_watch_dog_demo+0x102>
  22:	4849      	ldr	r0, [pc, #292]	; (148 <timers_demo_watch_dog_demo+0x148>)
  24:	f7ff fffe 	bl	0 <puts>
  28:	4621      	mov	r1, r4
  2a:	2003      	movs	r0, #3
  2c:	f7ff fffe 	bl	0 <alt_wdog_counter_set>
  30:	4604      	mov	r4, r0
  32:	2800      	cmp	r0, #0
  34:	d165      	bne.n	102 <timers_demo_watch_dog_demo+0x102>
  36:	4845      	ldr	r0, [pc, #276]	; (14c <timers_demo_watch_dog_demo+0x14c>)
  38:	f7ff fffe 	bl	0 <puts>
  3c:	2101      	movs	r1, #1
  3e:	4608      	mov	r0, r1
  40:	f7ff fffe 	bl	0 <alt_wdog_counter_set>
  44:	4604      	mov	r4, r0
  46:	2800      	cmp	r0, #0
  48:	d15b      	bne.n	102 <timers_demo_watch_dog_demo+0x102>
  4a:	4602      	mov	r2, r0
  4c:	4940      	ldr	r1, [pc, #256]	; (150 <timers_demo_watch_dog_demo+0x150>)
  4e:	20cb      	movs	r0, #203	; 0xcb
  50:	f7ff fffe 	bl	0 <alt_int_isr_register>
  54:	4604      	mov	r4, r0
  56:	2800      	cmp	r0, #0
  58:	d153      	bne.n	102 <timers_demo_watch_dog_demo+0x102>
  5a:	483e      	ldr	r0, [pc, #248]	; (154 <timers_demo_watch_dog_demo+0x154>)
  5c:	f7ff fffe 	bl	0 <puts>
  60:	2001      	movs	r0, #1
  62:	f7ff fffe 	bl	0 <alt_wdog_start>
  66:	4604      	mov	r4, r0
  68:	2800      	cmp	r0, #0
  6a:	d14a      	bne.n	102 <timers_demo_watch_dog_demo+0x102>
  6c:	2001      	movs	r0, #1
  6e:	f7ff fffe 	bl	0 <alt_wdog_tmr_is_enabled>
  72:	2800      	cmp	r0, #0
  74:	d048      	beq.n	108 <timers_demo_watch_dog_demo+0x108>
  76:	4838      	ldr	r0, [pc, #224]	; (158 <timers_demo_watch_dog_demo+0x158>)
  78:	f7ff fffe 	bl	0 <puts>
  7c:	2001      	movs	r0, #1
  7e:	f7ff fffe 	bl	0 <alt_wdog_counter_get_inittime_millisecs>
  82:	4604      	mov	r4, r0
  84:	4835      	ldr	r0, [pc, #212]	; (15c <timers_demo_watch_dog_demo+0x15c>)
  86:	f7ff fffe 	bl	0 <puts>
  8a:	4620      	mov	r0, r4
  8c:	f7ff fffe 	bl	0 <putHexa32>
  90:	4833      	ldr	r0, [pc, #204]	; (d0 <puts+0xd0>)
  92:	f7ff fffe 	bl	0 <puts>
  96:	2001      	movs	r0, #1
  98:	f7ff fffe 	bl	0 <alt_wdog_counter_get_curtime_millisecs>
  9c:	4604      	mov	r4, r0
  9e:	4831      	ldr	r0, [pc, #196]	; (164 <timers_demo_watch_dog_demo+0x164>)
  a0:	f7ff fffe 	bl	0 <puts>
  a4:	4620      	mov	r0, r4
  a6:	f7ff fffe 	bl	0 <putHexa32>
  aa:	482d      	ldr	r0, [pc, #180]	; (b8 <puts+0xb8>)
  ac:	f7ff fffe 	bl	0 <puts>
  b0:	2301      	movs	r3, #1
  b2:	9301      	str	r3, [sp, #4]
  b4:	9b01      	ldr	r3, [sp, #4]
  b6:	2b7f      	cmp	r3, #127	; 0x7f
  b8:	dd28      	ble.n	10c <timers_demo_watch_dog_demo+0x10c>
  ba:	2001      	movs	r0, #1
  bc:	f7ff fffe 	bl	0 <alt_wdog_counter_get_current>
  c0:	4605      	mov	r5, r0
  c2:	4829      	ldr	r0, [pc, #164]	; (168 <timers_demo_watch_dog_demo+0x168>)
  c4:	f7ff fffe 	bl	0 <puts>
  c8:	4628      	mov	r0, r5
  ca:	f7ff fffe 	bl	0 <putHexa32>
  ce:	481b      	ldr	r0, [pc, #108]	; (70 <puts+0x70>)
  d0:	f7ff fffe 	bl	0 <puts>
  d4:	2001      	movs	r0, #1
  d6:	f7ff fffe 	bl	0 <alt_wdog_reset>
  da:	2001      	movs	r0, #1
  dc:	f7ff fffe 	bl	0 <alt_wdog_counter_get_current>
  e0:	4604      	mov	r4, r0
  e2:	4822      	ldr	r0, [pc, #136]	; (16c <timers_demo_watch_dog_demo+0x16c>)
  e4:	f7ff fffe 	bl	0 <puts>
  e8:	4620      	mov	r0, r4
  ea:	f7ff fffe 	bl	0 <putHexa32>
  ee:	4813      	ldr	r0, [pc, #76]	; (50 <puts+0x50>)
  f0:	f7ff fffe 	bl	0 <puts>
  f4:	42a5      	cmp	r5, r4
  f6:	d90c      	bls.n	112 <timers_demo_watch_dog_demo+0x112>
  f8:	f04f 34ff 	mov.w	r4, #4294967295	; 0xffffffff
  fc:	481c      	ldr	r0, [pc, #112]	; (74 <puts+0x74>)
  fe:	f7ff fffe 	bl	0 <puts>
 102:	4620      	mov	r0, r4
 104:	b003      	add	sp, #12
 106:	bd30      	pop	{r4, r5, pc}
 108:	481a      	ldr	r0, [pc, #104]	; (174 <timers_demo_watch_dog_demo+0x174>)
 10a:	e7b5      	b.n	78 <timers_demo_watch_dog_demo+0x78>
 10c:	9b01      	ldr	r3, [sp, #4]
 10e:	3301      	adds	r3, #1
 110:	e7cf      	b.n	b2 <timers_demo_watch_dog_demo+0xb2>
 112:	4819      	ldr	r0, [pc, #100]	; (178 <timers_demo_watch_dog_demo+0x178>)
 114:	f7ff fffe 	bl	0 <puts>
 118:	4818      	ldr	r0, [pc, #96]	; (64 <puts+0x64>)
 11a:	f7ff fffe 	bl	0 <puts>
 11e:	4a18      	ldr	r2, [pc, #96]	; (180 <timers_demo_watch_dog_demo+0x180>)
 120:	7813      	ldrb	r3, [r2, #0]
 122:	2b00      	cmp	r3, #0
 124:	d0fc      	beq.n	120 <timers_demo_watch_dog_demo+0x120>
 126:	4817      	ldr	r0, [pc, #92]	; (184 <timers_demo_watch_dog_demo+0x184>)
 128:	f7ff fffe 	bl	0 <puts>
 12c:	4816      	ldr	r0, [pc, #88]	; (5c <puts+0x5c>)
 12e:	f7ff fffe 	bl	0 <puts>
 132:	2001      	movs	r0, #1
 134:	f7ff fffe 	bl	0 <alt_wdog_stop>
 138:	4604      	mov	r4, r0
 13a:	e7e2      	b.n	102 <timers_demo_watch_dog_demo+0x102>
	...
 144:	0000001d 	.word	0x0000001d
 148:	00000059 	.word	0x00000059
 14c:	0000008e 	.word	0x0000008e
 150:	00000000 	.word	0x00000000
 154:	000000c1 	.word	0x000000c1
 158:	000000e4 	.word	0x000000e4
 15c:	0000021d 	.word	0x0000021d
 160:	0000023e 	.word	0x0000023e
 164:	0000024b 	.word	0x0000024b
 168:	00000132 	.word	0x00000132
 16c:	0000014c 	.word	0x0000014c
 170:	00000171 	.word	0x00000171
 174:	00000109 	.word	0x00000109
 178:	00000192 	.word	0x00000192
 17c:	000001ac 	.word	0x000001ac
 180:	00000000 	.word	0x00000000
 184:	000001d6 	.word	0x000001d6
 188:	000001fa 	.word	0x000001fa

Disassembly of section .text.timers_demo_system_uninit:

00000000 <timers_demo_system_uninit>:
   0:	b508      	push	{r3, lr}
   2:	480a      	ldr	r0, [pc, #40]	; (2c <timers_demo_system_uninit+0x2c>)
   4:	f7ff fffe 	bl	0 <puts>
   8:	4809      	ldr	r0, [pc, #36]	; (28 <puts+0x28>)
   a:	f7ff fffe 	bl	0 <puts>
   e:	f7ff fffe 	bl	0 <alt_int_cpu_uninit>
  12:	b948      	cbnz	r0, 16 <alt_int_global_uninit+0x16>
  14:	f7ff fffe 	bl	0 <alt_int_global_uninit>
  18:	b930      	cbnz	r0, 10 <alt_gpt_all_tmr_uninit+0x10>
  1a:	f7ff fffe 	bl	0 <alt_gpt_all_tmr_uninit>
  1e:	b918      	cbnz	r0, 28 <timers_demo_system_uninit+0x28>
  20:	e8bd 4008 	ldmia.w	sp!, {r3, lr}
  24:	f7ff bffe 	b.w	0 <alt_wdog_uninit>
  28:	bd08      	pop	{r3, pc}
  2a:	bf00      	nop
	...

Disassembly of section .text.timers_demo_main:

00000000 <timers_demo_main>:
   0:	b508      	push	{r3, lr}
   2:	f7ff fffe 	bl	0 <timers_demo_main>
   6:	bbd0      	cbnz	r0, 7e <timers_demo_main+0x7e>
   8:	481d      	ldr	r0, [pc, #116]	; (80 <timers_demo_main+0x80>)
   a:	f7ff fffe 	bl	0 <puts>
   e:	481d      	ldr	r0, [pc, #116]	; (78 <puts+0x78>)
  10:	f7ff fffe 	bl	0 <puts>
  14:	f7ff fffe 	bl	0 <alt_int_global_init>
  18:	bb88      	cbnz	r0, 66 <alt_int_cpu_init+0x66>
  1a:	f7ff fffe 	bl	0 <alt_int_cpu_init>
  1e:	bb70      	cbnz	r0, 7e <timers_demo_main+0x7e>
  20:	2103      	movs	r1, #3
  22:	201b      	movs	r0, #27
  24:	f7ff fffe 	bl	0 <alt_int_dist_trigger_set>
  28:	bb48      	cbnz	r0, 7e <timers_demo_main+0x7e>
  2a:	201b      	movs	r0, #27
  2c:	f7ff fffe 	bl	0 <alt_int_dist_enable>
  30:	bb28      	cbnz	r0, 7e <timers_demo_main+0x7e>
  32:	2101      	movs	r1, #1
  34:	20c8      	movs	r0, #200	; 0xc8
  36:	f7ff fffe 	bl	0 <alt_int_dist_target_set>
  3a:	bb00      	cbnz	r0, 7e <timers_demo_main+0x7e>
  3c:	2103      	movs	r1, #3
  3e:	20c8      	movs	r0, #200	; 0xc8
  40:	f7ff fffe 	bl	0 <alt_int_dist_trigger_set>
  44:	b9d8      	cbnz	r0, 7e <timers_demo_main+0x7e>
  46:	20c8      	movs	r0, #200	; 0xc8
  48:	f7ff fffe 	bl	0 <alt_int_dist_enable>
  4c:	b9b8      	cbnz	r0, 7e <timers_demo_main+0x7e>
  4e:	2101      	movs	r1, #1
  50:	20cb      	movs	r0, #203	; 0xcb
  52:	f7ff fffe 	bl	0 <alt_int_dist_target_set>
  56:	b990      	cbnz	r0, 7e <timers_demo_main+0x7e>
  58:	2103      	movs	r1, #3
  5a:	20cb      	movs	r0, #203	; 0xcb
  5c:	f7ff fffe 	bl	0 <alt_int_dist_trigger_set>
  60:	b968      	cbnz	r0, 7e <timers_demo_main+0x7e>
  62:	20cb      	movs	r0, #203	; 0xcb
  64:	f7ff fffe 	bl	0 <alt_int_dist_enable>
  68:	b948      	cbnz	r0, 16 <alt_int_cpu_enable+0x16>
  6a:	f7ff fffe 	bl	0 <alt_int_cpu_enable>
  6e:	b930      	cbnz	r0, 10 <alt_int_global_enable+0x10>
  70:	f7ff fffe 	bl	0 <alt_int_global_enable>
  74:	b918      	cbnz	r0, 7e <timers_demo_main+0x7e>
  76:	e8bd 4008 	ldmia.w	sp!, {r3, lr}
  7a:	f7ff bffe 	b.w	0 <timers_demo_main>
  7e:	bd08      	pop	{r3, pc}
	...
